(base) student@DBDA-R10:~$ ls
190243025020_MandlikMrunal   marks.csv
190243025020_Mrunal_Mandlik  ML.txt
afiedt.buf                   mongo-java-driver-3.11.0.jar
anaconda3                    Music
Assignment1_Mymovies.py      nltk_data
a.txt                        OperatorExample.class
badsectors.txt               oracle26march.lst
bigdata                      Oracle Assignments
big dataJ                    OracleLink.txt
BookData.txt                 oradiag_student
b.txt                        Pictures
class demos                  plot_zoom_png
class demos.zip              Practice.json
ClassificationModel.py       Public
contact.txt                  Python-lesson-1.pdf
dataset_retaurants.json      que4.sh
DataTree.java                R
Deepa_Project                Rplot.jpeg
Desktop                      s1
Documents                    s{12345}
Downloads                    s2
dumps                        s3
emp.json                     s4
examples.desktop             s5
Exam_Workspace               Samrudhi Borade 190243025006
file1                        Samrudhi Borade 190243025006.zip
file2                        setnamesdemo.py
Fileclass.txt                Softwares
GAMES.JSON                   sql
getquiz                      s.txt
hello.txt                    swarnil
hey.txt                      tables.json
hgasdvshvbj                  Templates
histogram.py                 testing.java
javaclasses                  untitled_1.ods
javaprogs                    Untitled%20DOCX%20文档.docx_1.odt
java revision                Untitled DOCX 文档.docx
java revision.zip            Untitled.ipynb
kafka_2.12-2.2.0             Videos
kiran                        VirtualBox VMs
Lab Assignments.pdf          WIN8.1_VM
list_rem_postion.py
(base) student@DBDA-R10:~$ cd kiran
(base) student@DBDA-R10:~/kiran$ ls
accountdetails.json  c prog             custdetails.json         emp11.json  games.json  java      Oracle Assignments
book.json            custdetails2.json  dataset_retaurants.json  emp.json    issue.json  mem.json
(base) student@DBDA-R10:~/kiran$ cd ..
(base) student@DBDA-R10:~$ ls
190243025020_MandlikMrunal   dumps                marks.csv                     s3
190243025020_Mrunal_Mandlik  emp.json             ML.txt                        s4
afiedt.buf                   examples.desktop     mongo-java-driver-3.11.0.jar  s5
anaconda3                    Exam_Workspace       Music                         Samrudhi Borade 190243025006
Assignment1_Mymovies.py      file1                nltk_data                     Samrudhi Borade 190243025006.zip
a.txt                        file2                OperatorExample.class         setnamesdemo.py
badsectors.txt               Fileclass.txt        oracle26march.lst             Softwares
bigdata                      GAMES.JSON           Oracle Assignments            sql
big dataJ                    getquiz              OracleLink.txt                s.txt
BookData.txt                 hello.txt            oradiag_student               swarnil
b.txt                        hey.txt              Pictures                      tables.json
class demos                  hgasdvshvbj          plot_zoom_png                 Templates
class demos.zip              histogram.py         Practice.json                 testing.java
ClassificationModel.py       javaclasses          Public                        untitled_1.ods
contact.txt                  javaprogs            Python-lesson-1.pdf           Untitled%20DOCX%20文档.docx_1.odt
dataset_retaurants.json      java revision        que4.sh                       Untitled DOCX 文档.docx
DataTree.java                java revision.zip    R                             Untitled.ipynb
Deepa_Project                kafka_2.12-2.2.0     Rplot.jpeg                    Videos
Desktop                      kiran                s1                            VirtualBox VMs
Documents                    Lab Assignments.pdf  s{12345}                      WIN8.1_VM
Downloads                    list_rem_postion.py  s2
(base) student@DBDA-R10:~$ pwd
/home/student
(base) student@DBDA-R10:~$ 
(base) student@DBDA-R10:~$ sar
The program 'sar' is currently not installed. You can install it by typing:
sudo apt install sysstat
(base) student@DBDA-R10:~$ cat /proc/cpuinfo
processor	: 0
vendor_id	: GenuineIntel
cpu family	: 6
model		: 58
model name	: Intel(R) Core(TM) i5-3470 CPU @ 3.20GHz
stepping	: 9
microcode	: 0x21
cpu MHz		: 1620.898
cache size	: 6144 KB
physical id	: 0
siblings	: 4
core id		: 0
cpu cores	: 4
apicid		: 0
initial apicid	: 0
fpu		: yes
fpu_exception	: yes
cpuid level	: 13
wp		: yes
flags		: fpu vme de pse tsc msr pae mce cx8 apic sep mtrr pge mca cmov pat pse36 clflush dts acpi mmx fxsr sse sse2 ss ht tm pbe syscall nx rdtscp lm constant_tsc arch_perfmon pebs bts rep_good nopl xtopology nonstop_tsc aperfmperf eagerfpu pni pclmulqdq dtes64 monitor ds_cpl vmx smx est tm2 ssse3 cx16 xtpr pdcm pcid sse4_1 sse4_2 x2apic popcnt tsc_deadline_timer aes xsave avx f16c rdrand lahf_lm epb tpr_shadow vnmi flexpriority ept vpid fsgsbase smep erms xsaveopt dtherm ida arat pln pts
bugs		:
bogomips	: 6385.25
clflush size	: 64
cache_alignment	: 64
address sizes	: 36 bits physical, 48 bits virtual
power management:

processor	: 1
vendor_id	: GenuineIntel
cpu family	: 6
model		: 58
model name	: Intel(R) Core(TM) i5-3470 CPU @ 3.20GHz
stepping	: 9
microcode	: 0x21
cpu MHz		: 1600.390
cache size	: 6144 KB
physical id	: 0
siblings	: 4
core id		: 1
cpu cores	: 4
apicid		: 2
initial apicid	: 2
fpu		: yes
fpu_exception	: yes
cpuid level	: 13
wp		: yes
flags		: fpu vme de pse tsc msr pae mce cx8 apic sep mtrr pge mca cmov pat pse36 clflush dts acpi mmx fxsr sse sse2 ss ht tm pbe syscall nx rdtscp lm constant_tsc arch_perfmon pebs bts rep_good nopl xtopology nonstop_tsc aperfmperf eagerfpu pni pclmulqdq dtes64 monitor ds_cpl vmx smx est tm2 ssse3 cx16 xtpr pdcm pcid sse4_1 sse4_2 x2apic popcnt tsc_deadline_timer aes xsave avx f16c rdrand lahf_lm epb tpr_shadow vnmi flexpriority ept vpid fsgsbase smep erms xsaveopt dtherm ida arat pln pts
bugs		:
bogomips	: 6385.25
clflush size	: 64
cache_alignment	: 64
address sizes	: 36 bits physical, 48 bits virtual
power management:

processor	: 2
vendor_id	: GenuineIntel
cpu family	: 6
model		: 58
model name	: Intel(R) Core(TM) i5-3470 CPU @ 3.20GHz
stepping	: 9
microcode	: 0x21
cpu MHz		: 1605.078
cache size	: 6144 KB
physical id	: 0
siblings	: 4
core id		: 2
cpu cores	: 4
apicid		: 4
initial apicid	: 4
fpu		: yes
fpu_exception	: yes
cpuid level	: 13
wp		: yes
flags		: fpu vme de pse tsc msr pae mce cx8 apic sep mtrr pge mca cmov pat pse36 clflush dts acpi mmx fxsr sse sse2 ss ht tm pbe syscall nx rdtscp lm constant_tsc arch_perfmon pebs bts rep_good nopl xtopology nonstop_tsc aperfmperf eagerfpu pni pclmulqdq dtes64 monitor ds_cpl vmx smx est tm2 ssse3 cx16 xtpr pdcm pcid sse4_1 sse4_2 x2apic popcnt tsc_deadline_timer aes xsave avx f16c rdrand lahf_lm epb tpr_shadow vnmi flexpriority ept vpid fsgsbase smep erms xsaveopt dtherm ida arat pln pts
bugs		:
bogomips	: 6385.25
clflush size	: 64
cache_alignment	: 64
address sizes	: 36 bits physical, 48 bits virtual
power management:

processor	: 3
vendor_id	: GenuineIntel
cpu family	: 6
model		: 58
model name	: Intel(R) Core(TM) i5-3470 CPU @ 3.20GHz
stepping	: 9
microcode	: 0x21
cpu MHz		: 1666.601
cache size	: 6144 KB
physical id	: 0
siblings	: 4
core id		: 3
cpu cores	: 4
apicid		: 6
initial apicid	: 6
fpu		: yes
fpu_exception	: yes
cpuid level	: 13
wp		: yes
flags		: fpu vme de pse tsc msr pae mce cx8 apic sep mtrr pge mca cmov pat pse36 clflush dts acpi mmx fxsr sse sse2 ss ht tm pbe syscall nx rdtscp lm constant_tsc arch_perfmon pebs bts rep_good nopl xtopology nonstop_tsc aperfmperf eagerfpu pni pclmulqdq dtes64 monitor ds_cpl vmx smx est tm2 ssse3 cx16 xtpr pdcm pcid sse4_1 sse4_2 x2apic popcnt tsc_deadline_timer aes xsave avx f16c rdrand lahf_lm epb tpr_shadow vnmi flexpriority ept vpid fsgsbase smep erms xsaveopt dtherm ida arat pln pts
bugs		:
bogomips	: 6385.25
clflush size	: 64
cache_alignment	: 64
address sizes	: 36 bits physical, 48 bits virtual
power management:

(base) student@DBDA-R10:~$ cat /proc/meminfo
MemTotal:        8058908 kB
MemFree:         5720996 kB
MemAvailable:    6804200 kB
Buffers:          310748 kB
Cached:           998000 kB
SwapCached:            0 kB
Active:          1478440 kB
Inactive:         567264 kB
Active(anon):     738040 kB
Inactive(anon):    97120 kB
Active(file):     740400 kB
Inactive(file):   470144 kB
Unevictable:          80 kB
Mlocked:              80 kB
SwapTotal:       8269820 kB
SwapFree:        8269820 kB
Dirty:                12 kB
Writeback:             0 kB
AnonPages:        706732 kB
Mapped:           314268 kB
Shmem:             98204 kB
Slab:             209564 kB
SReclaimable:     176396 kB
SUnreclaim:        33168 kB
KernelStack:        7648 kB
PageTables:        28856 kB
NFS_Unstable:          0 kB
Bounce:                0 kB
WritebackTmp:          0 kB
CommitLimit:    12299272 kB
Committed_AS:    4107428 kB
VmallocTotal:   34359738367 kB
VmallocUsed:           0 kB
VmallocChunk:          0 kB
HardwareCorrupted:     0 kB
AnonHugePages:    419840 kB
ShmemHugePages:        0 kB
ShmemPmdMapped:        0 kB
CmaTotal:              0 kB
CmaFree:               0 kB
HugePages_Total:       0
HugePages_Free:        0
HugePages_Rsvd:        0
HugePages_Surp:        0
Hugepagesize:       2048 kB
DirectMap4k:      136132 kB
DirectMap2M:     8136704 kB
(base) student@DBDA-R10:~$ cat/proc/meminfo
bash: cat/proc/meminfo: No such file or directory
(base) student@DBDA-R10:~$ cat /proc/meminfo
MemTotal:        8058908 kB
MemFree:         5715928 kB
MemAvailable:    6799136 kB
Buffers:          310748 kB
Cached:          1003708 kB
SwapCached:            0 kB
Active:          1478380 kB
Inactive:         572960 kB
Active(anon):     737976 kB
Inactive(anon):   102816 kB
Active(file):     740404 kB
Inactive(file):   470144 kB
Unevictable:          80 kB
Mlocked:              80 kB
SwapTotal:       8269820 kB
SwapFree:        8269820 kB
Dirty:                12 kB
Writeback:             0 kB
AnonPages:        706648 kB
Mapped:           314076 kB
Shmem:            103912 kB
Slab:             209660 kB
SReclaimable:     176396 kB
SUnreclaim:        33264 kB
KernelStack:        7632 kB
PageTables:        28804 kB
NFS_Unstable:          0 kB
Bounce:                0 kB
WritebackTmp:          0 kB
CommitLimit:    12299272 kB
Committed_AS:    4099256 kB
VmallocTotal:   34359738367 kB
VmallocUsed:           0 kB
VmallocChunk:          0 kB
HardwareCorrupted:     0 kB
AnonHugePages:    419840 kB
ShmemHugePages:        0 kB
ShmemPmdMapped:        0 kB
CmaTotal:              0 kB
CmaFree:               0 kB
HugePages_Total:       0
HugePages_Free:        0
HugePages_Rsvd:        0
HugePages_Surp:        0
Hugepagesize:       2048 kB
DirectMap4k:      136132 kB
DirectMap2M:     8136704 kB
(base) student@DBDA-R10:~$ free -m
              total        used        free      shared  buff/cache   available
Mem:           7870         799        5581         101        1488        6639
Swap:          8075           0        8075
(base) student@DBDA-R10:~$ ls --format single-column
190243025020_MandlikMrunal
190243025020_Mrunal_Mandlik
afiedt.buf
anaconda3
Assignment1_Mymovies.py
a.txt
badsectors.txt
bigdata
big dataJ
BookData.txt
b.txt
class demos
class demos.zip
ClassificationModel.py
contact.txt
dataset_retaurants.json
DataTree.java
Deepa_Project
Desktop
Documents
Downloads
dumps
emp.json
examples.desktop
Exam_Workspace
file1
file2
Fileclass.txt
GAMES.JSON
getquiz
hello.txt
hey.txt
hgasdvshvbj
histogram.py
javaclasses
javaprogs
java revision
java revision.zip
kafka_2.12-2.2.0
kiran
Lab Assignments.pdf
list_rem_postion.py
marks.csv
ML.txt
mongo-java-driver-3.11.0.jar
Music
nltk_data
OperatorExample.class
oracle26march.lst
Oracle Assignments
OracleLink.txt
oradiag_student
Pictures
plot_zoom_png
Practice.json
Public
Python-lesson-1.pdf
que4.sh
R
Rplot.jpeg
s1
s{12345}
s2
s3
s4
s5
Samrudhi Borade 190243025006
Samrudhi Borade 190243025006.zip
setnamesdemo.py
Softwares
sql
s.txt
swarnil
tables.json
Templates
testing.java
untitled_1.ods
Untitled%20DOCX%20文档.docx_1.odt
Untitled DOCX 文档.docx
Untitled.ipynb
Videos
VirtualBox VMs
WIN8.1_VM
(base) student@DBDA-R10:~$ ls --format double-column
ls: invalid argument ‘double-column’ for ‘--format’
Valid arguments are:
  - ‘verbose’, ‘long’
  - ‘commas’
  - ‘horizontal’, ‘across’
  - ‘vertical’
  - ‘single-column’
Try 'ls --help' for more information.
(base) student@DBDA-R10:~$ ls --format vertical-column
ls: invalid argument ‘vertical-column’ for ‘--format’
Valid arguments are:
  - ‘verbose’, ‘long’
  - ‘commas’
  - ‘horizontal’, ‘across’
  - ‘vertical’
  - ‘single-column’
Try 'ls --help' for more information.
(base) student@DBDA-R10:~$ ls --format comma
190243025020_MandlikMrunal, 190243025020_Mrunal_Mandlik, afiedt.buf, anaconda3, Assignment1_Mymovies.py, a.txt,
badsectors.txt, bigdata, big dataJ, BookData.txt, b.txt, class demos, class demos.zip, ClassificationModel.py,
contact.txt, dataset_retaurants.json, DataTree.java, Deepa_Project, Desktop, Documents, Downloads, dumps, emp.json,
examples.desktop, Exam_Workspace, file1, file2, Fileclass.txt, GAMES.JSON, getquiz, hello.txt, hey.txt, hgasdvshvbj,
histogram.py, javaclasses, javaprogs, java revision, java revision.zip, kafka_2.12-2.2.0, kiran, Lab Assignments.pdf,
list_rem_postion.py, marks.csv, ML.txt, mongo-java-driver-3.11.0.jar, Music, nltk_data, OperatorExample.class,
oracle26march.lst, Oracle Assignments, OracleLink.txt, oradiag_student, Pictures, plot_zoom_png, Practice.json, Public,
Python-lesson-1.pdf, que4.sh, R, Rplot.jpeg, s1, s{12345}, s2, s3, s4, s5, Samrudhi Borade 190243025006,
Samrudhi Borade 190243025006.zip, setnamesdemo.py, Softwares, sql, s.txt, swarnil, tables.json, Templates,
testing.java, untitled_1.ods, Untitled%20DOCX%20文档.docx_1.odt, Untitled DOCX 文档.docx, Untitled.ipynb, Videos,
VirtualBox VMs, WIN8.1_VM
(base) student@DBDA-R10:~$ ls --format comma
190243025020_MandlikMrunal, 190243025020_Mrunal_Mandlik, afiedt.buf, anaconda3, Assignment1_Mymovies.py, a.txt,
badsectors.txt, bigdata, big dataJ, BookData.txt, b.txt, class demos, class demos.zip, ClassificationModel.py,
contact.txt, dataset_retaurants.json, DataTree.java, Deepa_Project, Desktop, Documents, Downloads, dumps, emp.json,
examples.desktop, Exam_Workspace, file1, file2, Fileclass.txt, GAMES.JSON, getquiz, hello.txt, hey.txt, hgasdvshvbj,
histogram.py, javaclasses, javaprogs, java revision, java revision.zip, kafka_2.12-2.2.0, kiran, Lab Assignments.pdf,
list_rem_postion.py, marks.csv, ML.txt, mongo-java-driver-3.11.0.jar, Music, nltk_data, OperatorExample.class,
oracle26march.lst, Oracle Assignments, OracleLink.txt, oradiag_student, Pictures, plot_zoom_png, Practice.json, Public,
Python-lesson-1.pdf, que4.sh, R, Rplot.jpeg, s1, s{12345}, s2, s3, s4, s5, Samrudhi Borade 190243025006,
Samrudhi Borade 190243025006.zip, setnamesdemo.py, Softwares, sql, s.txt, swarnil, tables.json, Templates,
testing.java, untitled_1.ods, Untitled%20DOCX%20文档.docx_1.odt, Untitled DOCX 文档.docx, Untitled.ipynb, Videos,
VirtualBox VMs, WIN8.1_VM
(base) student@DBDA-R10:~$ ls -ltr
total 36588
-rw-rw-r--  1 student student   508828 Oct 10  2017 Python-lesson-1.pdf
-rw-rw-r--  1 student student    88467 Mar 22  2018 Lab Assignments.pdf
-rw-r--r--  1 student student     8980 Feb 14  2019 examples.desktop
drwxr-xr-x  2 student student     4096 Feb 14  2019 Public
drwxr-xr-x  6 student student     4096 Mar 10  2019 kafka_2.12-2.2.0
-rwxrwxrwx  1 student student       77 Mar 26  2019 afiedt.buf
-rw-rw-r--  1 student student    81920 Mar 26  2019 oracle26march.lst
drwxrwxr-x  3 student student     4096 Mar 27  2019 oradiag_student
-rw-rw-r--  1 student student        0 Mar 28  2019 badsectors.txt
-rw-rw-r--  1 student student        8 Mar 30  2019 OracleLink.txt
-rw-rw-r--  1 student student        0 Mar 30  2019 s.txt
-rw-rw-r--  1 student student        0 Mar 30  2019 s{12345}
-rw-rw-r--  1 student student        0 Mar 30  2019 s3
-rw-rw-r--  1 student student        0 Mar 30  2019 s2
-rw-rw-r--  1 student student        0 Mar 30  2019 s1
-rw-rw-r--  1 student student        0 Mar 30  2019 s5
-rw-rw-r--  1 student student        0 Mar 30  2019 s4
drwxrwxr-x  3 student student     4096 May  2 18:10 WIN8.1_VM
-rw-rw-r--  1 student student      118 May  4 09:41 que4.sh
-rw-rw-r--  1 student student       11 May  4 09:51 file2
-rw-rw-r--  1 student student       80 May  4 09:57 file1
drwxrwxr-x  5 student student     4096 May 11 08:28 big dataJ
-rw-rw-r--  1 student student      366 May 11 09:08 Fileclass.txt
-rw-r--r--  1 student student    10900 May 21 14:48 Untitled DOCX 文档.docx
drwxr-xr-x  2 student student     4096 May 21 14:48 Templates
-rw-rw-r--  1 student student      654 May 24 13:44 BookData.txt
drwxrwxr-x  5 student student     4096 May 25 11:17 sql
drwxrwxr-x  2 student student     4096 May 25 11:20 swarnil
drwxrwxr-x  4 student student     4096 May 25 13:16 java revision
-rw-rw-r--  1 student student 18018471 May 25 13:18 java revision.zip
-rw-rw-r--  1 student student     7718 May 29 17:48 plot_zoom_png
-rw-rw-r--  1 student student    22066 May 29 17:50 Rplot.jpeg
drwxrwxr-x  3 student student     4096 May 30 14:41 R
-rw-rw-r--  1 student student        0 May 30 15:08 190243025020_MandlikMrunal
-rw-rw-r--  1 student student     2522 May 30 16:21 190243025020_Mrunal_Mandlik
-rw-rw-r--  1 student student        0 May 31 15:29 histogram.py
-rw-rw-r--  1 student student      729 Jun  4 19:24 list_rem_postion.py
-rw-rw-r--  1 student student      532 Jun  4 19:53 setnamesdemo.py
-rw-------  1 student student    12429 Jun 10 10:06 untitled_1.ods
-rw-rw-r--  1 student student    23789 Jun 13 09:53 Assignment1_Mymovies.py
-rw-rw-r--  1 student student     2498 Jun 14 11:42 Untitled.ipynb
drwxrwxr-x 28 student student     4096 Jun 18 12:19 anaconda3
drwxrwxr-x 12 student student     4096 Jun 21 15:25 nltk_data
drwxrwxr-x  2 student student     4096 Jun 26 13:42 Samrudhi Borade 190243025006
-rw-rw-r--  1 student student     1980 Jun 26 13:55 Samrudhi Borade 190243025006.zip
drwxr-xr-x  3 student student     4096 Jun 26 14:32 Music
-rw-rw-r--  1 student student     2833 Jun 27 12:23 ClassificationModel.py
-rw-------  1 student student      268 Jul  4 13:59 hello.txt
-rw-rw-r--  1 student student      228 Jul  5 09:31 testing.java
-rw-rw-r--  1 student student      414 Jul  5 09:31 OperatorExample.class
-rw-rw-r--  1 student student        0 Jul  6 09:35 ML.txt
-rw-------  1 student student    35838 Jul 19 12:26 Untitled%20DOCX%20文档.docx_1.odt
-rw-------  1 student student  2301886 Aug 16 04:29 mongo-java-driver-3.11.0.jar
drwxrwxrwx  4 root    root        4096 Aug 22 15:08 Exam_Workspace
drwxrwxr-x  3 student student     4096 Aug 23 18:00 Deepa_Project
-rw-rw-r--  1 student student       20 Aug 28 15:34 b.txt
drwxrw-rw- 11 student student     4096 Sep 14 16:54 Documents
drwxrwxr-x  4 student student     4096 Sep 14 17:49 javaclasses
-rw-rw-r--  1 student student     1868 Sep 16 15:29 emp.json
-rw-rw-r--  1 student student     1743 Sep 17 16:43 tables.json
-rw-rw-r--  1 student student     1197 Sep 17 18:09 GAMES.JSON
-rw-rw-r--  1 student student  2031212 Sep 18 14:57 dataset_retaurants.json
-rw-rw-r--  1 student student       93 Sep 21 17:36 Practice.json
drwxrwxr-x  2 student student     4096 Sep 23 08:32 Oracle Assignments
drwxrwxr-x  5 student student     4096 Sep 23 11:10 kiran
drwxrwxr-x  3 student student     4096 Sep 23 18:12 class demos
drwxrwxr-x  6 student student     4096 Sep 25 15:38 javaprogs
-rw-rw-r--  1 student student      261 Sep 25 17:40 contact.txt
-rw-rw-r--  1 student student     3291 Sep 25 18:03 hgasdvshvbj
-rw-------  1 student student      263 Sep 26 18:58 marks.csv
drwxr-xr-x  6 student student     4096 Sep 28 08:54 Downloads
drwxrwxr-x  4 student student     4096 Sep 28 17:42 VirtualBox VMs
drwxrwxr-x  6 student student     4096 Sep 30 15:04 Softwares
-rw-------  1 student student      998 Sep 30 16:14 DataTree.java
-rw-rw-r--  1 student student 14046817 Sep 30 18:21 class demos.zip
-rw-rw-r--  1 student student      170 Oct  1 17:37 getquiz
drwxrwxr-x  2 student student     4096 Oct  3 19:50 dumps
drwxr-xr-x 10 student student     4096 Oct  4 18:58 Pictures
drwxr-xr-x  2 student student     4096 Oct  4 19:00 Videos
-rw-rw-r--  1 student student       26 Oct  5 18:00 hey.txt
-rw-rw-r--  1 student student       31 Oct  5 18:01 a.txt
drwxr-xr-x  6 student student     4096 Oct  6 08:35 Desktop
drwxrwxr-x  6 student student     4096 Oct  6 08:49 bigdata
(base) student@DBDA-R10:~$ man ls -ltr
No manual entry for -ltr
(base) student@DBDA-R10:~$ man ls -lt
No manual entry for -lt
(base) student@DBDA-R10:~$  ls -lt
total 36588
drwxrwxr-x  6 student student     4096 Oct  6 08:49 bigdata
drwxr-xr-x  6 student student     4096 Oct  6 08:35 Desktop
-rw-rw-r--  1 student student       31 Oct  5 18:01 a.txt
-rw-rw-r--  1 student student       26 Oct  5 18:00 hey.txt
drwxr-xr-x  2 student student     4096 Oct  4 19:00 Videos
drwxr-xr-x 10 student student     4096 Oct  4 18:58 Pictures
drwxrwxr-x  2 student student     4096 Oct  3 19:50 dumps
-rw-rw-r--  1 student student      170 Oct  1 17:37 getquiz
-rw-rw-r--  1 student student 14046817 Sep 30 18:21 class demos.zip
-rw-------  1 student student      998 Sep 30 16:14 DataTree.java
drwxrwxr-x  6 student student     4096 Sep 30 15:04 Softwares
drwxrwxr-x  4 student student     4096 Sep 28 17:42 VirtualBox VMs
drwxr-xr-x  6 student student     4096 Sep 28 08:54 Downloads
-rw-------  1 student student      263 Sep 26 18:58 marks.csv
-rw-rw-r--  1 student student     3291 Sep 25 18:03 hgasdvshvbj
-rw-rw-r--  1 student student      261 Sep 25 17:40 contact.txt
drwxrwxr-x  6 student student     4096 Sep 25 15:38 javaprogs
drwxrwxr-x  3 student student     4096 Sep 23 18:12 class demos
drwxrwxr-x  5 student student     4096 Sep 23 11:10 kiran
drwxrwxr-x  2 student student     4096 Sep 23 08:32 Oracle Assignments
-rw-rw-r--  1 student student       93 Sep 21 17:36 Practice.json
-rw-rw-r--  1 student student  2031212 Sep 18 14:57 dataset_retaurants.json
-rw-rw-r--  1 student student     1197 Sep 17 18:09 GAMES.JSON
-rw-rw-r--  1 student student     1743 Sep 17 16:43 tables.json
-rw-rw-r--  1 student student     1868 Sep 16 15:29 emp.json
drwxrwxr-x  4 student student     4096 Sep 14 17:49 javaclasses
drwxrw-rw- 11 student student     4096 Sep 14 16:54 Documents
-rw-rw-r--  1 student student       20 Aug 28 15:34 b.txt
drwxrwxr-x  3 student student     4096 Aug 23 18:00 Deepa_Project
drwxrwxrwx  4 root    root        4096 Aug 22 15:08 Exam_Workspace
-rw-------  1 student student  2301886 Aug 16 04:29 mongo-java-driver-3.11.0.jar
-rw-------  1 student student    35838 Jul 19 12:26 Untitled%20DOCX%20文档.docx_1.odt
-rw-rw-r--  1 student student        0 Jul  6 09:35 ML.txt
-rw-rw-r--  1 student student      414 Jul  5 09:31 OperatorExample.class
-rw-rw-r--  1 student student      228 Jul  5 09:31 testing.java
-rw-------  1 student student      268 Jul  4 13:59 hello.txt
-rw-rw-r--  1 student student     2833 Jun 27 12:23 ClassificationModel.py
drwxr-xr-x  3 student student     4096 Jun 26 14:32 Music
-rw-rw-r--  1 student student     1980 Jun 26 13:55 Samrudhi Borade 190243025006.zip
drwxrwxr-x  2 student student     4096 Jun 26 13:42 Samrudhi Borade 190243025006
drwxrwxr-x 12 student student     4096 Jun 21 15:25 nltk_data
drwxrwxr-x 28 student student     4096 Jun 18 12:19 anaconda3
-rw-rw-r--  1 student student     2498 Jun 14 11:42 Untitled.ipynb
-rw-rw-r--  1 student student    23789 Jun 13 09:53 Assignment1_Mymovies.py
-rw-------  1 student student    12429 Jun 10 10:06 untitled_1.ods
-rw-rw-r--  1 student student      532 Jun  4 19:53 setnamesdemo.py
-rw-rw-r--  1 student student      729 Jun  4 19:24 list_rem_postion.py
-rw-rw-r--  1 student student        0 May 31 15:29 histogram.py
-rw-rw-r--  1 student student     2522 May 30 16:21 190243025020_Mrunal_Mandlik
-rw-rw-r--  1 student student        0 May 30 15:08 190243025020_MandlikMrunal
drwxrwxr-x  3 student student     4096 May 30 14:41 R
-rw-rw-r--  1 student student    22066 May 29 17:50 Rplot.jpeg
-rw-rw-r--  1 student student     7718 May 29 17:48 plot_zoom_png
-rw-rw-r--  1 student student 18018471 May 25 13:18 java revision.zip
drwxrwxr-x  4 student student     4096 May 25 13:16 java revision
drwxrwxr-x  2 student student     4096 May 25 11:20 swarnil
drwxrwxr-x  5 student student     4096 May 25 11:17 sql
-rw-rw-r--  1 student student      654 May 24 13:44 BookData.txt
drwxr-xr-x  2 student student     4096 May 21 14:48 Templates
-rw-r--r--  1 student student    10900 May 21 14:48 Untitled DOCX 文档.docx
-rw-rw-r--  1 student student      366 May 11 09:08 Fileclass.txt
drwxrwxr-x  5 student student     4096 May 11 08:28 big dataJ
-rw-rw-r--  1 student student       80 May  4 09:57 file1
-rw-rw-r--  1 student student       11 May  4 09:51 file2
-rw-rw-r--  1 student student      118 May  4 09:41 que4.sh
drwxrwxr-x  3 student student     4096 May  2 18:10 WIN8.1_VM
-rw-rw-r--  1 student student        0 Mar 30  2019 s4
-rw-rw-r--  1 student student        0 Mar 30  2019 s5
-rw-rw-r--  1 student student        0 Mar 30  2019 s1
-rw-rw-r--  1 student student        0 Mar 30  2019 s2
-rw-rw-r--  1 student student        0 Mar 30  2019 s3
-rw-rw-r--  1 student student        0 Mar 30  2019 s{12345}
-rw-rw-r--  1 student student        0 Mar 30  2019 s.txt
-rw-rw-r--  1 student student        8 Mar 30  2019 OracleLink.txt
-rw-rw-r--  1 student student        0 Mar 28  2019 badsectors.txt
drwxrwxr-x  3 student student     4096 Mar 27  2019 oradiag_student
-rw-rw-r--  1 student student    81920 Mar 26  2019 oracle26march.lst
-rwxrwxrwx  1 student student       77 Mar 26  2019 afiedt.buf
drwxr-xr-x  6 student student     4096 Mar 10  2019 kafka_2.12-2.2.0
drwxr-xr-x  2 student student     4096 Feb 14  2019 Public
-rw-r--r--  1 student student     8980 Feb 14  2019 examples.desktop
-rw-rw-r--  1 student student    88467 Mar 22  2018 Lab Assignments.pdf
-rw-rw-r--  1 student student   508828 Oct 10  2017 Python-lesson-1.pdf
(base) student@DBDA-R10:~$ ls -s
total 36588
    0 190243025020_MandlikMrunal       4 GAMES.JSON                      500 Python-lesson-1.pdf
    4 190243025020_Mrunal_Mandlik      4 getquiz                           4 que4.sh
    4 afiedt.buf                       4 hello.txt                         4 R
    4 anaconda3                        4 hey.txt                          24 Rplot.jpeg
   24 Assignment1_Mymovies.py          4 hgasdvshvbj                       0 s1
    4 a.txt                            0 histogram.py                      0 s{12345}
    0 badsectors.txt                   4 javaclasses                       0 s2
    4 bigdata                          4 javaprogs                         0 s3
    4 big dataJ                        4 java revision                     0 s4
    4 BookData.txt                 17600 java revision.zip                 0 s5
    4 b.txt                            4 kafka_2.12-2.2.0                  4 Samrudhi Borade 190243025006
    4 class demos                      4 kiran                             4 Samrudhi Borade 190243025006.zip
13720 class demos.zip                 88 Lab Assignments.pdf               4 setnamesdemo.py
    4 ClassificationModel.py           4 list_rem_postion.py               4 Softwares
    4 contact.txt                      4 marks.csv                         4 sql
 1984 dataset_retaurants.json          0 ML.txt                            0 s.txt
    4 DataTree.java                 2248 mongo-java-driver-3.11.0.jar      4 swarnil
    4 Deepa_Project                    4 Music                             4 tables.json
    4 Desktop                          4 nltk_data                         4 Templates
    4 Documents                        4 OperatorExample.class             4 testing.java
    4 Downloads                       84 oracle26march.lst                16 untitled_1.ods
    4 dumps                            4 Oracle Assignments               36 Untitled%20DOCX%20文档.docx_1.odt
    4 emp.json                         4 OracleLink.txt                   12 Untitled DOCX 文档.docx
   12 examples.desktop                 4 oradiag_student                   4 Untitled.ipynb
    4 Exam_Workspace                   4 Pictures                          4 Videos
    4 file1                            8 plot_zoom_png                     4 VirtualBox VMs
    4 file2                            4 Practice.json                     4 WIN8.1_VM
    4 Fileclass.txt                    4 Public
(base) student@DBDA-R10:~$ man ls
(base) student@DBDA-R10:~$ ls --size
total 36588
    0 190243025020_MandlikMrunal       4 GAMES.JSON                      500 Python-lesson-1.pdf
    4 190243025020_Mrunal_Mandlik      4 getquiz                           4 que4.sh
    4 afiedt.buf                       4 hello.txt                         4 R
    4 anaconda3                        4 hey.txt                          24 Rplot.jpeg
   24 Assignment1_Mymovies.py          4 hgasdvshvbj                       0 s1
    4 a.txt                            0 histogram.py                      0 s{12345}
    0 badsectors.txt                   4 javaclasses                       0 s2
    4 bigdata                          4 javaprogs                         0 s3
    4 big dataJ                        4 java revision                     0 s4
    4 BookData.txt                 17600 java revision.zip                 0 s5
    4 b.txt                            4 kafka_2.12-2.2.0                  4 Samrudhi Borade 190243025006
    4 class demos                      4 kiran                             4 Samrudhi Borade 190243025006.zip
13720 class demos.zip                 88 Lab Assignments.pdf               4 setnamesdemo.py
    4 ClassificationModel.py           4 list_rem_postion.py               4 Softwares
    4 contact.txt                      4 marks.csv                         4 sql
 1984 dataset_retaurants.json          0 ML.txt                            0 s.txt
    4 DataTree.java                 2248 mongo-java-driver-3.11.0.jar      4 swarnil
    4 Deepa_Project                    4 Music                             4 tables.json
    4 Desktop                          4 nltk_data                         4 Templates
    4 Documents                        4 OperatorExample.class             4 testing.java
    4 Downloads                       84 oracle26march.lst                16 untitled_1.ods
    4 dumps                            4 Oracle Assignments               36 Untitled%20DOCX%20文档.docx_1.odt
    4 emp.json                         4 OracleLink.txt                   12 Untitled DOCX 文档.docx
   12 examples.desktop                 4 oradiag_student                   4 Untitled.ipynb
    4 Exam_Workspace                   4 Pictures                          4 Videos
    4 file1                            8 plot_zoom_png                     4 VirtualBox VMs
    4 file2                            4 Practice.json                     4 WIN8.1_VM
    4 Fileclass.txt                    4 Public
(base) student@DBDA-R10:~$ ls -lh
total 36M
-rw-rw-r--  1 student student    0 May 30 15:08 190243025020_MandlikMrunal
-rw-rw-r--  1 student student 2.5K May 30 16:21 190243025020_Mrunal_Mandlik
-rwxrwxrwx  1 student student   77 Mar 26  2019 afiedt.buf
drwxrwxr-x 28 student student 4.0K Jun 18 12:19 anaconda3
-rw-rw-r--  1 student student  24K Jun 13 09:53 Assignment1_Mymovies.py
-rw-rw-r--  1 student student   31 Oct  5 18:01 a.txt
-rw-rw-r--  1 student student    0 Mar 28  2019 badsectors.txt
drwxrwxr-x  6 student student 4.0K Oct  6 08:49 bigdata
drwxrwxr-x  5 student student 4.0K May 11 08:28 big dataJ
-rw-rw-r--  1 student student  654 May 24 13:44 BookData.txt
-rw-rw-r--  1 student student   20 Aug 28 15:34 b.txt
drwxrwxr-x  3 student student 4.0K Sep 23 18:12 class demos
-rw-rw-r--  1 student student  14M Sep 30 18:21 class demos.zip
-rw-rw-r--  1 student student 2.8K Jun 27 12:23 ClassificationModel.py
-rw-rw-r--  1 student student  261 Sep 25 17:40 contact.txt
-rw-rw-r--  1 student student 2.0M Sep 18 14:57 dataset_retaurants.json
-rw-------  1 student student  998 Sep 30 16:14 DataTree.java
drwxrwxr-x  3 student student 4.0K Aug 23 18:00 Deepa_Project
drwxr-xr-x  6 student student 4.0K Oct  6 08:35 Desktop
drwxrw-rw- 11 student student 4.0K Sep 14 16:54 Documents
drwxr-xr-x  6 student student 4.0K Sep 28 08:54 Downloads
drwxrwxr-x  2 student student 4.0K Oct  3 19:50 dumps
-rw-rw-r--  1 student student 1.9K Sep 16 15:29 emp.json
-rw-r--r--  1 student student 8.8K Feb 14  2019 examples.desktop
drwxrwxrwx  4 root    root    4.0K Aug 22 15:08 Exam_Workspace
-rw-rw-r--  1 student student   80 May  4 09:57 file1
-rw-rw-r--  1 student student   11 May  4 09:51 file2
-rw-rw-r--  1 student student  366 May 11 09:08 Fileclass.txt
-rw-rw-r--  1 student student 1.2K Sep 17 18:09 GAMES.JSON
-rw-rw-r--  1 student student  170 Oct  1 17:37 getquiz
-rw-------  1 student student  268 Jul  4 13:59 hello.txt
-rw-rw-r--  1 student student   26 Oct  5 18:00 hey.txt
-rw-rw-r--  1 student student 3.3K Sep 25 18:03 hgasdvshvbj
-rw-rw-r--  1 student student    0 May 31 15:29 histogram.py
drwxrwxr-x  4 student student 4.0K Sep 14 17:49 javaclasses
drwxrwxr-x  6 student student 4.0K Sep 25 15:38 javaprogs
drwxrwxr-x  4 student student 4.0K May 25 13:16 java revision
-rw-rw-r--  1 student student  18M May 25 13:18 java revision.zip
drwxr-xr-x  6 student student 4.0K Mar 10  2019 kafka_2.12-2.2.0
drwxrwxr-x  5 student student 4.0K Sep 23 11:10 kiran
-rw-rw-r--  1 student student  87K Mar 22  2018 Lab Assignments.pdf
-rw-rw-r--  1 student student  729 Jun  4 19:24 list_rem_postion.py
-rw-------  1 student student  263 Sep 26 18:58 marks.csv
-rw-rw-r--  1 student student    0 Jul  6 09:35 ML.txt
-rw-------  1 student student 2.2M Aug 16 04:29 mongo-java-driver-3.11.0.jar
drwxr-xr-x  3 student student 4.0K Jun 26 14:32 Music
drwxrwxr-x 12 student student 4.0K Jun 21 15:25 nltk_data
-rw-rw-r--  1 student student  414 Jul  5 09:31 OperatorExample.class
-rw-rw-r--  1 student student  80K Mar 26  2019 oracle26march.lst
drwxrwxr-x  2 student student 4.0K Sep 23 08:32 Oracle Assignments
-rw-rw-r--  1 student student    8 Mar 30  2019 OracleLink.txt
drwxrwxr-x  3 student student 4.0K Mar 27  2019 oradiag_student
drwxr-xr-x 10 student student 4.0K Oct  4 18:58 Pictures
-rw-rw-r--  1 student student 7.6K May 29 17:48 plot_zoom_png
-rw-rw-r--  1 student student   93 Sep 21 17:36 Practice.json
drwxr-xr-x  2 student student 4.0K Feb 14  2019 Public
-rw-rw-r--  1 student student 497K Oct 10  2017 Python-lesson-1.pdf
-rw-rw-r--  1 student student  118 May  4 09:41 que4.sh
drwxrwxr-x  3 student student 4.0K May 30 14:41 R
-rw-rw-r--  1 student student  22K May 29 17:50 Rplot.jpeg
-rw-rw-r--  1 student student    0 Mar 30  2019 s1
-rw-rw-r--  1 student student    0 Mar 30  2019 s{12345}
-rw-rw-r--  1 student student    0 Mar 30  2019 s2
-rw-rw-r--  1 student student    0 Mar 30  2019 s3
-rw-rw-r--  1 student student    0 Mar 30  2019 s4
-rw-rw-r--  1 student student    0 Mar 30  2019 s5
drwxrwxr-x  2 student student 4.0K Jun 26 13:42 Samrudhi Borade 190243025006
-rw-rw-r--  1 student student 2.0K Jun 26 13:55 Samrudhi Borade 190243025006.zip
-rw-rw-r--  1 student student  532 Jun  4 19:53 setnamesdemo.py
drwxrwxr-x  6 student student 4.0K Sep 30 15:04 Softwares
drwxrwxr-x  5 student student 4.0K May 25 11:17 sql
-rw-rw-r--  1 student student    0 Mar 30  2019 s.txt
drwxrwxr-x  2 student student 4.0K May 25 11:20 swarnil
-rw-rw-r--  1 student student 1.8K Sep 17 16:43 tables.json
drwxr-xr-x  2 student student 4.0K May 21 14:48 Templates
-rw-rw-r--  1 student student  228 Jul  5 09:31 testing.java
-rw-------  1 student student  13K Jun 10 10:06 untitled_1.ods
-rw-------  1 student student  35K Jul 19 12:26 Untitled%20DOCX%20文档.docx_1.odt
-rw-r--r--  1 student student  11K May 21 14:48 Untitled DOCX 文档.docx
-rw-rw-r--  1 student student 2.5K Jun 14 11:42 Untitled.ipynb
drwxr-xr-x  2 student student 4.0K Oct  4 19:00 Videos
drwxrwxr-x  4 student student 4.0K Sep 28 17:42 VirtualBox VMs
drwxrwxr-x  3 student student 4.0K May  2 18:10 WIN8.1_VM
(base) student@DBDA-R10:~$ ls -s bigdata
total 16
4 c  4 cpp  4 java  4 pilab
(base) student@DBDA-R10:~$ ls -sh bigdata
total 16K
4.0K c  4.0K cpp  4.0K java  4.0K pilab
(base) student@DBDA-R10:~$ man ls
(base) student@DBDA-R10:~$ ls -S
java revision.zip                  kiran                             OperatorExample.class
class demos.zip                    Music                             Fileclass.txt
mongo-java-driver-3.11.0.jar       nltk_data                         hello.txt
dataset_retaurants.json            Oracle Assignments                marks.csv
Python-lesson-1.pdf                oradiag_student                   contact.txt
Lab Assignments.pdf                Pictures                          testing.java
oracle26march.lst                  Public                            getquiz
Untitled%20DOCX%20文档.docx_1.odt  R                                 que4.sh
Assignment1_Mymovies.py            Samrudhi Borade 190243025006      Practice.json
Rplot.jpeg                         Softwares                         file1
untitled_1.ods                     sql                               afiedt.buf
Untitled DOCX 文档.docx            swarnil                           a.txt
examples.desktop                   Templates                         hey.txt
plot_zoom_png                      Videos                            b.txt
anaconda3                          VirtualBox VMs                    file2
bigdata                            WIN8.1_VM                         OracleLink.txt
big dataJ                          hgasdvshvbj                       190243025020_MandlikMrunal
class demos                        ClassificationModel.py            badsectors.txt
Deepa_Project                      190243025020_Mrunal_Mandlik       histogram.py
Desktop                            Untitled.ipynb                    ML.txt
Documents                          Samrudhi Borade 190243025006.zip  s1
Downloads                          emp.json                          s{12345}
dumps                              tables.json                       s2
Exam_Workspace                     GAMES.JSON                        s3
javaclasses                        DataTree.java                     s4
javaprogs                          list_rem_postion.py               s5
java revision                      BookData.txt                      s.txt
kafka_2.12-2.2.0                   setnamesdemo.py
(base) student@DBDA-R10:~$ ls -Sr
s.txt                       BookData.txt                      java revision
s5                          list_rem_postion.py               javaprogs
s4                          DataTree.java                     javaclasses
s3                          GAMES.JSON                        Exam_Workspace
s2                          tables.json                       dumps
s{12345}                    emp.json                          Downloads
s1                          Samrudhi Borade 190243025006.zip  Documents
ML.txt                      Untitled.ipynb                    Desktop
histogram.py                190243025020_Mrunal_Mandlik       Deepa_Project
badsectors.txt              ClassificationModel.py            class demos
190243025020_MandlikMrunal  hgasdvshvbj                       big dataJ
OracleLink.txt              WIN8.1_VM                         bigdata
file2                       VirtualBox VMs                    anaconda3
b.txt                       Videos                            plot_zoom_png
hey.txt                     Templates                         examples.desktop
a.txt                       swarnil                           Untitled DOCX 文档.docx
afiedt.buf                  sql                               untitled_1.ods
file1                       Softwares                         Rplot.jpeg
Practice.json               Samrudhi Borade 190243025006      Assignment1_Mymovies.py
que4.sh                     R                                 Untitled%20DOCX%20文档.docx_1.odt
getquiz                     Public                            oracle26march.lst
testing.java                Pictures                          Lab Assignments.pdf
contact.txt                 oradiag_student                   Python-lesson-1.pdf
marks.csv                   Oracle Assignments                dataset_retaurants.json
hello.txt                   nltk_data                         mongo-java-driver-3.11.0.jar
Fileclass.txt               Music                             class demos.zip
OperatorExample.class       kiran                             java revision.zip
setnamesdemo.py             kafka_2.12-2.2.0
(base) student@DBDA-R10:~$ find /home/student/Desktop/bigdata -name "*.txt"
find: ‘/home/student/Desktop/bigdata’: No such file or directory
(base) student@DBDA-R10:~$ find /home/student/Desktop/ -name "*.txt"
/home/student/Desktop/hello.txt
/home/student/Desktop/2.txt
/home/student/Desktop/1.txt
/home/student/Desktop/xyz.txt
/home/student/Desktop/xyz1.txt
/home/student/Desktop/DESKTOP/DesktopFiles/OracleLink.txt
/home/student/Desktop/DESKTOP/DesktopFiles/AccountDetails.txt
/home/student/Desktop/DESKTOP/DesktopFiles/Big data/Start-upFunding.txt
/home/student/Desktop/DESKTOP/DesktopFiles/Big data/GoogleData.txt
/home/student/Desktop/DESKTOP/DesktopFiles/KafkaTest.txt
/home/student/Desktop/DESKTOP/DesktopFiles/mongodb/PlayData.txt
/home/student/Desktop/DESKTOP/DesktopFiles/mongodb/Movies.txt
/home/student/Desktop/DESKTOP/DesktopFiles/mongodb/SongsData.txt
/home/student/Desktop/DESKTOP/DesktopFiles/mongodb/BookData.txt
/home/student/Desktop/DESKTOP/DesktopFiles/sparktest.txt
/home/student/Desktop/DESKTOP/DesktopFiles/For_Ashish/JAVA_exam/yahoo.txt
/home/student/Desktop/DESKTOP/DesktopFiles/For_Ashish/JAVA_exam/.metadata/.plugins/org.eclipse.jdt.core/savedIndexNames.txt
/home/student/Desktop/DESKTOP/DesktopFiles/For_Ashish/JAVA_exam/.metadata/.plugins/org.eclipse.jdt.core/javaLikeNames.txt
/home/student/Desktop/DESKTOP/DesktopFiles/For_Ashish/JAVA_exam/gmail.txt
/home/student/Desktop/DESKTOP/DesktopFiles/ques.txt
/home/student/Desktop/DESKTOP/DesktopFiles/sql assign/assignment2.txt
/home/student/Desktop/DESKTOP/DesktopFiles/sql assign/sql/sql/fwdshell/l.txt
/home/student/Desktop/DESKTOP/DesktopFiles/sql assign/sql/sql/fwdshell/b.txt
/home/student/Desktop/DESKTOP/DesktopFiles/sql assign/sql/sql/shell/linux.txt
/home/student/Desktop/DESKTOP/DesktopFiles/sql assign/sql/sql/basic commands.txt
/home/student/Desktop/DESKTOP/DesktopFiles/sql assign/sql/aa/for picture/java.txt
/home/student/Desktop/DESKTOP/DesktopFiles/Excercises n datasets/cluster.txt
/home/student/Desktop/DESKTOP/DesktopFiles/Ashish/Hadoop/Hive_QueriesDay1.txt
/home/student/Desktop/DESKTOP/DesktopFiles/Ashish/Hadoop/dataset/youtubedata.txt
/home/student/Desktop/DESKTOP/DesktopFiles/Ashish/Hadoop/software_extract/spark-2.3.3-bin-hadoop2.7/data/graphx/followers.txt
/home/student/Desktop/DESKTOP/DesktopFiles/Ashish/Hadoop/software_extract/spark-2.3.3-bin-hadoop2.7/data/graphx/users.txt
/home/student/Desktop/DESKTOP/DesktopFiles/Ashish/Hadoop/software_extract/spark-2.3.3-bin-hadoop2.7/data/streaming/AFINN-111.txt
/home/student/Desktop/DESKTOP/DesktopFiles/Ashish/Hadoop/software_extract/spark-2.3.3-bin-hadoop2.7/data/mllib/sample_svm_data.txt
/home/student/Desktop/DESKTOP/DesktopFiles/Ashish/Hadoop/software_extract/spark-2.3.3-bin-hadoop2.7/data/mllib/kmeans_data.txt
/home/student/Desktop/DESKTOP/DesktopFiles/Ashish/Hadoop/software_extract/spark-2.3.3-bin-hadoop2.7/data/mllib/pagerank_data.txt
/home/student/Desktop/DESKTOP/DesktopFiles/Ashish/Hadoop/software_extract/spark-2.3.3-bin-hadoop2.7/data/mllib/streaming_kmeans_data_test.txt
/home/student/Desktop/DESKTOP/DesktopFiles/Ashish/Hadoop/software_extract/spark-2.3.3-bin-hadoop2.7/data/mllib/sample_kmeans_data.txt
/home/student/Desktop/DESKTOP/DesktopFiles/Ashish/Hadoop/software_extract/spark-2.3.3-bin-hadoop2.7/data/mllib/sample_lda_data.txt
/home/student/Desktop/DESKTOP/DesktopFiles/Ashish/Hadoop/software_extract/spark-2.3.3-bin-hadoop2.7/data/mllib/sample_libsvm_data.txt
/home/student/Desktop/DESKTOP/DesktopFiles/Ashish/Hadoop/software_extract/spark-2.3.3-bin-hadoop2.7/data/mllib/sample_binary_classification_data.txt
/home/student/Desktop/DESKTOP/DesktopFiles/Ashish/Hadoop/software_extract/spark-2.3.3-bin-hadoop2.7/data/mllib/gmm_data.txt
/home/student/Desktop/DESKTOP/DesktopFiles/Ashish/Hadoop/software_extract/spark-2.3.3-bin-hadoop2.7/data/mllib/sample_isotonic_regression_libsvm_data.txt
/home/student/Desktop/DESKTOP/DesktopFiles/Ashish/Hadoop/software_extract/spark-2.3.3-bin-hadoop2.7/data/mllib/sample_linear_regression_data.txt
/home/student/Desktop/DESKTOP/DesktopFiles/Ashish/Hadoop/software_extract/spark-2.3.3-bin-hadoop2.7/data/mllib/sample_multiclass_classification_data.txt
/home/student/Desktop/DESKTOP/DesktopFiles/Ashish/Hadoop/software_extract/spark-2.3.3-bin-hadoop2.7/data/mllib/iris_libsvm.txt
/home/student/Desktop/DESKTOP/DesktopFiles/Ashish/Hadoop/software_extract/spark-2.3.3-bin-hadoop2.7/data/mllib/sample_movielens_data.txt
/home/student/Desktop/DESKTOP/DesktopFiles/Ashish/Hadoop/software_extract/spark-2.3.3-bin-hadoop2.7/data/mllib/images/license.txt
/home/student/Desktop/DESKTOP/DesktopFiles/Ashish/Hadoop/software_extract/spark-2.3.3-bin-hadoop2.7/data/mllib/images/kittens/not-image.txt
/home/student/Desktop/DESKTOP/DesktopFiles/Ashish/Hadoop/software_extract/spark-2.3.3-bin-hadoop2.7/data/mllib/pic_data.txt
/home/student/Desktop/DESKTOP/DesktopFiles/Ashish/Hadoop/software_extract/spark-2.3.3-bin-hadoop2.7/data/mllib/sample_lda_libsvm_data.txt
/home/student/Desktop/DESKTOP/DesktopFiles/Ashish/Hadoop/software_extract/spark-2.3.3-bin-hadoop2.7/data/mllib/sample_fpgrowth.txt
/home/student/Desktop/DESKTOP/DesktopFiles/Ashish/Hadoop/software_extract/spark-2.3.3-bin-hadoop2.7/data/mllib/als/sample_movielens_ratings.txt
/home/student/Desktop/DESKTOP/DesktopFiles/Ashish/Hadoop/software_extract/spark-2.3.3-bin-hadoop2.7/python/lib/PY4J_LICENSE.txt
/home/student/Desktop/DESKTOP/DesktopFiles/Ashish/Hadoop/software_extract/spark-2.3.3-bin-hadoop2.7/python/test_support/hello/hello.txt
/home/student/Desktop/DESKTOP/DesktopFiles/Ashish/Hadoop/software_extract/spark-2.3.3-bin-hadoop2.7/python/test_support/hello/sub_hello/sub_hello.txt
/home/student/Desktop/DESKTOP/DesktopFiles/Ashish/Hadoop/software_extract/spark-2.3.3-bin-hadoop2.7/python/test_support/sql/text-test.txt
/home/student/Desktop/DESKTOP/DesktopFiles/Ashish/Hadoop/software_extract/spark-2.3.3-bin-hadoop2.7/python/test_support/sql/streaming/text-test.txt
/home/student/Desktop/DESKTOP/DesktopFiles/Ashish/Hadoop/software_extract/spark-2.3.3-bin-hadoop2.7/python/pyspark.egg-info/SOURCES.txt
/home/student/Desktop/DESKTOP/DesktopFiles/Ashish/Hadoop/software_extract/spark-2.3.3-bin-hadoop2.7/python/pyspark.egg-info/top_level.txt
/home/student/Desktop/DESKTOP/DesktopFiles/Ashish/Hadoop/software_extract/spark-2.3.3-bin-hadoop2.7/python/pyspark.egg-info/requires.txt
/home/student/Desktop/DESKTOP/DesktopFiles/Ashish/Hadoop/software_extract/spark-2.3.3-bin-hadoop2.7/python/pyspark.egg-info/dependency_links.txt
/home/student/Desktop/DESKTOP/DesktopFiles/Ashish/Hadoop/software_extract/spark-2.3.3-bin-hadoop2.7/licenses/LICENSE-paranamer.txt
/home/student/Desktop/DESKTOP/DesktopFiles/Ashish/Hadoop/software_extract/spark-2.3.3-bin-hadoop2.7/licenses/LICENSE-slf4j.txt
/home/student/Desktop/DESKTOP/DesktopFiles/Ashish/Hadoop/software_extract/spark-2.3.3-bin-hadoop2.7/licenses/LICENSE-netlib.txt
/home/student/Desktop/DESKTOP/DesktopFiles/Ashish/Hadoop/software_extract/spark-2.3.3-bin-hadoop2.7/licenses/LICENSE-postgresql.txt
/home/student/Desktop/DESKTOP/DesktopFiles/Ashish/Hadoop/software_extract/spark-2.3.3-bin-hadoop2.7/licenses/LICENSE-minlog.txt
/home/student/Desktop/DESKTOP/DesktopFiles/Ashish/Hadoop/software_extract/spark-2.3.3-bin-hadoop2.7/licenses/LICENSE-DPark.txt
/home/student/Desktop/DESKTOP/DesktopFiles/Ashish/Hadoop/software_extract/spark-2.3.3-bin-hadoop2.7/licenses/LICENSE-reflectasm.txt
/home/student/Desktop/DESKTOP/DesktopFiles/Ashish/Hadoop/software_extract/spark-2.3.3-bin-hadoop2.7/licenses/LICENSE-scalacheck.txt
/home/student/Desktop/DESKTOP/DesktopFiles/Ashish/Hadoop/software_extract/spark-2.3.3-bin-hadoop2.7/licenses/LICENSE-antlr.txt
/home/student/Desktop/DESKTOP/DesktopFiles/Ashish/Hadoop/software_extract/spark-2.3.3-bin-hadoop2.7/licenses/LICENSE-junit-interface.txt
/home/student/Desktop/DESKTOP/DesktopFiles/Ashish/Hadoop/software_extract/spark-2.3.3-bin-hadoop2.7/licenses/LICENSE-zstd.txt
/home/student/Desktop/DESKTOP/DesktopFiles/Ashish/Hadoop/software_extract/spark-2.3.3-bin-hadoop2.7/licenses/LICENSE-zstd-jni.txt
/home/student/Desktop/DESKTOP/DesktopFiles/Ashish/Hadoop/software_extract/spark-2.3.3-bin-hadoop2.7/licenses/LICENSE-jquery.txt
/home/student/Desktop/DESKTOP/DesktopFiles/Ashish/Hadoop/software_extract/spark-2.3.3-bin-hadoop2.7/licenses/LICENSE-modernizr.txt
/home/student/Desktop/DESKTOP/DesktopFiles/Ashish/Hadoop/software_extract/spark-2.3.3-bin-hadoop2.7/licenses/LICENSE-cloudpickle.txt
/home/student/Desktop/DESKTOP/DesktopFiles/Ashish/Hadoop/software_extract/spark-2.3.3-bin-hadoop2.7/licenses/LICENSE-kryo.txt
/home/student/Desktop/DESKTOP/DesktopFiles/Ashish/Hadoop/software_extract/spark-2.3.3-bin-hadoop2.7/licenses/LICENSE-sorttable.js.txt
/home/student/Desktop/DESKTOP/DesktopFiles/Ashish/Hadoop/software_extract/spark-2.3.3-bin-hadoop2.7/licenses/LICENSE-javolution.txt
/home/student/Desktop/DESKTOP/DesktopFiles/Ashish/Hadoop/software_extract/spark-2.3.3-bin-hadoop2.7/licenses/LICENSE-SnapTree.txt
/home/student/Desktop/DESKTOP/DesktopFiles/Ashish/Hadoop/software_extract/spark-2.3.3-bin-hadoop2.7/licenses/LICENSE-spire.txt
/home/student/Desktop/DESKTOP/DesktopFiles/Ashish/Hadoop/software_extract/spark-2.3.3-bin-hadoop2.7/licenses/LICENSE-AnchorJS.txt
/home/student/Desktop/DESKTOP/DesktopFiles/Ashish/Hadoop/software_extract/spark-2.3.3-bin-hadoop2.7/licenses/LICENSE-protobuf.txt
/home/student/Desktop/DESKTOP/DesktopFiles/Ashish/Hadoop/software_extract/spark-2.3.3-bin-hadoop2.7/licenses/LICENSE-Mockito.txt
/home/student/Desktop/DESKTOP/DesktopFiles/Ashish/Hadoop/software_extract/spark-2.3.3-bin-hadoop2.7/licenses/LICENSE-pyrolite.txt
/home/student/Desktop/DESKTOP/DesktopFiles/Ashish/Hadoop/software_extract/spark-2.3.3-bin-hadoop2.7/licenses/LICENSE-xmlenc.txt
/home/student/Desktop/DESKTOP/DesktopFiles/Ashish/Hadoop/software_extract/spark-2.3.3-bin-hadoop2.7/licenses/LICENSE-py4j.txt
/home/student/Desktop/DESKTOP/DesktopFiles/Ashish/Hadoop/software_extract/spark-2.3.3-bin-hadoop2.7/licenses/LICENSE-graphlib-dot.txt
/home/student/Desktop/DESKTOP/DesktopFiles/Ashish/Hadoop/software_extract/spark-2.3.3-bin-hadoop2.7/licenses/LICENSE-sbt-launch-lib.txt
/home/student/Desktop/DESKTOP/DesktopFiles/Ashish/Hadoop/software_extract/spark-2.3.3-bin-hadoop2.7/licenses/LICENSE-heapq.txt
/home/student/Desktop/DESKTOP/DesktopFiles/Ashish/Hadoop/software_extract/spark-2.3.3-bin-hadoop2.7/licenses/LICENSE-scopt.txt
/home/student/Desktop/DESKTOP/DesktopFiles/Ashish/Hadoop/software_extract/spark-2.3.3-bin-hadoop2.7/licenses/LICENSE-jpmml-model.txt
/home/student/Desktop/DESKTOP/DesktopFiles/Ashish/Hadoop/software_extract/spark-2.3.3-bin-hadoop2.7/licenses/LICENSE-jbcrypt.txt
/home/student/Desktop/DESKTOP/DesktopFiles/Ashish/Hadoop/software_extract/spark-2.3.3-bin-hadoop2.7/licenses/LICENSE-dagre-d3.txt
/home/student/Desktop/DESKTOP/DesktopFiles/Ashish/Hadoop/software_extract/spark-2.3.3-bin-hadoop2.7/licenses/LICENSE-scala.txt
/home/student/Desktop/DESKTOP/DesktopFiles/Ashish/Hadoop/software_extract/spark-2.3.3-bin-hadoop2.7/licenses/LICENSE-f2j.txt
/home/student/Desktop/DESKTOP/DesktopFiles/Ashish/Hadoop/software_extract/spark-2.3.3-bin-hadoop2.7/licenses/LICENSE-d3.min.js.txt
/home/student/Desktop/DESKTOP/DesktopFiles/Ashish/Hadoop/software_extract/spark-2.3.3-bin-hadoop2.7/licenses/LICENSE-jline.txt
/home/student/Desktop/DESKTOP/DesktopFiles/Ashish/Hadoop/software_extract/spark-2.3.3-bin-hadoop2.7/licenses/LICENSE-boto.txt
/home/student/Desktop/DESKTOP/DesktopFiles/Ashish/Hadoop/software_extract/spark-2.3.3-bin-hadoop2.7/examples/src/main/resources/people.txt
/home/student/Desktop/DESKTOP/DesktopFiles/Ashish/Hadoop/software_extract/spark-2.3.3-bin-hadoop2.7/examples/src/main/resources/kv1.txt
/home/student/Desktop/DESKTOP/DesktopFiles/Ashish/Hadoop/software_extract/hbase-1.2.6/LICENSE.txt
/home/student/Desktop/DESKTOP/DesktopFiles/Ashish/Hadoop/software_extract/hbase-1.2.6/NOTICE.txt
/home/student/Desktop/DESKTOP/DesktopFiles/Ashish/Hadoop/software_extract/hbase-1.2.6/README.txt
/home/student/Desktop/DESKTOP/DesktopFiles/Ashish/Hadoop/software_extract/hbase-1.2.6/CHANGES.txt
/home/student/Desktop/DESKTOP/DesktopFiles/Ashish/StatisticswithR/1. R Basics/AnswerEx 1.txt
/home/student/Desktop/DESKTOP/DesktopFiles/Ashish/StatisticswithR/Old_data/Statistics with R_/lotus/TitanicData.txt
/home/student/Desktop/DESKTOP/DesktopFiles/Ashish/StatisticswithR/Old_data/Statistics with R_/lotus/Spark/spark_scala-command_olympic.txt
/home/student/Desktop/DESKTOP/DesktopFiles/Ashish/StatisticswithR/Old_data/Statistics with R_/lotus/Spark/Titanic_Pmb2.txt
/home/student/Desktop/DESKTOP/DesktopFiles/Ashish/StatisticswithR/Old_data/Statistics with R_/lotus/Spark/Titanic_Pmb1.txt
/home/student/Desktop/DESKTOP/DesktopFiles/Ashish/StatisticswithR/Old_data/Statistics with R_/Datasets/members.txt
/home/student/Desktop/DESKTOP/DesktopFiles/Ashish/StatisticswithR/Old_data/Statistics with R_/Datasets/trail.txt
/home/student/Desktop/DESKTOP/DesktopFiles/Ashish/StatisticswithR/Old_data/Statistics with R_/Datasets/Pen.txt
/home/student/Desktop/DESKTOP/DesktopFiles/Ashish/StatisticswithR/Datasets/class.txt
/home/student/Desktop/DESKTOP/DesktopFiles/Ashish/StatisticswithR/Datasets/bkhouse.txt
/home/student/Desktop/DESKTOP/DesktopFiles/Ashish/StatisticswithR/Datasets/CarAge.txt
/home/student/Desktop/DESKTOP/DesktopFiles/Ashish/StatisticswithR/Datasets/members.txt
/home/student/Desktop/DESKTOP/DesktopFiles/Ashish/StatisticswithR/Datasets/house.txt
/home/student/Desktop/DESKTOP/DesktopFiles/Ashish/StatisticswithR/Datasets/Pressure.txt
/home/student/Desktop/DESKTOP/DesktopFiles/Ashish/StatisticswithR/Datasets/Highway.txt
/home/student/Desktop/DESKTOP/DesktopFiles/Ashish/StatisticswithR/Datasets/CellPhones.txt
/home/student/Desktop/DESKTOP/DesktopFiles/Ashish/StatisticswithR/Datasets/Pen.txt
/home/student/Desktop/DESKTOP/DesktopFiles/Ashish/Test/Java/190243025015_AshishKadbe_mock/.metadata/.plugins/org.eclipse.jdt.core/savedIndexNames.txt
/home/student/Desktop/DESKTOP/DesktopFiles/Ashish/Test/Java/190243025015_AshishKadbe_mock/.metadata/.plugins/org.eclipse.jdt.core/javaLikeNames.txt
/home/student/Desktop/DESKTOP/DesktopFiles/Ashish/Test/Java/190243025015_AshishKadbe_mock/Calculator.txt
/home/student/Desktop/DESKTOP/DesktopFiles/Ashish/Test/BigData/190243025015_Ashish/.metadata/.plugins/org.eclipse.jdt.core/savedIndexNames.txt
/home/student/Desktop/DESKTOP/DesktopFiles/Ashish/Test/BigData/190243025015_Ashish/.metadata/.plugins/org.eclipse.jdt.core/javaLikeNames.txt
/home/student/Desktop/DESKTOP/DesktopFiles/Ashish/Test/Linux/190243025015_Ashish/executiables/a.txt
/home/student/Desktop/DESKTOP/DesktopFiles/Ashish/Python/dataset/day13/Day13/python-time-func-1.txt
/home/student/Desktop/DESKTOP/DesktopFiles/Ashish/Python/dataset/day13/Day13/simple-exponential-smoothing-10.txt
/home/student/Desktop/DESKTOP/DesktopFiles/Ashish/Python/dataset/day13/Day13/multiple-line-8.txt
/home/student/Desktop/DESKTOP/DesktopFiles/Ashish/Python/dataset/day13/Day13/holtwinter_forcasting using smoothening12.txt
/home/student/Desktop/DESKTOP/DesktopFiles/Ashish/Python/dataset/day13/Day13/moving-average-1.txt
/home/student/Desktop/DESKTOP/DesktopFiles/Ashish/Python/dataset/day13/Day13/holt-forcasting-11.txt
/home/student/Desktop/DESKTOP/DesktopFiles/Ashish/Python/dataset/Day12/auto-regression-13.txt
/home/student/Desktop/DESKTOP/DesktopFiles/Ashish/Python/dataset/uforeports.txt
/home/student/Desktop/DESKTOP/DesktopFiles/Ashish/Linux/l.txt
/home/student/Desktop/DESKTOP/DesktopFiles/Ashish/Linux/java.txt
/home/student/Desktop/DESKTOP/DesktopFiles/Ashish/Linux/b.txt
/home/student/Desktop/DESKTOP/DesktopFiles/Ashish/pycharm-community-2018.3.2/build.txt
/home/student/Desktop/DESKTOP/DesktopFiles/Ashish/pycharm-community-2018.3.2/helpers/pycharm/__jb.for_twisted/twisted/plugins/README.txt
/home/student/Desktop/DESKTOP/DesktopFiles/Ashish/pycharm-community-2018.3.2/helpers/pycharm/django_manage_commands_provider/readme.txt
/home/student/Desktop/DESKTOP/DesktopFiles/Ashish/pycharm-community-2018.3.2/helpers/pycharm/teamcity/README.txt
/home/student/Desktop/DESKTOP/DesktopFiles/Ashish/pycharm-community-2018.3.2/helpers/typeshed/requirements-tests-py3.txt
/home/student/Desktop/DESKTOP/DesktopFiles/Ashish/pycharm-community-2018.3.2/helpers/typeshed/tests/mypy_blacklist.txt
/home/student/Desktop/DESKTOP/DesktopFiles/Ashish/pycharm-community-2018.3.2/helpers/typeshed/tests/pytype_blacklist.txt
/home/student/Desktop/DESKTOP/DesktopFiles/Ashish/pycharm-community-2018.3.2/helpers/pydev/pycharm-readme.txt
/home/student/Desktop/DESKTOP/DesktopFiles/Ashish/pycharm-community-2018.3.2/helpers/pydev/tests_pydevd_runfiles/not_in_default_pythonpath.txt
/home/student/Desktop/DESKTOP/DesktopFiles/Ashish/pycharm-community-2018.3.2/helpers/pydev/tests_pydevd_runfiles/samples/not_in_default_pythonpath.txt
/home/student/Desktop/DESKTOP/DesktopFiles/Ashish/pycharm-community-2018.3.2/helpers/pydev/tests_pydevd_runfiles/samples/nested_dir/nested3/junk.txt
/home/student/Desktop/DESKTOP/DesktopFiles/Ashish/pycharm-community-2018.3.2/helpers/pydev/merge_pydev_pycharm.txt
/home/student/Desktop/DESKTOP/DesktopFiles/Ashish/pycharm-community-2018.3.2/helpers/pydev/third_party/pep8/lib2to3/lib2to3/PatternGrammar.txt
/home/student/Desktop/DESKTOP/DesktopFiles/Ashish/pycharm-community-2018.3.2/helpers/pydev/third_party/pep8/lib2to3/lib2to3/Grammar.txt
/home/student/Desktop/DESKTOP/DesktopFiles/Ashish/pycharm-community-2018.3.2/helpers/pydev/third_party/wrapped_for_pydev/ctypes/ctypes-README.txt
/home/student/Desktop/DESKTOP/DesktopFiles/Ashish/pycharm-community-2018.3.2/helpers/pydev/third_party/wrapped_for_pydev/not_in_default_pythonpath.txt
/home/student/Desktop/DESKTOP/DesktopFiles/Ashish/pycharm-community-2018.3.2/helpers/pydev/pydevd_attach_to_process/README.txt
/home/student/Desktop/DESKTOP/DesktopFiles/Ashish/pycharm-community-2018.3.2/helpers/pydev/pydev_sitecustomize/__not_in_default_pythonpath.txt
/home/student/Desktop/DESKTOP/DesktopFiles/Ashish/pycharm-community-2018.3.2/helpers/python-skeletons/LICENSE.txt
/home/student/Desktop/DESKTOP/DesktopFiles/Ashish/pycharm-community-2018.3.2/helpers/python-skeletons/AUTHORS.txt
/home/student/Desktop/DESKTOP/DesktopFiles/Ashish/pycharm-community-2018.3.2/helpers/icon-robots.txt
/home/student/Desktop/DESKTOP/DesktopFiles/Ashish/pycharm-community-2018.3.2/helpers/py3only/docutils/parsers/rst/include/s5defs.txt
/home/student/Desktop/DESKTOP/DesktopFiles/Ashish/pycharm-community-2018.3.2/helpers/py3only/docutils/parsers/rst/include/isogrk2.txt
/home/student/Desktop/DESKTOP/DesktopFiles/Ashish/pycharm-community-2018.3.2/helpers/py3only/docutils/parsers/rst/include/isoamsa.txt
/home/student/Desktop/DESKTOP/DesktopFiles/Ashish/pycharm-community-2018.3.2/helpers/py3only/docutils/parsers/rst/include/isogrk3.txt
/home/student/Desktop/DESKTOP/DesktopFiles/Ashish/pycharm-community-2018.3.2/helpers/py3only/docutils/parsers/rst/include/isoamso.txt
/home/student/Desktop/DESKTOP/DesktopFiles/Ashish/pycharm-community-2018.3.2/helpers/py3only/docutils/parsers/rst/include/isogrk4.txt
/home/student/Desktop/DESKTOP/DesktopFiles/Ashish/pycharm-community-2018.3.2/helpers/py3only/docutils/parsers/rst/include/isotech.txt
/home/student/Desktop/DESKTOP/DesktopFiles/Ashish/pycharm-community-2018.3.2/helpers/py3only/docutils/parsers/rst/include/isoamsn.txt
/home/student/Desktop/DESKTOP/DesktopFiles/Ashish/pycharm-community-2018.3.2/helpers/py3only/docutils/parsers/rst/include/isocyr2.txt
/home/student/Desktop/DESKTOP/DesktopFiles/Ashish/pycharm-community-2018.3.2/helpers/py3only/docutils/parsers/rst/include/README.txt
/home/student/Desktop/DESKTOP/DesktopFiles/Ashish/pycharm-community-2018.3.2/helpers/py3only/docutils/parsers/rst/include/isomopf.txt
/home/student/Desktop/DESKTOP/DesktopFiles/Ashish/pycharm-community-2018.3.2/helpers/py3only/docutils/parsers/rst/include/isomscr.txt
/home/student/Desktop/DESKTOP/DesktopFiles/Ashish/pycharm-community-2018.3.2/helpers/py3only/docutils/parsers/rst/include/isogrk1.txt
/home/student/Desktop/DESKTOP/DesktopFiles/Ashish/pycharm-community-2018.3.2/helpers/py3only/docutils/parsers/rst/include/mmlextra.txt
/home/student/Desktop/DESKTOP/DesktopFiles/Ashish/pycharm-community-2018.3.2/helpers/py3only/docutils/parsers/rst/include/isoamsr.txt
/home/student/Desktop/DESKTOP/DesktopFiles/Ashish/pycharm-community-2018.3.2/helpers/py3only/docutils/parsers/rst/include/isolat1.txt
/home/student/Desktop/DESKTOP/DesktopFiles/Ashish/pycharm-community-2018.3.2/helpers/py3only/docutils/parsers/rst/include/mmlextra-wide.txt
/home/student/Desktop/DESKTOP/DesktopFiles/Ashish/pycharm-community-2018.3.2/helpers/py3only/docutils/parsers/rst/include/isobox.txt
/home/student/Desktop/DESKTOP/DesktopFiles/Ashish/pycharm-community-2018.3.2/helpers/py3only/docutils/parsers/rst/include/isolat2.txt
/home/student/Desktop/DESKTOP/DesktopFiles/Ashish/pycharm-community-2018.3.2/helpers/py3only/docutils/parsers/rst/include/isoamsc.txt
/home/student/Desktop/DESKTOP/DesktopFiles/Ashish/pycharm-community-2018.3.2/helpers/py3only/docutils/parsers/rst/include/isonum.txt
/home/student/Desktop/DESKTOP/DesktopFiles/Ashish/pycharm-community-2018.3.2/helpers/py3only/docutils/parsers/rst/include/xhtml1-lat1.txt
/home/student/Desktop/DESKTOP/DesktopFiles/Ashish/pycharm-community-2018.3.2/helpers/py3only/docutils/parsers/rst/include/xhtml1-special.txt
/home/student/Desktop/DESKTOP/DesktopFiles/Ashish/pycharm-community-2018.3.2/helpers/py3only/docutils/parsers/rst/include/isodia.txt
/home/student/Desktop/DESKTOP/DesktopFiles/Ashish/pycharm-community-2018.3.2/helpers/py3only/docutils/parsers/rst/include/isoamsb.txt
/home/student/Desktop/DESKTOP/DesktopFiles/Ashish/pycharm-community-2018.3.2/helpers/py3only/docutils/parsers/rst/include/isogrk4-wide.txt
/home/student/Desktop/DESKTOP/DesktopFiles/Ashish/pycharm-community-2018.3.2/helpers/py3only/docutils/parsers/rst/include/isopub.txt
/home/student/Desktop/DESKTOP/DesktopFiles/Ashish/pycharm-community-2018.3.2/helpers/py3only/docutils/parsers/rst/include/isomscr-wide.txt
/home/student/Desktop/DESKTOP/DesktopFiles/Ashish/pycharm-community-2018.3.2/helpers/py3only/docutils/parsers/rst/include/xhtml1-symbol.txt
/home/student/Desktop/DESKTOP/DesktopFiles/Ashish/pycharm-community-2018.3.2/helpers/py3only/docutils/parsers/rst/include/isomfrk-wide.txt
/home/student/Desktop/DESKTOP/DesktopFiles/Ashish/pycharm-community-2018.3.2/helpers/py3only/docutils/parsers/rst/include/mmlalias.txt
/home/student/Desktop/DESKTOP/DesktopFiles/Ashish/pycharm-community-2018.3.2/helpers/py3only/docutils/parsers/rst/include/isomfrk.txt
/home/student/Desktop/DESKTOP/DesktopFiles/Ashish/pycharm-community-2018.3.2/helpers/py3only/docutils/parsers/rst/include/isocyr1.txt
/home/student/Desktop/DESKTOP/DesktopFiles/Ashish/pycharm-community-2018.3.2/helpers/py3only/docutils/parsers/rst/include/isomopf-wide.txt
/home/student/Desktop/DESKTOP/DesktopFiles/Ashish/pycharm-community-2018.3.2/helpers/py3only/docutils/writers/pep_html/template.txt
/home/student/Desktop/DESKTOP/DesktopFiles/Ashish/pycharm-community-2018.3.2/helpers/py3only/docutils/writers/html4css1/template.txt
/home/student/Desktop/DESKTOP/DesktopFiles/Ashish/pycharm-community-2018.3.2/helpers/py3only/docutils/writers/s5_html/themes/README.txt
/home/student/Desktop/DESKTOP/DesktopFiles/Ashish/pycharm-community-2018.3.2/helpers/py2only/docutils/parsers/rst/include/s5defs.txt
/home/student/Desktop/DESKTOP/DesktopFiles/Ashish/pycharm-community-2018.3.2/helpers/py2only/docutils/parsers/rst/include/isogrk2.txt
/home/student/Desktop/DESKTOP/DesktopFiles/Ashish/pycharm-community-2018.3.2/helpers/py2only/docutils/parsers/rst/include/isoamsa.txt
/home/student/Desktop/DESKTOP/DesktopFiles/Ashish/pycharm-community-2018.3.2/helpers/py2only/docutils/parsers/rst/include/isogrk3.txt
/home/student/Desktop/DESKTOP/DesktopFiles/Ashish/pycharm-community-2018.3.2/helpers/py2only/docutils/parsers/rst/include/isoamso.txt
/home/student/Desktop/DESKTOP/DesktopFiles/Ashish/pycharm-community-2018.3.2/helpers/py2only/docutils/parsers/rst/include/isogrk4.txt
/home/student/Desktop/DESKTOP/DesktopFiles/Ashish/pycharm-community-2018.3.2/helpers/py2only/docutils/parsers/rst/include/isotech.txt
/home/student/Desktop/DESKTOP/DesktopFiles/Ashish/pycharm-community-2018.3.2/helpers/py2only/docutils/parsers/rst/include/isoamsn.txt
/home/student/Desktop/DESKTOP/DesktopFiles/Ashish/pycharm-community-2018.3.2/helpers/py2only/docutils/parsers/rst/include/isocyr2.txt
/home/student/Desktop/DESKTOP/DesktopFiles/Ashish/pycharm-community-2018.3.2/helpers/py2only/docutils/parsers/rst/include/README.txt
/home/student/Desktop/DESKTOP/DesktopFiles/Ashish/pycharm-community-2018.3.2/helpers/py2only/docutils/parsers/rst/include/isomopf.txt
/home/student/Desktop/DESKTOP/DesktopFiles/Ashish/pycharm-community-2018.3.2/helpers/py2only/docutils/parsers/rst/include/isomscr.txt
/home/student/Desktop/DESKTOP/DesktopFiles/Ashish/pycharm-community-2018.3.2/helpers/py2only/docutils/parsers/rst/include/isogrk1.txt
/home/student/Desktop/DESKTOP/DesktopFiles/Ashish/pycharm-community-2018.3.2/helpers/py2only/docutils/parsers/rst/include/mmlextra.txt
/home/student/Desktop/DESKTOP/DesktopFiles/Ashish/pycharm-community-2018.3.2/helpers/py2only/docutils/parsers/rst/include/isoamsr.txt
/home/student/Desktop/DESKTOP/DesktopFiles/Ashish/pycharm-community-2018.3.2/helpers/py2only/docutils/parsers/rst/include/isolat1.txt
/home/student/Desktop/DESKTOP/DesktopFiles/Ashish/pycharm-community-2018.3.2/helpers/py2only/docutils/parsers/rst/include/mmlextra-wide.txt
/home/student/Desktop/DESKTOP/DesktopFiles/Ashish/pycharm-community-2018.3.2/helpers/py2only/docutils/parsers/rst/include/isobox.txt
/home/student/Desktop/DESKTOP/DesktopFiles/Ashish/pycharm-community-2018.3.2/helpers/py2only/docutils/parsers/rst/include/isolat2.txt
/home/student/Desktop/DESKTOP/DesktopFiles/Ashish/pycharm-community-2018.3.2/helpers/py2only/docutils/parsers/rst/include/isoamsc.txt
/home/student/Desktop/DESKTOP/DesktopFiles/Ashish/pycharm-community-2018.3.2/helpers/py2only/docutils/parsers/rst/include/isonum.txt
/home/student/Desktop/DESKTOP/DesktopFiles/Ashish/pycharm-community-2018.3.2/helpers/py2only/docutils/parsers/rst/include/xhtml1-lat1.txt
/home/student/Desktop/DESKTOP/DesktopFiles/Ashish/pycharm-community-2018.3.2/helpers/py2only/docutils/parsers/rst/include/xhtml1-special.txt
/home/student/Desktop/DESKTOP/DesktopFiles/Ashish/pycharm-community-2018.3.2/helpers/py2only/docutils/parsers/rst/include/isodia.txt
/home/student/Desktop/DESKTOP/DesktopFiles/Ashish/pycharm-community-2018.3.2/helpers/py2only/docutils/parsers/rst/include/isoamsb.txt
/home/student/Desktop/DESKTOP/DesktopFiles/Ashish/pycharm-community-2018.3.2/helpers/py2only/docutils/parsers/rst/include/isogrk4-wide.txt
/home/student/Desktop/DESKTOP/DesktopFiles/Ashish/pycharm-community-2018.3.2/helpers/py2only/docutils/parsers/rst/include/isopub.txt
/home/student/Desktop/DESKTOP/DesktopFiles/Ashish/pycharm-community-2018.3.2/helpers/py2only/docutils/parsers/rst/include/isomscr-wide.txt
/home/student/Desktop/DESKTOP/DesktopFiles/Ashish/pycharm-community-2018.3.2/helpers/py2only/docutils/parsers/rst/include/xhtml1-symbol.txt
/home/student/Desktop/DESKTOP/DesktopFiles/Ashish/pycharm-community-2018.3.2/helpers/py2only/docutils/parsers/rst/include/isomfrk-wide.txt
/home/student/Desktop/DESKTOP/DesktopFiles/Ashish/pycharm-community-2018.3.2/helpers/py2only/docutils/parsers/rst/include/mmlalias.txt
/home/student/Desktop/DESKTOP/DesktopFiles/Ashish/pycharm-community-2018.3.2/helpers/py2only/docutils/parsers/rst/include/isomfrk.txt
/home/student/Desktop/DESKTOP/DesktopFiles/Ashish/pycharm-community-2018.3.2/helpers/py2only/docutils/parsers/rst/include/isocyr1.txt
/home/student/Desktop/DESKTOP/DesktopFiles/Ashish/pycharm-community-2018.3.2/helpers/py2only/docutils/parsers/rst/include/isomopf-wide.txt
/home/student/Desktop/DESKTOP/DesktopFiles/Ashish/pycharm-community-2018.3.2/helpers/py2only/docutils/writers/pep_html/template.txt
/home/student/Desktop/DESKTOP/DesktopFiles/Ashish/pycharm-community-2018.3.2/helpers/py2only/docutils/writers/html4css1/template.txt
/home/student/Desktop/DESKTOP/DesktopFiles/Ashish/pycharm-community-2018.3.2/helpers/py2only/docutils/writers/s5_html/themes/README.txt
/home/student/Desktop/DESKTOP/DesktopFiles/Ashish/pycharm-community-2018.3.2/helpers/tools/stdlib_packages.txt
/home/student/Desktop/DESKTOP/DesktopFiles/Ashish/pycharm-community-2018.3.2/jre64/lib/fonts/LICENSE.txt
/home/student/Desktop/DESKTOP/DesktopFiles/Ashish/pycharm-community-2018.3.2/jre64/lib/amd64/server/Xusage.txt
/home/student/Desktop/DESKTOP/DesktopFiles/Ashish/pycharm-community-2018.3.2/jre64/lib/jvm.hprof.txt
/home/student/Desktop/DESKTOP/DesktopFiles/Ashish/pycharm-community-2018.3.2/license/asm_license.txt
/home/student/Desktop/DESKTOP/DesktopFiles/Ashish/pycharm-community-2018.3.2/license/microba_license.txt
/home/student/Desktop/DESKTOP/DesktopFiles/Ashish/pycharm-community-2018.3.2/license/LICENSE.txt
/home/student/Desktop/DESKTOP/DesktopFiles/Ashish/pycharm-community-2018.3.2/license/NOTICE.txt
/home/student/Desktop/DESKTOP/DesktopFiles/Ashish/pycharm-community-2018.3.2/license/picoContainer_license.txt
/home/student/Desktop/DESKTOP/DesktopFiles/Ashish/pycharm-community-2018.3.2/license/jdom_license.txt
/home/student/Desktop/DESKTOP/DesktopFiles/Ashish/pycharm-community-2018.3.2/license/jaxen_license.txt
/home/student/Desktop/DESKTOP/DesktopFiles/Ashish/pycharm-community-2018.3.2/license/javahelp_license.txt
/home/student/Desktop/DESKTOP/DesktopFiles/Ashish/pycharm-community-2018.3.2/license/jgoodies_forms_license.txt
/home/student/Desktop/DESKTOP/DesktopFiles/Ashish/pycharm-community-2018.3.2/license/gson_license.txt
/home/student/Desktop/DESKTOP/DesktopFiles/Ashish/pycharm-community-2018.3.2/license/xmlrpc_license.txt
/home/student/Desktop/DESKTOP/DesktopFiles/Ashish/pycharm-community-2018.3.2/license/ant_license.txt
/home/student/Desktop/DESKTOP/DesktopFiles/Ashish/pycharm-community-2018.3.2/license/trove4j_license.txt
/home/student/Desktop/DESKTOP/DesktopFiles/Ashish/pycharm-community-2018.3.2/license/javolution_license.txt
/home/student/Desktop/DESKTOP/DesktopFiles/Ashish/pycharm-community-2018.3.2/license/log4j_license.txt
/home/student/Desktop/DESKTOP/DesktopFiles/Ashish/pycharm-community-2018.3.2/license/nanoxml_license.txt
/home/student/Desktop/DESKTOP/DesktopFiles/Ashish/pycharm-community-2018.3.2/license/imgscalr_license.txt
/home/student/Desktop/DESKTOP/DesktopFiles/Ashish/pycharm-community-2018.3.2/license/swingx_license.txt
/home/student/Desktop/DESKTOP/DesktopFiles/Ashish/pycharm-community-2018.3.2/license/kryo-license.txt
/home/student/Desktop/DESKTOP/DesktopFiles/Ashish/pycharm-community-2018.3.2/license/yourkit-license-redist.txt
/home/student/Desktop/DESKTOP/DesktopFiles/Ashish/pycharm-community-2018.3.2/license/miglayout_swing_license.txt
/home/student/Desktop/DESKTOP/DesktopFiles/Ashish/pycharm-community-2018.3.2/license/winp_license.txt
/home/student/Desktop/DESKTOP/DesktopFiles/Ashish/pycharm-community-2018.3.2/license/xerces_license.txt
/home/student/Desktop/DESKTOP/DesktopFiles/Ashish/pycharm-community-2018.3.2/license/eclipse_license2.txt
/home/student/Desktop/DESKTOP/DesktopFiles/Ashish/pycharm-community-2018.3.2/license/eclipse_license.txt
/home/student/Desktop/DESKTOP/DesktopFiles/Ashish/pycharm-community-2018.3.2/license/XStream_license.txt
/home/student/Desktop/DESKTOP/DesktopFiles/Ashish/pycharm-community-2018.3.2/license/junit_license.txt
/home/student/Desktop/DESKTOP/DesktopFiles/Ashish/pycharm-community-2018.3.2/license/jaxb_license.txt
/home/student/Desktop/DESKTOP/DesktopFiles/Ashish/pycharm-community-2018.3.2/license/oromatcher_license.txt
/home/student/Desktop/DESKTOP/DesktopFiles/Ashish/pycharm-community-2018.3.2/Install-Linux-tar.txt
/home/student/Desktop/DESKTOP/DesktopFiles/BookData.txt
/home/student/Desktop/DESKTOP/DesktopFiles/Bigdatamockexam/TitanicData.txt
/home/student/Desktop/DESKTOP/DesktopFiles/Bigdatamockexam/olympic.txt
/home/student/Desktop/DESKTOP/DesktopFiles/Linux/awkdemo.txt
/home/student/Desktop/DESKTOP/DesktopFiles/Linux/test3.txt
/home/student/Desktop/DESKTOP/DesktopFiles/Linux/seddemo.txt
/home/student/Desktop/DESKTOP/DesktopFiles/Linux/test4.txt
/home/student/Desktop/DESKTOP/DesktopFiles/Linux/a.txt
/home/student/Desktop/DESKTOP/DesktopFiles/Linux/test2.txt
/home/student/Desktop/DESKTOP/DesktopFiles/Linux/test.txt
/home/student/Desktop/DESKTOP/DesktopFiles/Linux/LightInfo.txt
/home/student/Desktop/DESKTOP/DesktopFiles/Linux/test/a.txt
/home/student/Desktop/DESKTOP/c#_OOP.txt
/home/student/Desktop/DESKTOP/PG-DBDA-Aug18/Final Submission/Classification1Test.txt
/home/student/Desktop/DESKTOP/PG-DBDA-Aug18/Final Submission/ClassificationProblem1.txt
/home/student/Desktop/DESKTOP/CCE Data/Ruchi/Analytics Assignement/New Text Document.txt
/home/student/Desktop/DESKTOP/CCE Data/Python/python/cs/syllabus.txt
/home/student/Desktop/DESKTOP/CCE Data/Python/python/syllabus.txt
/home/student/Desktop/DESKTOP/CCE Data/Python/python/useful links.txt
/home/student/Desktop/DESKTOP/CCE Data/Python/regex and file handling/regex and file handling/info.txt
/home/student/Desktop/DESKTOP/CCE Data/Machine Learning/Machine Learning Videos/R Programming/2 - 12 - Introduction to swirl.txt
/home/student/Desktop/DESKTOP/CCE Data/Machine Learning/Machine Learning/Cases/Qualitative_Bankruptcy/Qualitative_Bankruptcy.info.txt
/home/student/Desktop/DESKTOP/CCE Data/Machine Learning/Machine Learning/Cases/Qualitative_Bankruptcy/Qualitative_Bankruptcy.data.txt
/home/student/Desktop/DESKTOP/CCE Data/Machine Learning/Machine Learning/Cases/Cases/Qualitative_Bankruptcy/Qualitative_Bankruptcy.info.txt
/home/student/Desktop/DESKTOP/CCE Data/Machine Learning/Machine Learning/Cases/Cases/Qualitative_Bankruptcy/Qualitative_Bankruptcy.data.txt
/home/student/Desktop/DESKTOP/CCE Data/Machine Learning/Machine Learning/Cases/Cases/Concrete Strength/Info.txt
/home/student/Desktop/DESKTOP/CCE Data/Machine Learning/Machine Learning/Cases/Concrete Strength/Info.txt
/home/student/Desktop/DESKTOP/CCE Data/Machine Learning/Machine Learning Assignment/Datasets/members.txt
/home/student/Desktop/DESKTOP/CCE Data/Machine Learning/Machine Learning Assignment/Datasets/trail.txt
/home/student/Desktop/DESKTOP/CCE Data/Machine Learning/Machine Learning Assignment/Datasets/contacts.txt
/home/student/Desktop/DESKTOP/CCE Data/Machine Learning/Machine Learning Assignment/Datasets/Pen.txt
/home/student/Desktop/DESKTOP/CCE Data/sonali/CCEE/DBMS/New Text Document.txt
/home/student/Desktop/DESKTOP/CCE Data/sonali/CCEE/R/mcq.txt
/home/student/Desktop/DESKTOP/CCE Data/sonali/CCEE/Python/New Text Document.txt
/home/student/Desktop/DESKTOP/CCE Data/sonali/CCEE/Python/Note.txt
/home/student/Desktop/DESKTOP/CCE Data/sonali/CCEE/Scala/New Text Document.txt
/home/student/Desktop/DESKTOP/CCE Data/sonali/CCEE/Java/Notes.txt
/home/student/Desktop/DESKTOP/CCE Data/sonali/CCEE/Java/mcq.txt
/home/student/Desktop/DESKTOP/CCE Data/sonali/CCEE/BigData/Spark.txt
/home/student/Desktop/DESKTOP/CCE Data/sonali/CCEE/BigData/New Text Document.txt
/home/student/Desktop/DESKTOP/CCE Data/sonali/CCEE/BigData/PIG.txt
/home/student/Desktop/DESKTOP/CCE Data/sonali/CCEE/BigData/HDT.txt
/home/student/Desktop/DESKTOP/CCE Data/sonali/CCEE/AA/New Text Document.txt
/home/student/Desktop/DESKTOP/CCE Data/sonali/CCEE/ML/New Text Document.txt
/home/student/Desktop/DESKTOP/CCE Data/sonali/CCEE/Linux/New Text Document.txt
/home/student/Desktop/DESKTOP/CCE Data/Statistics with R/lotus/TitanicData.txt
/home/student/Desktop/DESKTOP/CCE Data/Statistics with R/lotus/Spark/spark_scala-command_olympic.txt
/home/student/Desktop/DESKTOP/CCE Data/Statistics with R/lotus/Spark/Titanic_Pmb2.txt
/home/student/Desktop/DESKTOP/CCE Data/Statistics with R/lotus/Spark/Titanic_Pmb1.txt
/home/student/Desktop/DESKTOP/CCE Data/Statistics with R/R pro/Statistics with R/Datasets/members.txt
/home/student/Desktop/DESKTOP/CCE Data/Statistics with R/R pro/Statistics with R/Datasets/trail.txt
/home/student/Desktop/DESKTOP/CCE Data/Statistics with R/R pro/Statistics with R/Datasets/contacts.txt
/home/student/Desktop/DESKTOP/CCE Data/Statistics with R/R pro/Statistics with R/Datasets/Pen.txt
/home/student/Desktop/DESKTOP/CCE Data/Statistics with R/Datasets/members.txt
/home/student/Desktop/DESKTOP/CCE Data/Statistics with R/Datasets/trail.txt
/home/student/Desktop/DESKTOP/CCE Data/Statistics with R/Datasets/Pen.txt
/home/student/Desktop/DESKTOP/CCE Data/Salunki/Project Data/Group 1/projectmovieRate/jsp application/movies.txt
/home/student/Desktop/DESKTOP/CCE Data/Salunki/Project Data/Group 1/projectmovieRate/jsp application/io.txt
/home/student/Desktop/DESKTOP/CCE Data/Salunki/Project Data/Group 4/Virtual Intelligent ChatBot/movie_conversations.txt
/home/student/Desktop/DESKTOP/CCE Data/Salunki/Project Data/Group 4/Virtual Intelligent ChatBot/output.txt
/home/student/Desktop/DESKTOP/CCE Data/Salunki/Project Data/Group 4/Virtual Intelligent ChatBot/input.txt
/home/student/Desktop/DESKTOP/CCE Data/Salunki/Project Data/Group 4/Virtual Intelligent ChatBot/movie_lines.txt
/home/student/Desktop/DESKTOP/CCE Data/Salunki/Project Data/Group 5/Project Code/SystemCall/target/metastore_db/seg0/README_DO_NOT_TOUCH_FILES.txt
/home/student/Desktop/DESKTOP/CCE Data/Salunki/Project Data/Group 5/Project Code/SystemCall/target/metastore_db/log/README_DO_NOT_TOUCH_FILES.txt
/home/student/Desktop/DESKTOP/CCE Data/Salunki/Project Data/Group 5/Project Code/SystemCall/target/metastore_db/README_DO_NOT_TOUCH_FILES.txt
/home/student/Desktop/DESKTOP/CCE Data/Salunki/MCQ SanFoundary/ml/Machine Learning/Cases/Qualitative_Bankruptcy/Qualitative_Bankruptcy.info.txt
/home/student/Desktop/DESKTOP/CCE Data/Salunki/MCQ SanFoundary/ml/Machine Learning/Cases/Qualitative_Bankruptcy/Qualitative_Bankruptcy.data.txt
/home/student/Desktop/DESKTOP/CCE Data/Salunki/MCQ SanFoundary/ml/Machine Learning/Cases/Cases/Qualitative_Bankruptcy/Qualitative_Bankruptcy.info.txt
/home/student/Desktop/DESKTOP/CCE Data/Salunki/MCQ SanFoundary/ml/Machine Learning/Cases/Cases/Qualitative_Bankruptcy/Qualitative_Bankruptcy.data.txt
/home/student/Desktop/DESKTOP/CCE Data/Salunki/MCQ SanFoundary/ml/Machine Learning/Cases/Cases/Concrete Strength/Info.txt
/home/student/Desktop/DESKTOP/CCE Data/Salunki/MCQ SanFoundary/ml/Machine Learning/Cases/Concrete Strength/Info.txt
/home/student/Desktop/DESKTOP/CCE Data/Salunki/MCQ SanFoundary/Exam Data/Hadoop wordcount/sqoopassignement.txt
/home/student/Desktop/DESKTOP/CCE Data/Salunki/MCQ SanFoundary/Exam Data/Linux/user27.txt
/home/student/Desktop/DESKTOP/CCE Data/Salunki/MCQ SanFoundary/Exam Data/Linux/user18.txt
/home/student/Desktop/DESKTOP/CCE Data/Salunki/MCQ SanFoundary/Exam Data/Linux/user19.txt
/home/student/Desktop/DESKTOP/CCE Data/Salunki/Machine Learning Videos/R Programming/2 - 12 - Introduction to swirl.txt
/home/student/Desktop/DESKTOP/CCE Data/Salunki/DBDA lab/PycharmProjects/Lists/venv/lib/python3.5/no-global-site-packages.txt
/home/student/Desktop/DESKTOP/CCE Data/Salunki/DBDA lab/PycharmProjects/Lists/venv/lib/python3.5/site-packages/pip-9.0.1.dist-info/entry_points.txt
/home/student/Desktop/DESKTOP/CCE Data/Salunki/DBDA lab/PycharmProjects/Lists/venv/lib/python3.5/site-packages/pip-9.0.1.dist-info/top_level.txt
/home/student/Desktop/DESKTOP/CCE Data/Salunki/DBDA lab/PycharmProjects/Lists/venv/lib/python3.5/site-packages/wheel-0.30.0.dist-info/entry_points.txt
/home/student/Desktop/DESKTOP/CCE Data/Salunki/DBDA lab/PycharmProjects/Lists/venv/lib/python3.5/site-packages/wheel-0.30.0.dist-info/LICENSE.txt
/home/student/Desktop/DESKTOP/CCE Data/Salunki/DBDA lab/PycharmProjects/Lists/venv/lib/python3.5/site-packages/wheel-0.30.0.dist-info/top_level.txt
/home/student/Desktop/DESKTOP/CCE Data/Salunki/DBDA lab/PycharmProjects/Lists/venv/lib/python3.5/site-packages/setuptools-38.5.1.dist-info/entry_points.txt
/home/student/Desktop/DESKTOP/CCE Data/Salunki/DBDA lab/PycharmProjects/Lists/venv/lib/python3.5/site-packages/setuptools-38.5.1.dist-info/LICENSE.txt
/home/student/Desktop/DESKTOP/CCE Data/Salunki/DBDA lab/PycharmProjects/Lists/venv/lib/python3.5/site-packages/setuptools-38.5.1.dist-info/top_level.txt
/home/student/Desktop/DESKTOP/CCE Data/Salunki/DBDA lab/PycharmProjects/Lists/venv/lib/python3.5/site-packages/setuptools-38.5.1.dist-info/dependency_links.txt
/home/student/Desktop/DESKTOP/CCE Data/Salunki/DBDA lab/PycharmProjects/Lists/venv/lib/python3.5/orig-prefix.txt
/home/student/Desktop/DESKTOP/CCE Data/Salunki/DBDA lab/PycharmProjects/dictup/venv/lib/python3.5/no-global-site-packages.txt
/home/student/Desktop/DESKTOP/CCE Data/Salunki/DBDA lab/PycharmProjects/dictup/venv/lib/python3.5/site-packages/pip-9.0.1.dist-info/entry_points.txt
/home/student/Desktop/DESKTOP/CCE Data/Salunki/DBDA lab/PycharmProjects/dictup/venv/lib/python3.5/site-packages/pip-9.0.1.dist-info/top_level.txt
/home/student/Desktop/DESKTOP/CCE Data/Salunki/DBDA lab/PycharmProjects/dictup/venv/lib/python3.5/site-packages/wheel-0.30.0.dist-info/entry_points.txt
/home/student/Desktop/DESKTOP/CCE Data/Salunki/DBDA lab/PycharmProjects/dictup/venv/lib/python3.5/site-packages/wheel-0.30.0.dist-info/LICENSE.txt
/home/student/Desktop/DESKTOP/CCE Data/Salunki/DBDA lab/PycharmProjects/dictup/venv/lib/python3.5/site-packages/wheel-0.30.0.dist-info/top_level.txt
/home/student/Desktop/DESKTOP/CCE Data/Salunki/DBDA lab/PycharmProjects/dictup/venv/lib/python3.5/site-packages/setuptools-38.5.1.dist-info/entry_points.txt
/home/student/Desktop/DESKTOP/CCE Data/Salunki/DBDA lab/PycharmProjects/dictup/venv/lib/python3.5/site-packages/setuptools-38.5.1.dist-info/LICENSE.txt
/home/student/Desktop/DESKTOP/CCE Data/Salunki/DBDA lab/PycharmProjects/dictup/venv/lib/python3.5/site-packages/setuptools-38.5.1.dist-info/top_level.txt
/home/student/Desktop/DESKTOP/CCE Data/Salunki/DBDA lab/PycharmProjects/dictup/venv/lib/python3.5/site-packages/setuptools-38.5.1.dist-info/dependency_links.txt
/home/student/Desktop/DESKTOP/CCE Data/Salunki/DBDA lab/PycharmProjects/dictup/venv/lib/python3.5/orig-prefix.txt
/home/student/Desktop/DESKTOP/CCE Data/Salunki/DBDA lab/PycharmProjects/functions/venv/lib/python3.5/no-global-site-packages.txt
/home/student/Desktop/DESKTOP/CCE Data/Salunki/DBDA lab/PycharmProjects/functions/venv/lib/python3.5/site-packages/pip-9.0.1.dist-info/entry_points.txt
/home/student/Desktop/DESKTOP/CCE Data/Salunki/DBDA lab/PycharmProjects/functions/venv/lib/python3.5/site-packages/pip-9.0.1.dist-info/top_level.txt
/home/student/Desktop/DESKTOP/CCE Data/Salunki/DBDA lab/PycharmProjects/functions/venv/lib/python3.5/site-packages/wheel-0.30.0.dist-info/entry_points.txt
/home/student/Desktop/DESKTOP/CCE Data/Salunki/DBDA lab/PycharmProjects/functions/venv/lib/python3.5/site-packages/wheel-0.30.0.dist-info/LICENSE.txt
/home/student/Desktop/DESKTOP/CCE Data/Salunki/DBDA lab/PycharmProjects/functions/venv/lib/python3.5/site-packages/wheel-0.30.0.dist-info/top_level.txt
/home/student/Desktop/DESKTOP/CCE Data/Salunki/DBDA lab/PycharmProjects/functions/venv/lib/python3.5/site-packages/setuptools-38.5.1.dist-info/entry_points.txt
/home/student/Desktop/DESKTOP/CCE Data/Salunki/DBDA lab/PycharmProjects/functions/venv/lib/python3.5/site-packages/setuptools-38.5.1.dist-info/LICENSE.txt
/home/student/Desktop/DESKTOP/CCE Data/Salunki/DBDA lab/PycharmProjects/functions/venv/lib/python3.5/site-packages/setuptools-38.5.1.dist-info/top_level.txt
/home/student/Desktop/DESKTOP/CCE Data/Salunki/DBDA lab/PycharmProjects/functions/venv/lib/python3.5/site-packages/setuptools-38.5.1.dist-info/dependency_links.txt
/home/student/Desktop/DESKTOP/CCE Data/Salunki/DBDA lab/PycharmProjects/functions/venv/lib/python3.5/orig-prefix.txt
/home/student/Desktop/DESKTOP/CCE Data/Salunki/DBDA lab/PycharmProjects/string/venv/lib/python3.5/no-global-site-packages.txt
/home/student/Desktop/DESKTOP/CCE Data/Salunki/DBDA lab/PycharmProjects/string/venv/lib/python3.5/site-packages/pip-9.0.1.dist-info/entry_points.txt
/home/student/Desktop/DESKTOP/CCE Data/Salunki/DBDA lab/PycharmProjects/string/venv/lib/python3.5/site-packages/pip-9.0.1.dist-info/top_level.txt
^Z
[1]+  Stopped                 find /home/student/Desktop/ -name "*.txt"
(base) student@DBDA-R10:~$ find /home/student/bigdata -name "*.txt"
(base) student@DBDA-R10:~$ find /home/student/Desktop -name "*.txt"
/home/student/Desktop/hello.txt
/home/student/Desktop/2.txt
/home/student/Desktop/1.txt
/home/student/Desktop/xyz.txt
/home/student/Desktop/xyz1.txt
/home/student/Desktop/DESKTOP/DesktopFiles/OracleLink.txt
/home/student/Desktop/DESKTOP/DesktopFiles/AccountDetails.txt
/home/student/Desktop/DESKTOP/DesktopFiles/Big data/Start-upFunding.txt
/home/student/Desktop/DESKTOP/DesktopFiles/Big data/GoogleData.txt
/home/student/Desktop/DESKTOP/DesktopFiles/KafkaTest.txt
/home/student/Desktop/DESKTOP/DesktopFiles/mongodb/PlayData.txt
/home/student/Desktop/DESKTOP/DesktopFiles/mongodb/Movies.txt
/home/student/Desktop/DESKTOP/DesktopFiles/mongodb/SongsData.txt
/home/student/Desktop/DESKTOP/DesktopFiles/mongodb/BookData.txt
/home/student/Desktop/DESKTOP/DesktopFiles/sparktest.txt
/home/student/Desktop/DESKTOP/DesktopFiles/For_Ashish/JAVA_exam/yahoo.txt
/home/student/Desktop/DESKTOP/DesktopFiles/For_Ashish/JAVA_exam/.metadata/.plugins/org.eclipse.jdt.core/savedIndexNames.txt
/home/student/Desktop/DESKTOP/DesktopFiles/For_Ashish/JAVA_exam/.metadata/.plugins/org.eclipse.jdt.core/javaLikeNames.txt
/home/student/Desktop/DESKTOP/DesktopFiles/For_Ashish/JAVA_exam/gmail.txt
/home/student/Desktop/DESKTOP/DesktopFiles/ques.txt
/home/student/Desktop/DESKTOP/DesktopFiles/sql assign/assignment2.txt
/home/student/Desktop/DESKTOP/DesktopFiles/sql assign/sql/sql/fwdshell/l.txt
/home/student/Desktop/DESKTOP/DesktopFiles/sql assign/sql/sql/fwdshell/b.txt
/home/student/Desktop/DESKTOP/DesktopFiles/sql assign/sql/sql/shell/linux.txt
/home/student/Desktop/DESKTOP/DesktopFiles/sql assign/sql/sql/basic commands.txt
/home/student/Desktop/DESKTOP/DesktopFiles/sql assign/sql/aa/for picture/java.txt
/home/student/Desktop/DESKTOP/DesktopFiles/Excercises n datasets/cluster.txt
/home/student/Desktop/DESKTOP/DesktopFiles/Ashish/Hadoop/Hive_QueriesDay1.txt
/home/student/Desktop/DESKTOP/DesktopFiles/Ashish/Hadoop/dataset/youtubedata.txt
/home/student/Desktop/DESKTOP/DesktopFiles/Ashish/Hadoop/software_extract/spark-2.3.3-bin-hadoop2.7/data/graphx/followers.txt
/home/student/Desktop/DESKTOP/DesktopFiles/Ashish/Hadoop/software_extract/spark-2.3.3-bin-hadoop2.7/data/graphx/users.txt
/home/student/Desktop/DESKTOP/DesktopFiles/Ashish/Hadoop/software_extract/spark-2.3.3-bin-hadoop2.7/data/streaming/AFINN-111.txt
/home/student/Desktop/DESKTOP/DesktopFiles/Ashish/Hadoop/software_extract/spark-2.3.3-bin-hadoop2.7/data/mllib/sample_svm_data.txt
/home/student/Desktop/DESKTOP/DesktopFiles/Ashish/Hadoop/software_extract/spark-2.3.3-bin-hadoop2.7/data/mllib/kmeans_data.txt
/home/student/Desktop/DESKTOP/DesktopFiles/Ashish/Hadoop/software_extract/spark-2.3.3-bin-hadoop2.7/data/mllib/pagerank_data.txt
/home/student/Desktop/DESKTOP/DesktopFiles/Ashish/Hadoop/software_extract/spark-2.3.3-bin-hadoop2.7/data/mllib/streaming_kmeans_data_test.txt
/home/student/Desktop/DESKTOP/DesktopFiles/Ashish/Hadoop/software_extract/spark-2.3.3-bin-hadoop2.7/data/mllib/sample_kmeans_data.txt
/home/student/Desktop/DESKTOP/DesktopFiles/Ashish/Hadoop/software_extract/spark-2.3.3-bin-hadoop2.7/data/mllib/sample_lda_data.txt
/home/student/Desktop/DESKTOP/DesktopFiles/Ashish/Hadoop/software_extract/spark-2.3.3-bin-hadoop2.7/data/mllib/sample_libsvm_data.txt
/home/student/Desktop/DESKTOP/DesktopFiles/Ashish/Hadoop/software_extract/spark-2.3.3-bin-hadoop2.7/data/mllib/sample_binary_classification_data.txt
/home/student/Desktop/DESKTOP/DesktopFiles/Ashish/Hadoop/software_extract/spark-2.3.3-bin-hadoop2.7/data/mllib/gmm_data.txt
/home/student/Desktop/DESKTOP/DesktopFiles/Ashish/Hadoop/software_extract/spark-2.3.3-bin-hadoop2.7/data/mllib/sample_isotonic_regression_libsvm_data.txt
/home/student/Desktop/DESKTOP/DesktopFiles/Ashish/Hadoop/software_extract/spark-2.3.3-bin-hadoop2.7/data/mllib/sample_linear_regression_data.txt
/home/student/Desktop/DESKTOP/DesktopFiles/Ashish/Hadoop/software_extract/spark-2.3.3-bin-hadoop2.7/data/mllib/sample_multiclass_classification_data.txt
/home/student/Desktop/DESKTOP/DesktopFiles/Ashish/Hadoop/software_extract/spark-2.3.3-bin-hadoop2.7/data/mllib/iris_libsvm.txt
/home/student/Desktop/DESKTOP/DesktopFiles/Ashish/Hadoop/software_extract/spark-2.3.3-bin-hadoop2.7/data/mllib/sample_movielens_data.txt
/home/student/Desktop/DESKTOP/DesktopFiles/Ashish/Hadoop/software_extract/spark-2.3.3-bin-hadoop2.7/data/mllib/images/license.txt
/home/student/Desktop/DESKTOP/DesktopFiles/Ashish/Hadoop/software_extract/spark-2.3.3-bin-hadoop2.7/data/mllib/images/kittens/not-image.txt
/home/student/Desktop/DESKTOP/DesktopFiles/Ashish/Hadoop/software_extract/spark-2.3.3-bin-hadoop2.7/data/mllib/pic_data.txt
/home/student/Desktop/DESKTOP/DesktopFiles/Ashish/Hadoop/software_extract/spark-2.3.3-bin-hadoop2.7/data/mllib/sample_lda_libsvm_data.txt
/home/student/Desktop/DESKTOP/DesktopFiles/Ashish/Hadoop/software_extract/spark-2.3.3-bin-hadoop2.7/data/mllib/sample_fpgrowth.txt
/home/student/Desktop/DESKTOP/DesktopFiles/Ashish/Hadoop/software_extract/spark-2.3.3-bin-hadoop2.7/data/mllib/als/sample_movielens_ratings.txt
/home/student/Desktop/DESKTOP/DesktopFiles/Ashish/Hadoop/software_extract/spark-2.3.3-bin-hadoop2.7/python/lib/PY4J_LICENSE.txt
/home/student/Desktop/DESKTOP/DesktopFiles/Ashish/Hadoop/software_extract/spark-2.3.3-bin-hadoop2.7/python/test_support/hello/hello.txt
/home/student/Desktop/DESKTOP/DesktopFiles/Ashish/Hadoop/software_extract/spark-2.3.3-bin-hadoop2.7/python/test_support/hello/sub_hello/sub_hello.txt
/home/student/Desktop/DESKTOP/DesktopFiles/Ashish/Hadoop/software_extract/spark-2.3.3-bin-hadoop2.7/python/test_support/sql/text-test.txt
/home/student/Desktop/DESKTOP/DesktopFiles/Ashish/Hadoop/software_extract/spark-2.3.3-bin-hadoop2.7/python/test_support/sql/streaming/text-test.txt
/home/student/Desktop/DESKTOP/DesktopFiles/Ashish/Hadoop/software_extract/spark-2.3.3-bin-hadoop2.7/python/pyspark.egg-info/SOURCES.txt
/home/student/Desktop/DESKTOP/DesktopFiles/Ashish/Hadoop/software_extract/spark-2.3.3-bin-hadoop2.7/python/pyspark.egg-info/top_level.txt
/home/student/Desktop/DESKTOP/DesktopFiles/Ashish/Hadoop/software_extract/spark-2.3.3-bin-hadoop2.7/python/pyspark.egg-info/requires.txt
/home/student/Desktop/DESKTOP/DesktopFiles/Ashish/Hadoop/software_extract/spark-2.3.3-bin-hadoop2.7/python/pyspark.egg-info/dependency_links.txt
/home/student/Desktop/DESKTOP/DesktopFiles/Ashish/Hadoop/software_extract/spark-2.3.3-bin-hadoop2.7/licenses/LICENSE-paranamer.txt
/home/student/Desktop/DESKTOP/DesktopFiles/Ashish/Hadoop/software_extract/spark-2.3.3-bin-hadoop2.7/licenses/LICENSE-slf4j.txt
/home/student/Desktop/DESKTOP/DesktopFiles/Ashish/Hadoop/software_extract/spark-2.3.3-bin-hadoop2.7/licenses/LICENSE-netlib.txt
/home/student/Desktop/DESKTOP/DesktopFiles/Ashish/Hadoop/software_extract/spark-2.3.3-bin-hadoop2.7/licenses/LICENSE-postgresql.txt
/home/student/Desktop/DESKTOP/DesktopFiles/Ashish/Hadoop/software_extract/spark-2.3.3-bin-hadoop2.7/licenses/LICENSE-minlog.txt
/home/student/Desktop/DESKTOP/DesktopFiles/Ashish/Hadoop/software_extract/spark-2.3.3-bin-hadoop2.7/licenses/LICENSE-DPark.txt
/home/student/Desktop/DESKTOP/DesktopFiles/Ashish/Hadoop/software_extract/spark-2.3.3-bin-hadoop2.7/licenses/LICENSE-reflectasm.txt
/home/student/Desktop/DESKTOP/DesktopFiles/Ashish/Hadoop/software_extract/spark-2.3.3-bin-hadoop2.7/licenses/LICENSE-scalacheck.txt
/home/student/Desktop/DESKTOP/DesktopFiles/Ashish/Hadoop/software_extract/spark-2.3.3-bin-hadoop2.7/licenses/LICENSE-antlr.txt
/home/student/Desktop/DESKTOP/DesktopFiles/Ashish/Hadoop/software_extract/spark-2.3.3-bin-hadoop2.7/licenses/LICENSE-junit-interface.txt
/home/student/Desktop/DESKTOP/DesktopFiles/Ashish/Hadoop/software_extract/spark-2.3.3-bin-hadoop2.7/licenses/LICENSE-zstd.txt
/home/student/Desktop/DESKTOP/DesktopFiles/Ashish/Hadoop/software_extract/spark-2.3.3-bin-hadoop2.7/licenses/LICENSE-zstd-jni.txt
/home/student/Desktop/DESKTOP/DesktopFiles/Ashish/Hadoop/software_extract/spark-2.3.3-bin-hadoop2.7/licenses/LICENSE-jquery.txt
/home/student/Desktop/DESKTOP/DesktopFiles/Ashish/Hadoop/software_extract/spark-2.3.3-bin-hadoop2.7/licenses/LICENSE-modernizr.txt
/home/student/Desktop/DESKTOP/DesktopFiles/Ashish/Hadoop/software_extract/spark-2.3.3-bin-hadoop2.7/licenses/LICENSE-cloudpickle.txt
/home/student/Desktop/DESKTOP/DesktopFiles/Ashish/Hadoop/software_extract/spark-2.3.3-bin-hadoop2.7/licenses/LICENSE-kryo.txt
/home/student/Desktop/DESKTOP/DesktopFiles/Ashish/Hadoop/software_extract/spark-2.3.3-bin-hadoop2.7/licenses/LICENSE-sorttable.js.txt
/home/student/Desktop/DESKTOP/DesktopFiles/Ashish/Hadoop/software_extract/spark-2.3.3-bin-hadoop2.7/licenses/LICENSE-javolution.txt
/home/student/Desktop/DESKTOP/DesktopFiles/Ashish/Hadoop/software_extract/spark-2.3.3-bin-hadoop2.7/licenses/LICENSE-SnapTree.txt
/home/student/Desktop/DESKTOP/DesktopFiles/Ashish/Hadoop/software_extract/spark-2.3.3-bin-hadoop2.7/licenses/LICENSE-spire.txt
/home/student/Desktop/DESKTOP/DesktopFiles/Ashish/Hadoop/software_extract/spark-2.3.3-bin-hadoop2.7/licenses/LICENSE-AnchorJS.txt
/home/student/Desktop/DESKTOP/DesktopFiles/Ashish/Hadoop/software_extract/spark-2.3.3-bin-hadoop2.7/licenses/LICENSE-protobuf.txt
/home/student/Desktop/DESKTOP/DesktopFiles/Ashish/Hadoop/software_extract/spark-2.3.3-bin-hadoop2.7/licenses/LICENSE-Mockito.txt
/home/student/Desktop/DESKTOP/DesktopFiles/Ashish/Hadoop/software_extract/spark-2.3.3-bin-hadoop2.7/licenses/LICENSE-pyrolite.txt
/home/student/Desktop/DESKTOP/DesktopFiles/Ashish/Hadoop/software_extract/spark-2.3.3-bin-hadoop2.7/licenses/LICENSE-xmlenc.txt
/home/student/Desktop/DESKTOP/DesktopFiles/Ashish/Hadoop/software_extract/spark-2.3.3-bin-hadoop2.7/licenses/LICENSE-py4j.txt
/home/student/Desktop/DESKTOP/DesktopFiles/Ashish/Hadoop/software_extract/spark-2.3.3-bin-hadoop2.7/licenses/LICENSE-graphlib-dot.txt
/home/student/Desktop/DESKTOP/DesktopFiles/Ashish/Hadoop/software_extract/spark-2.3.3-bin-hadoop2.7/licenses/LICENSE-sbt-launch-lib.txt
/home/student/Desktop/DESKTOP/DesktopFiles/Ashish/Hadoop/software_extract/spark-2.3.3-bin-hadoop2.7/licenses/LICENSE-heapq.txt
/home/student/Desktop/DESKTOP/DesktopFiles/Ashish/Hadoop/software_extract/spark-2.3.3-bin-hadoop2.7/licenses/LICENSE-scopt.txt
/home/student/Desktop/DESKTOP/DesktopFiles/Ashish/Hadoop/software_extract/spark-2.3.3-bin-hadoop2.7/licenses/LICENSE-jpmml-model.txt
/home/student/Desktop/DESKTOP/DesktopFiles/Ashish/Hadoop/software_extract/spark-2.3.3-bin-hadoop2.7/licenses/LICENSE-jbcrypt.txt
/home/student/Desktop/DESKTOP/DesktopFiles/Ashish/Hadoop/software_extract/spark-2.3.3-bin-hadoop2.7/licenses/LICENSE-dagre-d3.txt
/home/student/Desktop/DESKTOP/DesktopFiles/Ashish/Hadoop/software_extract/spark-2.3.3-bin-hadoop2.7/licenses/LICENSE-scala.txt
/home/student/Desktop/DESKTOP/DesktopFiles/Ashish/Hadoop/software_extract/spark-2.3.3-bin-hadoop2.7/licenses/LICENSE-f2j.txt
/home/student/Desktop/DESKTOP/DesktopFiles/Ashish/Hadoop/software_extract/spark-2.3.3-bin-hadoop2.7/licenses/LICENSE-d3.min.js.txt
/home/student/Desktop/DESKTOP/DesktopFiles/Ashish/Hadoop/software_extract/spark-2.3.3-bin-hadoop2.7/licenses/LICENSE-jline.txt
/home/student/Desktop/DESKTOP/DesktopFiles/Ashish/Hadoop/software_extract/spark-2.3.3-bin-hadoop2.7/licenses/LICENSE-boto.txt
/home/student/Desktop/DESKTOP/DesktopFiles/Ashish/Hadoop/software_extract/spark-2.3.3-bin-hadoop2.7/examples/src/main/resources/people.txt
/home/student/Desktop/DESKTOP/DesktopFiles/Ashish/Hadoop/software_extract/spark-2.3.3-bin-hadoop2.7/examples/src/main/resources/kv1.txt
/home/student/Desktop/DESKTOP/DesktopFiles/Ashish/Hadoop/software_extract/hbase-1.2.6/LICENSE.txt
/home/student/Desktop/DESKTOP/DesktopFiles/Ashish/Hadoop/software_extract/hbase-1.2.6/NOTICE.txt
/home/student/Desktop/DESKTOP/DesktopFiles/Ashish/Hadoop/software_extract/hbase-1.2.6/README.txt
/home/student/Desktop/DESKTOP/DesktopFiles/Ashish/Hadoop/software_extract/hbase-1.2.6/CHANGES.txt
/home/student/Desktop/DESKTOP/DesktopFiles/Ashish/StatisticswithR/1. R Basics/AnswerEx 1.txt
/home/student/Desktop/DESKTOP/DesktopFiles/Ashish/StatisticswithR/Old_data/Statistics with R_/lotus/TitanicData.txt
/home/student/Desktop/DESKTOP/DesktopFiles/Ashish/StatisticswithR/Old_data/Statistics with R_/lotus/Spark/spark_scala-command_olympic.txt
/home/student/Desktop/DESKTOP/DesktopFiles/Ashish/StatisticswithR/Old_data/Statistics with R_/lotus/Spark/Titanic_Pmb2.txt
/home/student/Desktop/DESKTOP/DesktopFiles/Ashish/StatisticswithR/Old_data/Statistics with R_/lotus/Spark/Titanic_Pmb1.txt
/home/student/Desktop/DESKTOP/DesktopFiles/Ashish/StatisticswithR/Old_data/Statistics with R_/Datasets/members.txt
/home/student/Desktop/DESKTOP/DesktopFiles/Ashish/StatisticswithR/Old_data/Statistics with R_/Datasets/trail.txt
/home/student/Desktop/DESKTOP/DesktopFiles/Ashish/StatisticswithR/Old_data/Statistics with R_/Datasets/Pen.txt
/home/student/Desktop/DESKTOP/DesktopFiles/Ashish/StatisticswithR/Datasets/class.txt
/home/student/Desktop/DESKTOP/DesktopFiles/Ashish/StatisticswithR/Datasets/bkhouse.txt
/home/student/Desktop/DESKTOP/DesktopFiles/Ashish/StatisticswithR/Datasets/CarAge.txt
/home/student/Desktop/DESKTOP/DesktopFiles/Ashish/StatisticswithR/Datasets/members.txt
/home/student/Desktop/DESKTOP/DesktopFiles/Ashish/StatisticswithR/Datasets/house.txt
/home/student/Desktop/DESKTOP/DesktopFiles/Ashish/StatisticswithR/Datasets/Pressure.txt
/home/student/Desktop/DESKTOP/DesktopFiles/Ashish/StatisticswithR/Datasets/Highway.txt
/home/student/Desktop/DESKTOP/DesktopFiles/Ashish/StatisticswithR/Datasets/CellPhones.txt
/home/student/Desktop/DESKTOP/DesktopFiles/Ashish/StatisticswithR/Datasets/Pen.txt
/home/student/Desktop/DESKTOP/DesktopFiles/Ashish/Test/Java/190243025015_AshishKadbe_mock/.metadata/.plugins/org.eclipse.jdt.core/savedIndexNames.txt
/home/student/Desktop/DESKTOP/DesktopFiles/Ashish/Test/Java/190243025015_AshishKadbe_mock/.metadata/.plugins/org.eclipse.jdt.core/javaLikeNames.txt
/home/student/Desktop/DESKTOP/DesktopFiles/Ashish/Test/Java/190243025015_AshishKadbe_mock/Calculator.txt
/home/student/Desktop/DESKTOP/DesktopFiles/Ashish/Test/BigData/190243025015_Ashish/.metadata/.plugins/org.eclipse.jdt.core/savedIndexNames.txt
/home/student/Desktop/DESKTOP/DesktopFiles/Ashish/Test/BigData/190243025015_Ashish/.metadata/.plugins/org.eclipse.jdt.core/javaLikeNames.txt
/home/student/Desktop/DESKTOP/DesktopFiles/Ashish/Test/Linux/190243025015_Ashish/executiables/a.txt
/home/student/Desktop/DESKTOP/DesktopFiles/Ashish/Python/dataset/day13/Day13/python-time-func-1.txt
/home/student/Desktop/DESKTOP/DesktopFiles/Ashish/Python/dataset/day13/Day13/simple-exponential-smoothing-10.txt
/home/student/Desktop/DESKTOP/DesktopFiles/Ashish/Python/dataset/day13/Day13/multiple-line-8.txt
/home/student/Desktop/DESKTOP/DesktopFiles/Ashish/Python/dataset/day13/Day13/holtwinter_forcasting using smoothening12.txt
/home/student/Desktop/DESKTOP/DesktopFiles/Ashish/Python/dataset/day13/Day13/moving-average-1.txt
/home/student/Desktop/DESKTOP/DesktopFiles/Ashish/Python/dataset/day13/Day13/holt-forcasting-11.txt
/home/student/Desktop/DESKTOP/DesktopFiles/Ashish/Python/dataset/Day12/auto-regression-13.txt
/home/student/Desktop/DESKTOP/DesktopFiles/Ashish/Python/dataset/uforeports.txt
/home/student/Desktop/DESKTOP/DesktopFiles/Ashish/Linux/l.txt
/home/student/Desktop/DESKTOP/DesktopFiles/Ashish/Linux/java.txt
/home/student/Desktop/DESKTOP/DesktopFiles/Ashish/Linux/b.txt
/home/student/Desktop/DESKTOP/DesktopFiles/Ashish/pycharm-community-2018.3.2/build.txt
/home/student/Desktop/DESKTOP/DesktopFiles/Ashish/pycharm-community-2018.3.2/helpers/pycharm/__jb.for_twisted/twisted/plugins/README.txt
/home/student/Desktop/DESKTOP/DesktopFiles/Ashish/pycharm-community-2018.3.2/helpers/pycharm/django_manage_commands_provider/readme.txt
/home/student/Desktop/DESKTOP/DesktopFiles/Ashish/pycharm-community-2018.3.2/helpers/pycharm/teamcity/README.txt
/home/student/Desktop/DESKTOP/DesktopFiles/Ashish/pycharm-community-2018.3.2/helpers/typeshed/requirements-tests-py3.txt
/home/student/Desktop/DESKTOP/DesktopFiles/Ashish/pycharm-community-2018.3.2/helpers/typeshed/tests/mypy_blacklist.txt
/home/student/Desktop/DESKTOP/DesktopFiles/Ashish/pycharm-community-2018.3.2/helpers/typeshed/tests/pytype_blacklist.txt
/home/student/Desktop/DESKTOP/DesktopFiles/Ashish/pycharm-community-2018.3.2/helpers/pydev/pycharm-readme.txt
/home/student/Desktop/DESKTOP/DesktopFiles/Ashish/pycharm-community-2018.3.2/helpers/pydev/tests_pydevd_runfiles/not_in_default_pythonpath.txt
/home/student/Desktop/DESKTOP/DesktopFiles/Ashish/pycharm-community-2018.3.2/helpers/pydev/tests_pydevd_runfiles/samples/not_in_default_pythonpath.txt
/home/student/Desktop/DESKTOP/DesktopFiles/Ashish/pycharm-community-2018.3.2/helpers/pydev/tests_pydevd_runfiles/samples/nested_dir/nested3/junk.txt
/home/student/Desktop/DESKTOP/DesktopFiles/Ashish/pycharm-community-2018.3.2/helpers/pydev/merge_pydev_pycharm.txt
/home/student/Desktop/DESKTOP/DesktopFiles/Ashish/pycharm-community-2018.3.2/helpers/pydev/third_party/pep8/lib2to3/lib2to3/PatternGrammar.txt
/home/student/Desktop/DESKTOP/DesktopFiles/Ashish/pycharm-community-2018.3.2/helpers/pydev/third_party/pep8/lib2to3/lib2to3/Grammar.txt
/home/student/Desktop/DESKTOP/DesktopFiles/Ashish/pycharm-community-2018.3.2/helpers/pydev/third_party/wrapped_for_pydev/ctypes/ctypes-README.txt
/home/student/Desktop/DESKTOP/DesktopFiles/Ashish/pycharm-community-2018.3.2/helpers/pydev/third_party/wrapped_for_pydev/not_in_default_pythonpath.txt
/home/student/Desktop/DESKTOP/DesktopFiles/Ashish/pycharm-community-2018.3.2/helpers/pydev/pydevd_attach_to_process/README.txt
/home/student/Desktop/DESKTOP/DesktopFiles/Ashish/pycharm-community-2018.3.2/helpers/pydev/pydev_sitecustomize/__not_in_default_pythonpath.txt
/home/student/Desktop/DESKTOP/DesktopFiles/Ashish/pycharm-community-2018.3.2/helpers/python-skeletons/LICENSE.txt
/home/student/Desktop/DESKTOP/DesktopFiles/Ashish/pycharm-community-2018.3.2/helpers/python-skeletons/AUTHORS.txt
/home/student/Desktop/DESKTOP/DesktopFiles/Ashish/pycharm-community-2018.3.2/helpers/icon-robots.txt
/home/student/Desktop/DESKTOP/DesktopFiles/Ashish/pycharm-community-2018.3.2/helpers/py3only/docutils/parsers/rst/include/s5defs.txt
/home/student/Desktop/DESKTOP/DesktopFiles/Ashish/pycharm-community-2018.3.2/helpers/py3only/docutils/parsers/rst/include/isogrk2.txt
/home/student/Desktop/DESKTOP/DesktopFiles/Ashish/pycharm-community-2018.3.2/helpers/py3only/docutils/parsers/rst/include/isoamsa.txt
/home/student/Desktop/DESKTOP/DesktopFiles/Ashish/pycharm-community-2018.3.2/helpers/py3only/docutils/parsers/rst/include/isogrk3.txt
/home/student/Desktop/DESKTOP/DesktopFiles/Ashish/pycharm-community-2018.3.2/helpers/py3only/docutils/parsers/rst/include/isoamso.txt
/home/student/Desktop/DESKTOP/DesktopFiles/Ashish/pycharm-community-2018.3.2/helpers/py3only/docutils/parsers/rst/include/isogrk4.txt
/home/student/Desktop/DESKTOP/DesktopFiles/Ashish/pycharm-community-2018.3.2/helpers/py3only/docutils/parsers/rst/include/isotech.txt
/home/student/Desktop/DESKTOP/DesktopFiles/Ashish/pycharm-community-2018.3.2/helpers/py3only/docutils/parsers/rst/include/isoamsn.txt
/home/student/Desktop/DESKTOP/DesktopFiles/Ashish/pycharm-community-2018.3.2/helpers/py3only/docutils/parsers/rst/include/isocyr2.txt
/home/student/Desktop/DESKTOP/DesktopFiles/Ashish/pycharm-community-2018.3.2/helpers/py3only/docutils/parsers/rst/include/README.txt
/home/student/Desktop/DESKTOP/DesktopFiles/Ashish/pycharm-community-2018.3.2/helpers/py3only/docutils/parsers/rst/include/isomopf.txt
/home/student/Desktop/DESKTOP/DesktopFiles/Ashish/pycharm-community-2018.3.2/helpers/py3only/docutils/parsers/rst/include/isomscr.txt
/home/student/Desktop/DESKTOP/DesktopFiles/Ashish/pycharm-community-2018.3.2/helpers/py3only/docutils/parsers/rst/include/isogrk1.txt
/home/student/Desktop/DESKTOP/DesktopFiles/Ashish/pycharm-community-2018.3.2/helpers/py3only/docutils/parsers/rst/include/mmlextra.txt
/home/student/Desktop/DESKTOP/DesktopFiles/Ashish/pycharm-community-2018.3.2/helpers/py3only/docutils/parsers/rst/include/isoamsr.txt
/home/student/Desktop/DESKTOP/DesktopFiles/Ashish/pycharm-community-2018.3.2/helpers/py3only/docutils/parsers/rst/include/isolat1.txt
/home/student/Desktop/DESKTOP/DesktopFiles/Ashish/pycharm-community-2018.3.2/helpers/py3only/docutils/parsers/rst/include/mmlextra-wide.txt
/home/student/Desktop/DESKTOP/DesktopFiles/Ashish/pycharm-community-2018.3.2/helpers/py3only/docutils/parsers/rst/include/isobox.txt
/home/student/Desktop/DESKTOP/DesktopFiles/Ashish/pycharm-community-2018.3.2/helpers/py3only/docutils/parsers/rst/include/isolat2.txt
/home/student/Desktop/DESKTOP/DesktopFiles/Ashish/pycharm-community-2018.3.2/helpers/py3only/docutils/parsers/rst/include/isoamsc.txt
/home/student/Desktop/DESKTOP/DesktopFiles/Ashish/pycharm-community-2018.3.2/helpers/py3only/docutils/parsers/rst/include/isonum.txt
/home/student/Desktop/DESKTOP/DesktopFiles/Ashish/pycharm-community-2018.3.2/helpers/py3only/docutils/parsers/rst/include/xhtml1-lat1.txt
/home/student/Desktop/DESKTOP/DesktopFiles/Ashish/pycharm-community-2018.3.2/helpers/py3only/docutils/parsers/rst/include/xhtml1-special.txt
/home/student/Desktop/DESKTOP/DesktopFiles/Ashish/pycharm-community-2018.3.2/helpers/py3only/docutils/parsers/rst/include/isodia.txt
/home/student/Desktop/DESKTOP/DesktopFiles/Ashish/pycharm-community-2018.3.2/helpers/py3only/docutils/parsers/rst/include/isoamsb.txt
/home/student/Desktop/DESKTOP/DesktopFiles/Ashish/pycharm-community-2018.3.2/helpers/py3only/docutils/parsers/rst/include/isogrk4-wide.txt
/home/student/Desktop/DESKTOP/DesktopFiles/Ashish/pycharm-community-2018.3.2/helpers/py3only/docutils/parsers/rst/include/isopub.txt
/home/student/Desktop/DESKTOP/DesktopFiles/Ashish/pycharm-community-2018.3.2/helpers/py3only/docutils/parsers/rst/include/isomscr-wide.txt
/home/student/Desktop/DESKTOP/DesktopFiles/Ashish/pycharm-community-2018.3.2/helpers/py3only/docutils/parsers/rst/include/xhtml1-symbol.txt
/home/student/Desktop/DESKTOP/DesktopFiles/Ashish/pycharm-community-2018.3.2/helpers/py3only/docutils/parsers/rst/include/isomfrk-wide.txt
/home/student/Desktop/DESKTOP/DesktopFiles/Ashish/pycharm-community-2018.3.2/helpers/py3only/docutils/parsers/rst/include/mmlalias.txt
/home/student/Desktop/DESKTOP/DesktopFiles/Ashish/pycharm-community-2018.3.2/helpers/py3only/docutils/parsers/rst/include/isomfrk.txt
/home/student/Desktop/DESKTOP/DesktopFiles/Ashish/pycharm-community-2018.3.2/helpers/py3only/docutils/parsers/rst/include/isocyr1.txt
/home/student/Desktop/DESKTOP/DesktopFiles/Ashish/pycharm-community-2018.3.2/helpers/py3only/docutils/parsers/rst/include/isomopf-wide.txt
/home/student/Desktop/DESKTOP/DesktopFiles/Ashish/pycharm-community-2018.3.2/helpers/py3only/docutils/writers/pep_html/template.txt
/home/student/Desktop/DESKTOP/DesktopFiles/Ashish/pycharm-community-2018.3.2/helpers/py3only/docutils/writers/html4css1/template.txt
/home/student/Desktop/DESKTOP/DesktopFiles/Ashish/pycharm-community-2018.3.2/helpers/py3only/docutils/writers/s5_html/themes/README.txt
/home/student/Desktop/DESKTOP/DesktopFiles/Ashish/pycharm-community-2018.3.2/helpers/py2only/docutils/parsers/rst/include/s5defs.txt
/home/student/Desktop/DESKTOP/DesktopFiles/Ashish/pycharm-community-2018.3.2/helpers/py2only/docutils/parsers/rst/include/isogrk2.txt
/home/student/Desktop/DESKTOP/DesktopFiles/Ashish/pycharm-community-2018.3.2/helpers/py2only/docutils/parsers/rst/include/isoamsa.txt
/home/student/Desktop/DESKTOP/DesktopFiles/Ashish/pycharm-community-2018.3.2/helpers/py2only/docutils/parsers/rst/include/isogrk3.txt
/home/student/Desktop/DESKTOP/DesktopFiles/Ashish/pycharm-community-2018.3.2/helpers/py2only/docutils/parsers/rst/include/isoamso.txt
/home/student/Desktop/DESKTOP/DesktopFiles/Ashish/pycharm-community-2018.3.2/helpers/py2only/docutils/parsers/rst/include/isogrk4.txt
/home/student/Desktop/DESKTOP/DesktopFiles/Ashish/pycharm-community-2018.3.2/helpers/py2only/docutils/parsers/rst/include/isotech.txt
/home/student/Desktop/DESKTOP/DesktopFiles/Ashish/pycharm-community-2018.3.2/helpers/py2only/docutils/parsers/rst/include/isoamsn.txt
/home/student/Desktop/DESKTOP/DesktopFiles/Ashish/pycharm-community-2018.3.2/helpers/py2only/docutils/parsers/rst/include/isocyr2.txt
/home/student/Desktop/DESKTOP/DesktopFiles/Ashish/pycharm-community-2018.3.2/helpers/py2only/docutils/parsers/rst/include/README.txt
/home/student/Desktop/DESKTOP/DesktopFiles/Ashish/pycharm-community-2018.3.2/helpers/py2only/docutils/parsers/rst/include/isomopf.txt
/home/student/Desktop/DESKTOP/DesktopFiles/Ashish/pycharm-community-2018.3.2/helpers/py2only/docutils/parsers/rst/include/isomscr.txt
/home/student/Desktop/DESKTOP/DesktopFiles/Ashish/pycharm-community-2018.3.2/helpers/py2only/docutils/parsers/rst/include/isogrk1.txt
/home/student/Desktop/DESKTOP/DesktopFiles/Ashish/pycharm-community-2018.3.2/helpers/py2only/docutils/parsers/rst/include/mmlextra.txt
/home/student/Desktop/DESKTOP/DesktopFiles/Ashish/pycharm-community-2018.3.2/helpers/py2only/docutils/parsers/rst/include/isoamsr.txt
/home/student/Desktop/DESKTOP/DesktopFiles/Ashish/pycharm-community-2018.3.2/helpers/py2only/docutils/parsers/rst/include/isolat1.txt
/home/student/Desktop/DESKTOP/DesktopFiles/Ashish/pycharm-community-2018.3.2/helpers/py2only/docutils/parsers/rst/include/mmlextra-wide.txt
/home/student/Desktop/DESKTOP/DesktopFiles/Ashish/pycharm-community-2018.3.2/helpers/py2only/docutils/parsers/rst/include/isobox.txt
/home/student/Desktop/DESKTOP/DesktopFiles/Ashish/pycharm-community-2018.3.2/helpers/py2only/docutils/parsers/rst/include/isolat2.txt
/home/student/Desktop/DESKTOP/DesktopFiles/Ashish/pycharm-community-2018.3.2/helpers/py2only/docutils/parsers/rst/include/isoamsc.txt
/home/student/Desktop/DESKTOP/DesktopFiles/Ashish/pycharm-community-2018.3.2/helpers/py2only/docutils/parsers/rst/include/isonum.txt
/home/student/Desktop/DESKTOP/DesktopFiles/Ashish/pycharm-community-2018.3.2/helpers/py2only/docutils/parsers/rst/include/xhtml1-lat1.txt
/home/student/Desktop/DESKTOP/DesktopFiles/Ashish/pycharm-community-2018.3.2/helpers/py2only/docutils/parsers/rst/include/xhtml1-special.txt
/home/student/Desktop/DESKTOP/DesktopFiles/Ashish/pycharm-community-2018.3.2/helpers/py2only/docutils/parsers/rst/include/isodia.txt
/home/student/Desktop/DESKTOP/DesktopFiles/Ashish/pycharm-community-2018.3.2/helpers/py2only/docutils/parsers/rst/include/isoamsb.txt
/home/student/Desktop/DESKTOP/DesktopFiles/Ashish/pycharm-community-2018.3.2/helpers/py2only/docutils/parsers/rst/include/isogrk4-wide.txt
/home/student/Desktop/DESKTOP/DesktopFiles/Ashish/pycharm-community-2018.3.2/helpers/py2only/docutils/parsers/rst/include/isopub.txt
/home/student/Desktop/DESKTOP/DesktopFiles/Ashish/pycharm-community-2018.3.2/helpers/py2only/docutils/parsers/rst/include/isomscr-wide.txt
/home/student/Desktop/DESKTOP/DesktopFiles/Ashish/pycharm-community-2018.3.2/helpers/py2only/docutils/parsers/rst/include/xhtml1-symbol.txt
/home/student/Desktop/DESKTOP/DesktopFiles/Ashish/pycharm-community-2018.3.2/helpers/py2only/docutils/parsers/rst/include/isomfrk-wide.txt
/home/student/Desktop/DESKTOP/DesktopFiles/Ashish/pycharm-community-2018.3.2/helpers/py2only/docutils/parsers/rst/include/mmlalias.txt
/home/student/Desktop/DESKTOP/DesktopFiles/Ashish/pycharm-community-2018.3.2/helpers/py2only/docutils/parsers/rst/include/isomfrk.txt
/home/student/Desktop/DESKTOP/DesktopFiles/Ashish/pycharm-community-2018.3.2/helpers/py2only/docutils/parsers/rst/include/isocyr1.txt
/home/student/Desktop/DESKTOP/DesktopFiles/Ashish/pycharm-community-2018.3.2/helpers/py2only/docutils/parsers/rst/include/isomopf-wide.txt
/home/student/Desktop/DESKTOP/DesktopFiles/Ashish/pycharm-community-2018.3.2/helpers/py2only/docutils/writers/pep_html/template.txt
/home/student/Desktop/DESKTOP/DesktopFiles/Ashish/pycharm-community-2018.3.2/helpers/py2only/docutils/writers/html4css1/template.txt
/home/student/Desktop/DESKTOP/DesktopFiles/Ashish/pycharm-community-2018.3.2/helpers/py2only/docutils/writers/s5_html/themes/README.txt
/home/student/Desktop/DESKTOP/DesktopFiles/Ashish/pycharm-community-2018.3.2/helpers/tools/stdlib_packages.txt
/home/student/Desktop/DESKTOP/DesktopFiles/Ashish/pycharm-community-2018.3.2/jre64/lib/fonts/LICENSE.txt
/home/student/Desktop/DESKTOP/DesktopFiles/Ashish/pycharm-community-2018.3.2/jre64/lib/amd64/server/Xusage.txt
/home/student/Desktop/DESKTOP/DesktopFiles/Ashish/pycharm-community-2018.3.2/jre64/lib/jvm.hprof.txt
/home/student/Desktop/DESKTOP/DesktopFiles/Ashish/pycharm-community-2018.3.2/license/asm_license.txt
/home/student/Desktop/DESKTOP/DesktopFiles/Ashish/pycharm-community-2018.3.2/license/microba_license.txt
/home/student/Desktop/DESKTOP/DesktopFiles/Ashish/pycharm-community-2018.3.2/license/LICENSE.txt
/home/student/Desktop/DESKTOP/DesktopFiles/Ashish/pycharm-community-2018.3.2/license/NOTICE.txt
/home/student/Desktop/DESKTOP/DesktopFiles/Ashish/pycharm-community-2018.3.2/license/picoContainer_license.txt
/home/student/Desktop/DESKTOP/DesktopFiles/Ashish/pycharm-community-2018.3.2/license/jdom_license.txt
/home/student/Desktop/DESKTOP/DesktopFiles/Ashish/pycharm-community-2018.3.2/license/jaxen_license.txt
/home/student/Desktop/DESKTOP/DesktopFiles/Ashish/pycharm-community-2018.3.2/license/javahelp_license.txt
/home/student/Desktop/DESKTOP/DesktopFiles/Ashish/pycharm-community-2018.3.2/license/jgoodies_forms_license.txt
/home/student/Desktop/DESKTOP/DesktopFiles/Ashish/pycharm-community-2018.3.2/license/gson_license.txt
/home/student/Desktop/DESKTOP/DesktopFiles/Ashish/pycharm-community-2018.3.2/license/xmlrpc_license.txt
/home/student/Desktop/DESKTOP/DesktopFiles/Ashish/pycharm-community-2018.3.2/license/ant_license.txt
/home/student/Desktop/DESKTOP/DesktopFiles/Ashish/pycharm-community-2018.3.2/license/trove4j_license.txt
/home/student/Desktop/DESKTOP/DesktopFiles/Ashish/pycharm-community-2018.3.2/license/javolution_license.txt
/home/student/Desktop/DESKTOP/DesktopFiles/Ashish/pycharm-community-2018.3.2/license/log4j_license.txt
/home/student/Desktop/DESKTOP/DesktopFiles/Ashish/pycharm-community-2018.3.2/license/nanoxml_license.txt
/home/student/Desktop/DESKTOP/DesktopFiles/Ashish/pycharm-community-2018.3.2/license/imgscalr_license.txt
/home/student/Desktop/DESKTOP/DesktopFiles/Ashish/pycharm-community-2018.3.2/license/swingx_license.txt
/home/student/Desktop/DESKTOP/DesktopFiles/Ashish/pycharm-community-2018.3.2/license/kryo-license.txt
/home/student/Desktop/DESKTOP/DesktopFiles/Ashish/pycharm-community-2018.3.2/license/yourkit-license-redist.txt
/home/student/Desktop/DESKTOP/DesktopFiles/Ashish/pycharm-community-2018.3.2/license/miglayout_swing_license.txt
/home/student/Desktop/DESKTOP/DesktopFiles/Ashish/pycharm-community-2018.3.2/license/winp_license.txt
/home/student/Desktop/DESKTOP/DesktopFiles/Ashish/pycharm-community-2018.3.2/license/xerces_license.txt
/home/student/Desktop/DESKTOP/DesktopFiles/Ashish/pycharm-community-2018.3.2/license/eclipse_license2.txt
/home/student/Desktop/DESKTOP/DesktopFiles/Ashish/pycharm-community-2018.3.2/license/eclipse_license.txt
/home/student/Desktop/DESKTOP/DesktopFiles/Ashish/pycharm-community-2018.3.2/license/XStream_license.txt
/home/student/Desktop/DESKTOP/DesktopFiles/Ashish/pycharm-community-2018.3.2/license/junit_license.txt
/home/student/Desktop/DESKTOP/DesktopFiles/Ashish/pycharm-community-2018.3.2/license/jaxb_license.txt
/home/student/Desktop/DESKTOP/DesktopFiles/Ashish/pycharm-community-2018.3.2/license/oromatcher_license.txt
/home/student/Desktop/DESKTOP/DesktopFiles/Ashish/pycharm-community-2018.3.2/Install-Linux-tar.txt
/home/student/Desktop/DESKTOP/DesktopFiles/BookData.txt
/home/student/Desktop/DESKTOP/DesktopFiles/Bigdatamockexam/TitanicData.txt
/home/student/Desktop/DESKTOP/DesktopFiles/Bigdatamockexam/olympic.txt
/home/student/Desktop/DESKTOP/DesktopFiles/Linux/awkdemo.txt
/home/student/Desktop/DESKTOP/DesktopFiles/Linux/test3.txt
/home/student/Desktop/DESKTOP/DesktopFiles/Linux/seddemo.txt
/home/student/Desktop/DESKTOP/DesktopFiles/Linux/test4.txt
/home/student/Desktop/DESKTOP/DesktopFiles/Linux/a.txt
/home/student/Desktop/DESKTOP/DesktopFiles/Linux/test2.txt
/home/student/Desktop/DESKTOP/DesktopFiles/Linux/test.txt
/home/student/Desktop/DESKTOP/DesktopFiles/Linux/LightInfo.txt
/home/student/Desktop/DESKTOP/DesktopFiles/Linux/test/a.txt
/home/student/Desktop/DESKTOP/c#_OOP.txt
/home/student/Desktop/DESKTOP/PG-DBDA-Aug18/Final Submission/Classification1Test.txt
/home/student/Desktop/DESKTOP/PG-DBDA-Aug18/Final Submission/ClassificationProblem1.txt
/home/student/Desktop/DESKTOP/CCE Data/Ruchi/Analytics Assignement/New Text Document.txt
/home/student/Desktop/DESKTOP/CCE Data/Python/python/cs/syllabus.txt
/home/student/Desktop/DESKTOP/CCE Data/Python/python/syllabus.txt
/home/student/Desktop/DESKTOP/CCE Data/Python/python/useful links.txt
/home/student/Desktop/DESKTOP/CCE Data/Python/regex and file handling/regex and file handling/info.txt
/home/student/Desktop/DESKTOP/CCE Data/Machine Learning/Machine Learning Videos/R Programming/2 - 12 - Introduction to swirl.txt
/home/student/Desktop/DESKTOP/CCE Data/Machine Learning/Machine Learning/Cases/Qualitative_Bankruptcy/Qualitative_Bankruptcy.info.txt
/home/student/Desktop/DESKTOP/CCE Data/Machine Learning/Machine Learning/Cases/Qualitative_Bankruptcy/Qualitative_Bankruptcy.data.txt
/home/student/Desktop/DESKTOP/CCE Data/Machine Learning/Machine Learning/Cases/Cases/Qualitative_Bankruptcy/Qualitative_Bankruptcy.info.txt
/home/student/Desktop/DESKTOP/CCE Data/Machine Learning/Machine Learning/Cases/Cases/Qualitative_Bankruptcy/Qualitative_Bankruptcy.data.txt
/home/student/Desktop/DESKTOP/CCE Data/Machine Learning/Machine Learning/Cases/Cases/Concrete Strength/Info.txt
/home/student/Desktop/DESKTOP/CCE Data/Machine Learning/Machine Learning/Cases/Concrete Strength/Info.txt
/home/student/Desktop/DESKTOP/CCE Data/Machine Learning/Machine Learning Assignment/Datasets/members.txt
/home/student/Desktop/DESKTOP/CCE Data/Machine Learning/Machine Learning Assignment/Datasets/trail.txt
/home/student/Desktop/DESKTOP/CCE Data/Machine Learning/Machine Learning Assignment/Datasets/contacts.txt
/home/student/Desktop/DESKTOP/CCE Data/Machine Learning/Machine Learning Assignment/Datasets/Pen.txt
/home/student/Desktop/DESKTOP/CCE Data/sonali/CCEE/DBMS/New Text Document.txt
/home/student/Desktop/DESKTOP/CCE Data/sonali/CCEE/R/mcq.txt
/home/student/Desktop/DESKTOP/CCE Data/sonali/CCEE/Python/New Text Document.txt
/home/student/Desktop/DESKTOP/CCE Data/sonali/CCEE/Python/Note.txt
/home/student/Desktop/DESKTOP/CCE Data/sonali/CCEE/Scala/New Text Document.txt
/home/student/Desktop/DESKTOP/CCE Data/sonali/CCEE/Java/Notes.txt
/home/student/Desktop/DESKTOP/CCE Data/sonali/CCEE/Java/mcq.txt
/home/student/Desktop/DESKTOP/CCE Data/sonali/CCEE/BigData/Spark.txt
/home/student/Desktop/DESKTOP/CCE Data/sonali/CCEE/BigData/New Text Document.txt
/home/student/Desktop/DESKTOP/CCE Data/sonali/CCEE/BigData/PIG.txt
/home/student/Desktop/DESKTOP/CCE Data/sonali/CCEE/BigData/HDT.txt
/home/student/Desktop/DESKTOP/CCE Data/sonali/CCEE/AA/New Text Document.txt
/home/student/Desktop/DESKTOP/CCE Data/sonali/CCEE/ML/New Text Document.txt
/home/student/Desktop/DESKTOP/CCE Data/sonali/CCEE/Linux/New Text Document.txt
/home/student/Desktop/DESKTOP/CCE Data/Statistics with R/lotus/TitanicData.txt
/home/student/Desktop/DESKTOP/CCE Data/Statistics with R/lotus/Spark/spark_scala-command_olympic.txt
/home/student/Desktop/DESKTOP/CCE Data/Statistics with R/lotus/Spark/Titanic_Pmb2.txt
/home/student/Desktop/DESKTOP/CCE Data/Statistics with R/lotus/Spark/Titanic_Pmb1.txt
/home/student/Desktop/DESKTOP/CCE Data/Statistics with R/R pro/Statistics with R/Datasets/members.txt
/home/student/Desktop/DESKTOP/CCE Data/Statistics with R/R pro/Statistics with R/Datasets/trail.txt
/home/student/Desktop/DESKTOP/CCE Data/Statistics with R/R pro/Statistics with R/Datasets/contacts.txt
/home/student/Desktop/DESKTOP/CCE Data/Statistics with R/R pro/Statistics with R/Datasets/Pen.txt
/home/student/Desktop/DESKTOP/CCE Data/Statistics with R/Datasets/members.txt
/home/student/Desktop/DESKTOP/CCE Data/Statistics with R/Datasets/trail.txt
/home/student/Desktop/DESKTOP/CCE Data/Statistics with R/Datasets/Pen.txt
/home/student/Desktop/DESKTOP/CCE Data/Salunki/Project Data/Group 1/projectmovieRate/jsp application/movies.txt
/home/student/Desktop/DESKTOP/CCE Data/Salunki/Project Data/Group 1/projectmovieRate/jsp application/io.txt
/home/student/Desktop/DESKTOP/CCE Data/Salunki/Project Data/Group 4/Virtual Intelligent ChatBot/movie_conversations.txt
/home/student/Desktop/DESKTOP/CCE Data/Salunki/Project Data/Group 4/Virtual Intelligent ChatBot/output.txt
/home/student/Desktop/DESKTOP/CCE Data/Salunki/Project Data/Group 4/Virtual Intelligent ChatBot/input.txt
/home/student/Desktop/DESKTOP/CCE Data/Salunki/Project Data/Group 4/Virtual Intelligent ChatBot/movie_lines.txt
/home/student/Desktop/DESKTOP/CCE Data/Salunki/Project Data/Group 5/Project Code/SystemCall/target/metastore_db/seg0/README_DO_NOT_TOUCH_FILES.txt
/home/student/Desktop/DESKTOP/CCE Data/Salunki/Project Data/Group 5/Project Code/SystemCall/target/metastore_db/log/README_DO_NOT_TOUCH_FILES.txt
/home/student/Desktop/DESKTOP/CCE Data/Salunki/Project Data/Group 5/Project Code/SystemCall/target/metastore_db/README_DO_NOT_TOUCH_FILES.txt
/home/student/Desktop/DESKTOP/CCE Data/Salunki/MCQ SanFoundary/ml/Machine Learning/Cases/Qualitative_Bankruptcy/Qualitative_Bankruptcy.info.txt
/home/student/Desktop/DESKTOP/CCE Data/Salunki/MCQ SanFoundary/ml/Machine Learning/Cases/Qualitative_Bankruptcy/Qualitative_Bankruptcy.data.txt
/home/student/Desktop/DESKTOP/CCE Data/Salunki/MCQ SanFoundary/ml/Machine Learning/Cases/Cases/Qualitative_Bankruptcy/Qualitative_Bankruptcy.info.txt
/home/student/Desktop/DESKTOP/CCE Data/Salunki/MCQ SanFoundary/ml/Machine Learning/Cases/Cases/Qualitative_Bankruptcy/Qualitative_Bankruptcy.data.txt
/home/student/Desktop/DESKTOP/CCE Data/Salunki/MCQ SanFoundary/ml/Machine Learning/Cases/Cases/Concrete Strength/Info.txt
/home/student/Desktop/DESKTOP/CCE Data/Salunki/MCQ SanFoundary/ml/Machine Learning/Cases/Concrete Strength/Info.txt
/home/student/Desktop/DESKTOP/CCE Data/Salunki/MCQ SanFoundary/Exam Data/Hadoop wordcount/sqoopassignement.txt
/home/student/Desktop/DESKTOP/CCE Data/Salunki/MCQ SanFoundary/Exam Data/Linux/user27.txt
/home/student/Desktop/DESKTOP/CCE Data/Salunki/MCQ SanFoundary/Exam Data/Linux/user18.txt
/home/student/Desktop/DESKTOP/CCE Data/Salunki/MCQ SanFoundary/Exam Data/Linux/user19.txt
/home/student/Desktop/DESKTOP/CCE Data/Salunki/Machine Learning Videos/R Programming/2 - 12 - Introduction to swirl.txt
/home/student/Desktop/DESKTOP/CCE Data/Salunki/DBDA lab/PycharmProjects/Lists/venv/lib/python3.5/no-global-site-packages.txt
/home/student/Desktop/DESKTOP/CCE Data/Salunki/DBDA lab/PycharmProjects/Lists/venv/lib/python3.5/site-packages/pip-9.0.1.dist-info/entry_points.txt
/home/student/Desktop/DESKTOP/CCE Data/Salunki/DBDA lab/PycharmProjects/Lists/venv/lib/python3.5/site-packages/pip-9.0.1.dist-info/top_level.txt
/home/student/Desktop/DESKTOP/CCE Data/Salunki/DBDA lab/PycharmProjects/Lists/venv/lib/python3.5/site-packages/wheel-0.30.0.dist-info/entry_points.txt
/home/student/Desktop/DESKTOP/CCE Data/Salunki/DBDA lab/PycharmProjects/Lists/venv/lib/python3.5/site-packages/wheel-0.30.0.dist-info/LICENSE.txt
/home/student/Desktop/DESKTOP/CCE Data/Salunki/DBDA lab/PycharmProjects/Lists/venv/lib/python3.5/site-packages/wheel-0.30.0.dist-info/top_level.txt
/home/student/Desktop/DESKTOP/CCE Data/Salunki/DBDA lab/PycharmProjects/Lists/venv/lib/python3.5/site-packages/setuptools-38.5.1.dist-info/entry_points.txt
/home/student/Desktop/DESKTOP/CCE Data/Salunki/DBDA lab/PycharmProjects/Lists/venv/lib/python3.5/site-packages/setuptools-38.5.1.dist-info/LICENSE.txt
/home/student/Desktop/DESKTOP/CCE Data/Salunki/DBDA lab/PycharmProjects/Lists/venv/lib/python3.5/site-packages/setuptools-38.5.1.dist-info/top_level.txt
/home/student/Desktop/DESKTOP/CCE Data/Salunki/DBDA lab/PycharmProjects/Lists/venv/lib/python3.5/site-packages/setuptools-38.5.1.dist-info/dependency_links.txt
/home/student/Desktop/DESKTOP/CCE Data/Salunki/DBDA lab/PycharmProjects/Lists/venv/lib/python3.5/orig-prefix.txt
/home/student/Desktop/DESKTOP/CCE Data/Salunki/DBDA lab/PycharmProjects/dictup/venv/lib/python3.5/no-global-site-packages.txt
/home/student/Desktop/DESKTOP/CCE Data/Salunki/DBDA lab/PycharmProjects/dictup/venv/lib/python3.5/site-packages/pip-9.0.1.dist-info/entry_points.txt
/home/student/Desktop/DESKTOP/CCE Data/Salunki/DBDA lab/PycharmProjects/dictup/venv/lib/python3.5/site-packages/pip-9.0.1.dist-info/top_level.txt
/home/student/Desktop/DESKTOP/CCE Data/Salunki/DBDA lab/PycharmProjects/dictup/venv/lib/python3.5/site-packages/wheel-0.30.0.dist-info/entry_points.txt
/home/student/Desktop/DESKTOP/CCE Data/Salunki/DBDA lab/PycharmProjects/dictup/venv/lib/python3.5/site-packages/wheel-0.30.0.dist-info/LICENSE.txt
/home/student/Desktop/DESKTOP/CCE Data/Salunki/DBDA lab/PycharmProjects/dictup/venv/lib/python3.5/site-packages/wheel-0.30.0.dist-info/top_level.txt
/home/student/Desktop/DESKTOP/CCE Data/Salunki/DBDA lab/PycharmProjects/dictup/venv/lib/python3.5/site-packages/setuptools-38.5.1.dist-info/entry_points.txt
/home/student/Desktop/DESKTOP/CCE Data/Salunki/DBDA lab/PycharmProjects/dictup/venv/lib/python3.5/site-packages/setuptools-38.5.1.dist-info/LICENSE.txt
/home/student/Desktop/DESKTOP/CCE Data/Salunki/DBDA lab/PycharmProjects/dictup/venv/lib/python3.5/site-packages/setuptools-38.5.1.dist-info/top_level.txt
/home/student/Desktop/DESKTOP/CCE Data/Salunki/DBDA lab/PycharmProjects/dictup/venv/lib/python3.5/site-packages/setuptools-38.5.1.dist-info/dependency_links.txt
/home/student/Desktop/DESKTOP/CCE Data/Salunki/DBDA lab/PycharmProjects/dictup/venv/lib/python3.5/orig-prefix.txt
/home/student/Desktop/DESKTOP/CCE Data/Salunki/DBDA lab/PycharmProjects/functions/venv/lib/python3.5/no-global-site-packages.txt
/home/student/Desktop/DESKTOP/CCE Data/Salunki/DBDA lab/PycharmProjects/functions/venv/lib/python3.5/site-packages/pip-9.0.1.dist-info/entry_points.txt
/home/student/Desktop/DESKTOP/CCE Data/Salunki/DBDA lab/PycharmProjects/functions/venv/lib/python3.5/site-packages/pip-9.0.1.dist-info/top_level.txt
/home/student/Desktop/DESKTOP/CCE Data/Salunki/DBDA lab/PycharmProjects/functions/venv/lib/python3.5/site-packages/wheel-0.30.0.dist-info/entry_points.txt
/home/student/Desktop/DESKTOP/CCE Data/Salunki/DBDA lab/PycharmProjects/functions/venv/lib/python3.5/site-packages/wheel-0.30.0.dist-info/LICENSE.txt
/home/student/Desktop/DESKTOP/CCE Data/Salunki/DBDA lab/PycharmProjects/functions/venv/lib/python3.5/site-packages/wheel-0.30.0.dist-info/top_level.txt
/home/student/Desktop/DESKTOP/CCE Data/Salunki/DBDA lab/PycharmProjects/functions/venv/lib/python3.5/site-packages/setuptools-38.5.1.dist-info/entry_points.txt
/home/student/Desktop/DESKTOP/CCE Data/Salunki/DBDA lab/PycharmProjects/functions/venv/lib/python3.5/site-packages/setuptools-38.5.1.dist-info/LICENSE.txt
/home/student/Desktop/DESKTOP/CCE Data/Salunki/DBDA lab/PycharmProjects/functions/venv/lib/python3.5/site-packages/setuptools-38.5.1.dist-info/top_level.txt
/home/student/Desktop/DESKTOP/CCE Data/Salunki/DBDA lab/PycharmProjects/functions/venv/lib/python3.5/site-packages/setuptools-38.5.1.dist-info/dependency_links.txt
/home/student/Desktop/DESKTOP/CCE Data/Salunki/DBDA lab/PycharmProjects/functions/venv/lib/python3.5/orig-prefix.txt
/home/student/Desktop/DESKTOP/CCE Data/Salunki/DBDA lab/PycharmProjects/string/venv/lib/python3.5/no-global-site-packages.txt
/home/student/Desktop/DESKTOP/CCE Data/Salunki/DBDA lab/PycharmProjects/string/venv/lib/python3.5/site-packages/pip-9.0.1.dist-info/entry_points.txt
/home/student/Desktop/DESKTOP/CCE Data/Salunki/DBDA lab/PycharmProjects/string/venv/lib/python3.5/site-packages/pip-9.0.1.dist-info/top_level.txt
/home/student/Desktop/DESKTOP/CCE Data/Salunki/DBDA lab/PycharmProjects/string/venv/lib/python3.5/site-packages/wheel-0.30.0.dist-info/entry_points.txt
/home/student/Desktop/DESKTOP/CCE Data/Salunki/DBDA lab/PycharmProjects/string/venv/lib/python3.5/site-packages/wheel-0.30.0.dist-info/LICENSE.txt
/home/student/Desktop/DESKTOP/CCE Data/Salunki/DBDA lab/PycharmProjects/string/venv/lib/python3.5/site-packages/wheel-0.30.0.dist-info/top_level.txt
/home/student/Desktop/DESKTOP/CCE Data/Salunki/DBDA lab/PycharmProjects/string/venv/lib/python3.5/site-packages/setuptools-38.5.1.dist-info/entry_points.txt
/home/student/Desktop/DESKTOP/CCE Data/Salunki/DBDA lab/PycharmProjects/string/venv/lib/python3.5/site-packages/setuptools-38.5.1.dist-info/LICENSE.txt
/home/student/Desktop/DESKTOP/CCE Data/Salunki/DBDA lab/PycharmProjects/string/venv/lib/python3.5/site-packages/setuptools-38.5.1.dist-info/top_level.txt
/home/student/Desktop/DESKTOP/CCE Data/Salunki/DBDA lab/PycharmProjects/string/venv/lib/python3.5/site-packages/setuptools-38.5.1.dist-info/dependency_links.txt
/home/student/Desktop/DESKTOP/CCE Data/Salunki/DBDA lab/PycharmProjects/string/venv/lib/python3.5/orig-prefix.txt
/home/student/Desktop/DESKTOP/CCE Data/Salunki/DBDA lab/PycharmProjects/numpy/venv/lib/python3.5/no-global-site-packages.txt
/home/student/Desktop/DESKTOP/CCE Data/Salunki/DBDA lab/PycharmProjects/numpy/venv/lib/python3.5/site-packages/pip-9.0.1.dist-info/entry_points.txt
/home/student/Desktop/DESKTOP/CCE Data/Salunki/DBDA lab/PycharmProjects/numpy/venv/lib/python3.5/site-packages/pip-9.0.1.dist-info/top_level.txt
/home/student/Desktop/DESKTOP/CCE Data/Salunki/DBDA lab/PycharmProjects/numpy/venv/lib/python3.5/site-packages/wheel-0.30.0.dist-info/entry_points.txt
/home/student/Desktop/DESKTOP/CCE Data/Salunki/DBDA lab/PycharmProjects/numpy/venv/lib/python3.5/site-packages/wheel-0.30.0.dist-info/LICENSE.txt
/home/student/Desktop/DESKTOP/CCE Data/Salunki/DBDA lab/PycharmProjects/numpy/venv/lib/python3.5/site-packages/wheel-0.30.0.dist-info/top_level.txt
/home/student/Desktop/DESKTOP/CCE Data/Salunki/DBDA lab/PycharmProjects/numpy/venv/lib/python3.5/site-packages/numpy-1.14.1.dist-info/top_level.txt
/home/student/Desktop/DESKTOP/CCE Data/Salunki/DBDA lab/PycharmProjects/numpy/venv/lib/python3.5/site-packages/numpy/LICENSE.txt
/home/student/Desktop/DESKTOP/CCE Data/Salunki/DBDA lab/PycharmProjects/numpy/venv/lib/python3.5/site-packages/numpy/core/include/numpy/ufunc_api.txt
/home/student/Desktop/DESKTOP/CCE Data/Salunki/DBDA lab/PycharmProjects/numpy/venv/lib/python3.5/site-packages/numpy/core/include/numpy/multiarray_api.txt
/home/student/Desktop/DESKTOP/CCE Data/Salunki/DBDA lab/PycharmProjects/numpy/venv/lib/python3.5/site-packages/setuptools-38.5.1.dist-info/entry_points.txt
/home/student/Desktop/DESKTOP/CCE Data/Salunki/DBDA lab/PycharmProjects/numpy/venv/lib/python3.5/site-packages/setuptools-38.5.1.dist-info/LICENSE.txt
/home/student/Desktop/DESKTOP/CCE Data/Salunki/DBDA lab/PycharmProjects/numpy/venv/lib/python3.5/site-packages/setuptools-38.5.1.dist-info/top_level.txt
/home/student/Desktop/DESKTOP/CCE Data/Salunki/DBDA lab/PycharmProjects/numpy/venv/lib/python3.5/site-packages/setuptools-38.5.1.dist-info/dependency_links.txt
/home/student/Desktop/DESKTOP/CCE Data/Salunki/DBDA lab/PycharmProjects/numpy/venv/lib/python3.5/orig-prefix.txt
/home/student/Desktop/DESKTOP/CCE Data/Salunki/DBDA lab/Java/Javabymam/myworkspace/.metadata/.plugins/org.eclipse.jdt.core/savedIndexNames.txt
/home/student/Desktop/DESKTOP/CCE Data/Salunki/DBDA lab/Java/Javabymam/myworkspace/.metadata/.plugins/org.eclipse.jdt.core/javaLikeNames.txt
/home/student/Desktop/DESKTOP/CCE Data/Salunki/DBDA lab/Java/JavaByRuchi/JavaE1/.metadata/.plugins/org.eclipse.jdt.core/savedIndexNames.txt
/home/student/Desktop/DESKTOP/CCE Data/Salunki/DBDA lab/Java/JavaByRuchi/JavaE1/.metadata/.plugins/org.eclipse.jdt.core/javaLikeNames.txt
/home/student/Desktop/DESKTOP/CCE Data/Salunki/DBDA lab/Linux/hello.txt
/home/student/Desktop/DESKTOP/CCE Data/Salunki/DBDA lab/Linux/dir/xyz.txt
/home/student/Desktop/DESKTOP/CCE Data/Salunki/DBDA lab/Linux/str.txt
/home/student/Desktop/DESKTOP/CCE Data/Salunki/DBDA lab/Linux/abc.txt
/home/student/Desktop/DESKTOP/CCE Data/Salunki/DBDA lab/Linux/command2.txt
/home/student/Desktop/DESKTOP/CCE Data/Salunki/Machine Learning/Cases/Qualitative_Bankruptcy/Qualitative_Bankruptcy.info.txt
/home/student/Desktop/DESKTOP/CCE Data/Salunki/Machine Learning/Cases/Qualitative_Bankruptcy/Qualitative_Bankruptcy.data.txt
/home/student/Desktop/DESKTOP/CCE Data/Salunki/Machine Learning/Cases/Concrete Strength/Info.txt
/home/student/Desktop/DESKTOP/CCE Data/Salunki/Machine Learning/Machine Learning Videos/R Programming/2 - 12 - Introduction to swirl.txt
/home/student/Desktop/DESKTOP/CCE Data/Salunki/Machine Learning/Machine Learning/Cases/Qualitative_Bankruptcy/Qualitative_Bankruptcy.info.txt
/home/student/Desktop/DESKTOP/CCE Data/Salunki/Machine Learning/Machine Learning/Cases/Qualitative_Bankruptcy/Qualitative_Bankruptcy.data.txt
/home/student/Desktop/DESKTOP/CCE Data/Salunki/Machine Learning/Machine Learning/Cases/Cases/Qualitative_Bankruptcy/Qualitative_Bankruptcy.info.txt
/home/student/Desktop/DESKTOP/CCE Data/Salunki/Machine Learning/Machine Learning/Cases/Cases/Qualitative_Bankruptcy/Qualitative_Bankruptcy.data.txt
/home/student/Desktop/DESKTOP/CCE Data/Salunki/Machine Learning/Machine Learning/Cases/Cases/Concrete Strength/Info.txt
/home/student/Desktop/DESKTOP/CCE Data/Salunki/Machine Learning/Machine Learning/Cases/Concrete Strength/Info.txt
/home/student/Desktop/DESKTOP/CCE Data/Salunki/Machine Learning/Machine Learning Assignment/Datasets/members.txt
/home/student/Desktop/DESKTOP/CCE Data/Salunki/Machine Learning/Machine Learning Assignment/Datasets/trail.txt
/home/student/Desktop/DESKTOP/CCE Data/Salunki/Machine Learning/Machine Learning Assignment/Datasets/contacts.txt
/home/student/Desktop/DESKTOP/CCE Data/Salunki/Machine Learning/Machine Learning Assignment/Datasets/Pen.txt
/home/student/Desktop/DESKTOP/CCE Data/Salunki/MongoDB exam data/PlayData.txt
/home/student/Desktop/DESKTOP/CCE Data/Salunki/MongoDB exam data/SongsData.txt
/home/student/Desktop/DESKTOP/CCE Data/Salunki/print/SUbqueries(1).txt
/home/student/Desktop/DESKTOP/CCE Data/Salunki/print/SQLBASIC.txt
/home/student/Desktop/DESKTOP/CCE Data/Salunki/Statistics with R/lotus/TitanicData.txt
/home/student/Desktop/DESKTOP/CCE Data/Salunki/Statistics with R/lotus/Spark/spark_scala-command_olympic.txt
/home/student/Desktop/DESKTOP/CCE Data/Salunki/Statistics with R/lotus/Spark/Titanic_Pmb2.txt
/home/student/Desktop/DESKTOP/CCE Data/Salunki/Statistics with R/lotus/Spark/Titanic_Pmb1.txt
/home/student/Desktop/DESKTOP/CCE Data/Salunki/Statistics with R/R pro/Statistics with R/Datasets/members.txt
/home/student/Desktop/DESKTOP/CCE Data/Salunki/Statistics with R/R pro/Statistics with R/Datasets/trail.txt
/home/student/Desktop/DESKTOP/CCE Data/Salunki/Statistics with R/R pro/Statistics with R/Datasets/contacts.txt
/home/student/Desktop/DESKTOP/CCE Data/Salunki/Statistics with R/R pro/Statistics with R/Datasets/Pen.txt
/home/student/Desktop/DESKTOP/CCE Data/Salunki/Statistics with R/Datasets/members.txt
/home/student/Desktop/DESKTOP/CCE Data/Salunki/Statistics with R/Datasets/trail.txt
/home/student/Desktop/DESKTOP/CCE Data/Salunki/Statistics with R/Datasets/contacts.txt
/home/student/Desktop/DESKTOP/CCE Data/Salunki/Statistics with R/Datasets/Pen.txt
/home/student/Desktop/DESKTOP/CCE Data/Salunki/Tableau/USA/license.txt
/home/student/Desktop/DESKTOP/Machine_learning_notes/auto-regression-13.txt
/home/student/Desktop/DESKTOP/rcc/DotNetMCQ.txt
/home/student/Desktop/DESKTOP/rcc/ASDM_mcq.txt
/home/student/Desktop/DESKTOP/rcc/question bank/OS question bank/user27.txt
/home/student/Desktop/DESKTOP/rcc/question bank/OS question bank/user18.txt
/home/student/Desktop/DESKTOP/rcc/question bank/OS question bank/user19.txt
/home/student/Desktop/DESKTOP/rcc/question bank/OOP using C++ question bank/C-- & Ds++ 1016.txt
/home/student/Desktop/DESKTOP/rcc/question bank/DotNetMCQ.txt
/home/student/Desktop/DESKTOP/rcc/question bank/DBT question bank/user08.txt
/home/student/Desktop/DESKTOP/rcc/question bank/DBT question bank/User 7.txt
/home/student/Desktop/DESKTOP/rcc/question bank/DBT question bank/user12.txt
/home/student/Desktop/DESKTOP/rcc/question bank/ASDM_mcq.txt
/home/student/Desktop/DESKTOP/rcc/question bank/web programming question bank/Angular JS/Quesition bank2 (4 options).txt
/home/student/Desktop/DESKTOP/rcc/question bank/web programming question bank/Angular JS/Question bank1 (2 options).txt
/home/student/Desktop/DESKTOP/rcc/question bank/web programming question bank/Node JS/Question Bank.txt
/home/student/Desktop/DESKTOP/C#.txt
/home/student/Desktop/DESKTOP/housepredict.txt
/home/student/Desktop/DESKTOP/sample_movielens_data.txt
/home/student/Desktop/DESKTOP/second/PlayData.txt
/home/student/Desktop/DESKTOP/second/Movies.txt
/home/student/Desktop/DESKTOP/PG-DBDA-Aug18 (2)/Final Submission/Classification1Test.txt
/home/student/Desktop/DESKTOP/PG-DBDA-Aug18 (2)/Final Submission/ClassificationProblem1.txt
/home/student/Desktop/getInfo.txt
/home/student/Desktop/JAVA ALL/JDBC/getInfo.txt
/home/student/Desktop/JAVA ALL/kiran/c prog/programlist/file/file/b.txt
/home/student/Desktop/JAVA ALL/kiran/c prog/programlist/file/file/file1/b3.txt
/home/student/Desktop/JAVA ALL/kiran/c prog/programlist/file/file/file1/b1.txt
/home/student/Desktop/JAVA ALL/kiran/c prog/programlist/file/file/file1/b2.txt
/home/student/Desktop/JAVA ALL/kiran/c prog/programlist/file/file/file1/b4.txt
/home/student/Desktop/JAVA ALL/kiran/c prog/programlist/file/file/file1/b.txt
/home/student/Desktop/JAVA ALL/kiran/c prog/programlist/file/file/file1/b5.txt
/home/student/Desktop/JAVA ALL/kiran/c prog/programlist/file/file/a.txt
/home/student/Desktop/ankit.txt
(base) student@DBDA-R10:~$ find /home/student/bigdata -name "*.txt"
/home/student/bigdata/hey.txt
(base) student@DBDA-R10:~$ ls
190243025020_MandlikMrunal   dumps                marks.csv                     s3
190243025020_Mrunal_Mandlik  emp.json             ML.txt                        s4
afiedt.buf                   examples.desktop     mongo-java-driver-3.11.0.jar  s5
anaconda3                    Exam_Workspace       Music                         Samrudhi Borade 190243025006
Assignment1_Mymovies.py      file1                nltk_data                     Samrudhi Borade 190243025006.zip
a.txt                        file2                OperatorExample.class         setnamesdemo.py
badsectors.txt               Fileclass.txt        oracle26march.lst             Softwares
bigdata                      GAMES.JSON           Oracle Assignments            sql
big dataJ                    getquiz              OracleLink.txt                s.txt
BookData.txt                 hello.txt            oradiag_student               swarnil
b.txt                        hey.txt              Pictures                      tables.json
class demos                  hgasdvshvbj          plot_zoom_png                 Templates
class demos.zip              histogram.py         Practice.json                 testing.java
ClassificationModel.py       javaclasses          Public                        untitled_1.ods
contact.txt                  javaprogs            Python-lesson-1.pdf           Untitled%20DOCX%20文档.docx_1.odt
dataset_retaurants.json      java revision        que4.sh                       Untitled DOCX 文档.docx
DataTree.java                java revision.zip    R                             Untitled.ipynb
Deepa_Project                kafka_2.12-2.2.0     Rplot.jpeg                    Videos
Desktop                      kiran                s1                            VirtualBox VMs
Documents                    Lab Assignments.pdf  s{12345}                      WIN8.1_VM
Downloads                    list_rem_postion.py  s2
(base) student@DBDA-R10:~$ cd bigdata
(base) student@DBDA-R10:~/bigdata$ ls
c  cpp  hey.txt  java  pilab
(base) student@DBDA-R10:~/bigdata$ touch .hey.txt
(base) student@DBDA-R10:~/bigdata$ ls
c  cpp  hey.txt  java  pilab
(base) student@DBDA-R10:~/bigdata$ cat hey.txt
asas

(base) student@DBDA-R10:~/bigdata$ touch .shgdhsgd.txt
(base) student@DBDA-R10:~/bigdata$ ls
c  cpp  hey.txt  java  pilab
(base) student@DBDA-R10:~/bigdata$ man ls
(base) student@DBDA-R10:~/bigdata$ ls  -al
total 28
drwxrwxr-x  6 student student 4096 Oct  6 10:40 .
drwxr-xr-x 68 student student 4096 Oct  6 08:22 ..
drwxrwxr-x  2 student student 4096 Oct  6 08:55 c
drwxrwxr-x  2 student student 4096 Oct  5 17:43 cpp
-rw-rw-r--  1 student student    0 Oct  6 10:38 .hey.txt
-rw-rw-r--  1 student student    6 Oct  6 10:33 hey.txt
drwxrwxr-x  2 student student 4096 Oct  5 17:49 java
drwxrwxr-x  2 student student 4096 Oct  5 17:00 pilab
-rw-rw-r--  1 student student    0 Oct  6 10:40 .shgdhsgd.txt
(base) student@DBDA-R10:~/bigdata$ ls --hide=*.txt
c  cpp  java  pilab
(base) student@DBDA-R10:~/bigdata$ cd c
(base) student@DBDA-R10:~/bigdata/c$ ls
a.out  collection.c  hello1.c  hello2.c  hello.c  multitask.c  search.c
(base) student@DBDA-R10:~/bigdata/c$ cat hello1.c
#include<stdio.h>
int main()
{
printf("Hello World");
int count =45;
count++;
printf("\n count = %d",count);

printf("\n\n jellldsldsldks");

}
(base) student@DBDA-R10:~/bigdata/c$ cat hello2.c
#include<stdio.h>
int main()
{
printf("Hello World");
int count =45;
count++;
printf("\n count = %d",count);
}



#include<stdio.h>
int main()
{
printf("Hello World");
int count =45;
count++;
printf("\n count = %d",count);
}



(base) student@DBDA-R10:~/bigdata/c$ cat hello1.c hello2.c > hello10.c
(base) student@DBDA-R10:~/bigdata/c$ ls
a.out  collection.c  hello10.c  hello1.c  hello2.c  hello.c  multitask.c  search.c
(base) student@DBDA-R10:~/bigdata/c$ cat hello10.c
#include<stdio.h>
int main()
{
printf("Hello World");
int count =45;
count++;
printf("\n count = %d",count);

printf("\n\n jellldsldsldks");

}
#include<stdio.h>
int main()
{
printf("Hello World");
int count =45;
count++;
printf("\n count = %d",count);
}



#include<stdio.h>
int main()
{
printf("Hello World");
int count =45;
count++;
printf("\n count = %d",count);
}



(base) student@DBDA-R10:~/bigdata/c$ ls
a.out  collection.c  hello10.c  hello1.c  hello2.c  hello.c  multitask.c  search.c
(base) student@DBDA-R10:~/bigdata/c$ ls >>result.txt
(base) student@DBDA-R10:~/bigdata/c$ ls
a.out  collection.c  hello10.c  hello1.c  hello2.c  hello.c  multitask.c  result.txt  search.c
(base) student@DBDA-R10:~/bigdata/c$ cat result.txt
a.out
collection.c
hello10.c
hello1.c
hello2.c
hello.c
multitask.c
result.txt
search.c
(base) student@DBDA-R10:~/bigdata/c$ history >>allcommands.txt
(base) student@DBDA-R10:~/bigdata/c$ ls
allcommands.txt  a.out  collection.c  hello10.c  hello1.c  hello2.c  hello.c  multitask.c  result.txt  search.c
(base) student@DBDA-R10:~/bigdata/c$ cat allcommands.txt
 1053  bin/zookeeper-server-start.sh config/zookeeper.properties
 1054  bin/kafka-server-start.sh config/server.properties
 1055  bin/kafka-console-consumer.sh --bootstrap-server localhost:9092 --topic test --from-beginning
 1056  bash Question3.sh
 1057  bash Question1.sh
 1058  bash Question2.sh
 1059  find -type f -executable -mtime -2
 1060  ls -ltr
 1061  ls -ltr
 1062  chmod 777 a.txt
 1063  chmod 777 b.txt
 1064  ls -ltr
 1065  bash Question2.sh
 1066  ls -ltr
 1067  chmod 777 a.exe
 1068  bash Question2.sh
 1069  bash Question2.sh
 1070  bash Question2.sh
 1071  chmod 777 a.txt
 1072  bash Question2.sh
 1073  sudo apt-key adv --keyserver hkp://keyserver.ubuntu.com:80 --recv 9DA31620334BD75D9DCB49F368818C72E52529D4
 1074  echo "deb [ arch=amd64,arm64 ] https://repo.mongodb.org/apt/ubuntu xenial/mongodb-org/4.0 multiverse" | sudo tee /etc/apt/sources.list.d/mongodb-org-4.0.list
 1075  sudo apt-get update
 1076  sudo apt-get install -y mongodb-org
 1077  echo "mongodb-org hold" | sudo dpkg --set-selections
 1078  echo "mongodb-org-server hold" | sudo dpkg --set-selections
 1079  echo "mongodb-org-shell hold" | sudo dpkg --set-selections
 1080  echo "mongodb-org-mongos hold" | sudo dpkg --set-selections
 1081  echo "mongodb-org-tools hold" | sudo dpkg --set-selections
 1082  sudo service mongod start
 1083  [initandlisten] waiting for connections on port 27017
 1084  cd
 1085  /var/log/mongodb
 1086  cd /var/log/mongodb
 1087  ls
 1088  cat mongod.log 
 1089  sudo cat mongod.log 
 1090  cd
 1091  cd /var/log/mongodb
 1092  [initandlisten] waiting for connections on port 27017
 1093  sudo service mongod stop
 1094  sudo service mongod restart
 1095  mongo
 1096  su root
 1097  sudo apt-get install xdotool
 1098  sudo service mongod start
 1099  mongo
 1100  sudo service mongod stop
 1101  su hduser
 1102  sudo service mongod start
 1103  mongo
 1104  sudo service mongod stop
 1105  sql
 1106  sqlplus dbda20/dbda20@192.168.1.67/oracle
 1107  nano /usr/local/hadoop/etc/hadoop/yarn-site.xml
 1108  su hduser
 1109  ls
 1110  sudo gdebi wps-office_11.1.0.8392_amd64.deb 
 1111  hadoop fs -ls
 1112  hadoop fs -ls /
 1113  su hduser
 1114  spark-submit --class com.sparksession.MySparkSessionTest /home/student/Documents/Java/MySparkSession/target/MySparkSession-0.0.1-SNAPSHOT-jar-with-dependencies.jar
 1115  ./spark-submit --class com.sparksession.MySparkSessionTest /home/student/Documents/Java/MySparkSession/target/MySparkSession-0.0.1-SNAPSHOT-jar-with-dependencies.jar
 1116  spark-submit --class MySparkCore.avg.MySparkAvg /home/student/Documents/Java/MySparkCore/target/MySparkCore-0.0.1-SNAPSHOT-jar-with-dependencies.jar
 1117  ./spark-submit --class MySparkCore.avg.MySparkAvg /home/student/Documents/Java/MySparkCore/target/MySparkCore-0.0.1-SNAPSHOT-jar-with-dependencies.jar
 1118  ./spark-submit --class com.avg.MySparkAvg /home/student/Documents/Java/MySparkCore/target/MySparkCore-0.0.1-SNAPSHOT-jar-with-dependencies.jar
 1119  @kiran0541 kiran0541
 1120  kiran0541
 1121  ls
 1122  jps
 1123  start-all.sh
 1124  su hduser
 1125  exit
 1126  hadoop jar HadoopMockTest-0.0.1-SNAPSHOT-jar-with-dependencies.jar /tmp/TitanicData.txt
 1127  hadoop jar HadoopMockTest-0.0.1-SNAPSHOT-jar-with-dependencies.jar /tmp/TitanicData.txt /tmp/out1
 1128  su hduser
 1129  hadoop fs -ls /tmp/
 1130  hadoop fs -ls /tmp
 1131  hadoop fs -ls /
 1132  su hduser
 1133  cd
 1134  hive
 1135  su hduser
 1136  start-all.sh
 1137  su hduser
 1138  ./spark-submit --class com.cdac.spark.que1.NewSparkQue1 home/student/Desktop/190243025031_sanket_sawang/exam2/target/exam2-0.0.1-SNAPSHOT-jar-with-dependencies.jar /home/student/Desktop//home/student/Desktop
 1139  ./spark-submit --class com.cdac.spark.que1.NewSparkQue1 /home/student/Desktop/190243025031_sanket_sawang/exam2/target/exam2-0.0.1-SNAPSHOT-jar-with-dependencies.jar /home/student/Desktop//home/student/Desktop
 1140  ./spark-submit --class com.cdac.spark.que1.NewSparkQue1 /home/student/Desktop/190243025031_sanket_sawang/exam2/target/exam2-0.0.1-SNAPSHOT-jar-with-dependencies.jar /home/student/Desktop/Start-upFunding.txt
 1141  su hduser
 1142  ./spark-submit --class org.cdac.ques1.Ques1 /home/student/Desktop/190243025009_Divya_Singh/Spark_Core/target/Spark_Core-0.0.1-SNAPSHOT-jar-with-dependencies.jar
 1143  su hduser
 1144  bash factdemo.sh 
 1145  cd Softwares/
 1146  ls
 1147  sudo mv eclipse-CPP eclipse-cpp
 1148  clear
 1149  ls
 1150  cd
 1151  cd .local/share/applications/eclipse-cpp.desktop/
 1152  ls
 1153  sudo mv eclipse-cpp.desktop eclipse_cpp.desktop
 1154  ls
 1155  sudo mv eclipse_cpp.desktop /home/student/.local/share/applications/
 1156  ls
 1157  cd ..
 1158  ls
 1159  sudo rm -rf eclipse-cpp.dektop
 1160  ls
 1161  mongo
 1162  su hduser
 1163  cd
 1164  sudo service mongod start
 1165  mongo
 1166  sudo service mongod stop
 1167  su hduser
 1168  cd
 1169  sudo cp apache-cassandra-3.11.4-bin.tar.gz  /home/hduser
 1170  su hduser
 1171  cqlsh
 1172  cassandra
 1173  su hduser
 1174  su hduser
 1175  cd
 1176  echo "deb http://www.apache.org/dist/cassandra/debian 311x main" | sudo tee -a /etc/apt/sources.list.d/cassandra.sources.list
 1177  curl https://www.apache.org/dist/cassandra/KEYS | sudo apt-key add - 
 1178  sudo apt-get update 
 1179  sudo apt-get install cassandra
 1180  mongo
 1181  su hduser
 1182  mongo
 1183  sudo service mongod stop
 1184  stop-all.sh
 1185  su hduser
 1186  ls
 1187  ls -ltr
 1188  ls -ltr|awk '{print $1}';
 1189  ls -ltr|awk '{print $2}';
 1190  ls -ltr|awk '{print $2,$3}';
 1191  cd /home/
 1192  clear
 1193  ls -l
 1194  clear
 1195  cat > examfile.txt
 1196  ls
 1197  clear
 1198  cat > exam.txt
 1199  sudo -R chmod 777 /home
 1200  clear
 1201  ls
 1202  cd /student/
 1203  cd student/
 1204  cd /home/student/swarnil/
 1205  cat > file1.txt
 1206  tail -n file1.txt
 1207  head -n file1.txt
 1208  head -n10 file1.txt
 1209  find . -name "f*.txt"
 1210  cat > nil.c
 1211  tar xvf "*.c"
 1212  tar -cvf "*.c" 
 1213  man tar
 1214  clear
 1215  cd ~
 1216  gedit question2.sh
 1217  bash question2.sh
 1218  gedit question2.sh
 1219  bash question2.sh
 1220  gedit question2.sh
 1221  ls -l
 1222  ls -l ,
 1223  ls,-l
 1224  ls -p
 1225  ls -p | grep -v /
 1226  ls -p | grep -v / | tr '\n' ','
 1227  history
 1228  grep awk 
 1229  grep awk hello.txt
 1230  gedit question3.sh
 1231  sudo chmod 766 Documents
 1232  ./spark-submit --class com.sparkToCassandra.SparkToCassandra /home/student/Documents/Java/MyCassandra/target/MyCassandra-0.0.1-SNAPSHOT-jar-with-dependencies.jar
 1233  ls
 1234  ./spark-submit --class com.sparkToCassandra.SparkToCassandra /home/student/Documents/Java/MyCassandra/target/MyCassandra-0.0.1-SNAPSHOT-jar-with-dependencies.jar
 1235  ./spark-submit --class com.sparkToCassandra.SparkToCassandra /home/student/Documents/Java/MyCassandra/target/MyCassandra-0.0.1-SNAPSHOT-jar-with-dependencies.jarcd
 1236  cd /home/student/.m2/repository/
 1237  ls
 1238  cd com
 1239  ls
 1240  rm -r datastax
 1241  ls
 1242  rm -r google
 1243  ls
 1244  cd /Desktop/Ashish/Hadoop/software_extract/spark-2.3.3-bin-hadoop2.7/bin
 1245  ls
 1246  rm -r datastax/
 1247  ls
 1248  rm -r datastax/
 1249  rm -r google/
 1250  ls
 1251  su hduser
 1252  idel
 1253  idle
 1254  idel
 1255  python3 HelloWorld.py
 1256  python HelloWorld.py
 1257  cd..
 1258  cd ..
 1259  cd Python\ 3/
 1260  python
 1261  whereis python 3
 1262  python3
 1263  whereis idle
 1264  whereis idle editor
 1265  cd
 1266  idle
 1267  sudo apt install idle
 1268  idle
 1269  sudo apt install idle3
 1270  idle3
 1271  ls -ltr
 1272  cd
 1273  idel3
 1274  idle3
 1275  idel3
 1276  idle3
 1277  ls
 1278  cat Join.sql 
 1279  cddcdcdcdcdcdcdcdcdcdcdcdcdcdcdcdcdcdcd 
 1280  cdcdcdcdcdcdcdcdcdcdcdcdcdcdcdcdcdcdcdcdc
 1281  cd
 1282  cdcdc
 1283  dcdc
 1284  dccd
 1285  cdc
 1286  dc
 1287  sqlplus dbda20/dbda20@192.168.1.67/oracle
 1288  sqlplus dbda17/dbda17@192.168.1.67/oracle
 1289  idle3
 1290  tar -xvf pycharm-community-2018.3.2.tar.gz 
 1291  idle3
 1292  idle3
 1293  ls -ltr
 1294  idel
 1295  idel3
 1296  cd
 1297  idle3
 1298  ls
 1299  ls -ltr
 1300  ./Anaconda3-2018.12-Linux-x86_64.sh
 1301  chmod 777 Anaconda3-2018.12-Linux-x86_64.sh
 1302  ./Anaconda3-2018.12-Linux-x86_64.sh
 1303  Anaconda3-2018.12-Linux-x86_64.sh
 1304  source ~/.bashrc
 1305  anaconda-navigator
 1306  where anaconda
 1307  whereis anaconda
 1308  ./pycharm.sh
 1309  ls
 1310  ./Anaconda3-2019.03-Linux-x86_64.sh
 1311  ls -ltr
 1312  chmod 777 Anaconda3-2019.03-Linux-x86_64.sh
 1313  ls -ltr
 1314  ./Anaconda3-2019.03-Linux-x86_64.sh
 1315  anaconda-navigator
 1316  idle3
 1317  whereis python
 1318  spyder
 1319  conda install cx_Oracle
 1320  conda info --envs
 1321  conda install pymysql
 1322  sqlite3 mydb1.db
 1323  system ctl start mysql
 1324  sudo student status mssql-server
 1325  sudo systemctl status mssql-server
 1326  sudo system status mssql-server
 1327  sudo student status mssql-server
 1328  sudo student status mysql-server
 1329  sqlite3
 1330  sudo systemctl stop mssql-server
 1331  sudo systemctl restart mssql-server
 1332  cd /
 1333  cd
 1334  whereis python 3
 1335  whereis python3
 1336  python --V
 1337  python -h
 1338  whereis oracle
 1339  cd /usr/lib/oracle
 1340  ls
 1341  cd instantclient_18_3/
 1342  ls
 1343  sqlplus dbda22/dbda22@192.168.1.67/oracle
 1344  spyder
 1345  conda install selenium
 1346  spyder
 1347  cd ..
 1348  sudo chmod 777 los-angeles-traffic-collision-data
 1349  sudo chmod 777 traffic-collision-data-from-2010-to-present.csv 
 1350  sudo chmod 777 socrata_metadata.json 
 1351  spyder
 1352  whereis R
 1353  spyder
 1354  sudo apt-get install xgboost
 1355  git clone --recursive https://github.com/dmlc/xgboost
 1356  sudo apt install git clone --recursive https://github.com/dmlc/xgboost
 1357  git clone --recursive https://github.com/dmlc/xgboost
 1358  sudo git clone --recursive https://github.com/dmlc/xgboost
 1359  sudo apt-get install git clone --recursive https://github.com/dmlc/xgboost
 1360  sudo apt-get isntall https://github.com/dmlc/xgboost
 1361  sudo apt-get install https://github.com/dmlc/xgboost
 1362  pip install xgboost
 1363  spyder
 1364  pip install Apyori
 1365  pip install apyori
 1366  pip install nltk
 1367  pip install punkt
 1368  pip install pyfpgrowth
 1369  dmesg
 1370  pip install keras
 1371  pip install tensorflow
 1372  pip install --upgrade keros
 1373  pip install tensorflow==2.0.0-beta1 
 1374  conda uninstall --force wrapt
 1375  pip install tensorflow
 1376  pip install statsmodels==0.9.Orc1
 1377  pip install statsmodels==0.9.0rc1
 1378  pip install H2O
 1379  pip install h2o
 1380  cp -r Python /media/student/WINDOWS USB
 1381  spyder
 1382  anaconda-navigator
 1383  spyder
 1384  cp -r Python /media/student/WINDOWS USB
 1385  spyder
 1386  where is spark
 1387  whereis spark
 1388  sudo service mongod start
 1389  mongod
 1390  mongo
 1391  S(date)
 1392  gedit ab.sh
 1393  echo $(date)
 1394  echo '$(date)'
 1395  shutdown -h now
 1396  spyder
 1397  gedit testing.java
 1398  javac testing.java
 1399  gedit testing.java
 1400  javac testing.java
 1401  gedit testing.java
 1402  javac testing.java
 1403  java testing
 1404  javac testing.java
 1405  gedit testing.java
 1406  gedit ML.txt
 1407  gedit analytics.txt
 1408  gedit Analytics.txt
 1409  spyder
 1410  ping 192.168.16.66
 1411  vim test.cpp
 1412  ping 192.168.1.66
 1413  exit
 1414  sqlplus  dbda21/dbda21@192.168.1.67/oracle
 1415  chrome
 1416  mozila
 1417  bg
 1418  mozilabg redeee
 1419  mozilabg redjjjkhkhkjhkdgdgfdgfdffff
 1420  bgdvbtgh
 1421  fjsdghfyudasgf
 1422  trty
 1423  sqlplus  dbda21/dbda21@192.168.1.67/oracle
 1424  shutdown
 1425  sqlplus  dbda21/dbda21@192.168.1.67/oracle
 1426  gedit
 1427  javaprogs/
 1428  ls
 1429  cd javaprogs
 1430  ls
 1431  javac Hello.java
 1432  ls
 1433  java Hello
 1434  ls
 1435  javac Demodate.java
 1436  javac DemoDate.java
 1437  ls
 1438  java DemoDate
 1439  javac Date.java
 1440  java Date
 1441  javac DemoDate.java
 1442  java DemoDate
 1443  javac DemoDate.java
 1444  java DemoDate
 1445  cd javaprogs/
 1446  ls
 1447  javac Hello.java
 1448  ls
 1449  java Hello
 1450  javac Hello.java
 1451  ls
 1452  java Hello
 1453  javac Hello.java
 1454  ls
 1455  javac Hello.java
 1456  java Hello
 1457  ..
 1458  cd home
 1459  cd Home
 1460  cd ..
 1461  ls
 1462  cd Documents
 1463  java Hello
 1464  cd ..
 1465  cd javaprogs
 1466  ls
 1467  java Hello
 1468  export PATH=:
 1469  ls
 1470  java Hello
 1471  export PATH=/usr/lib/java/jdk1.8.0_181
 1472  export PATH=/usr/lib/java/jdk1.8.0_181/bin
 1473  java Hello
 1474  javac DemoDate.java
 1475  java DemoDate
 1476  javac DemoDate.java
 1477  java DemoDate
 1478  javac DemoDate.java
 1479  java DemoDate
 1480  javac DemoDate.java
 1481  java DemoDate
 1482  javac Box.java
 1483  java Box
 1484  javac Box.java
 1485  java Box
 1486  javac Box.java
 1487  java Box
 1488  javac Box.java
 1489  java Box
 1490  javac Circle.java
 1491  java Circle
 1492  javac Circle.java
 1493  java Circle
 1494  javac Circle.java
 1495  java Circle
 1496  javac Circle.java
 1497  java Circle
 1498  javac Circle.java
 1499  java Circle
 1500  javac Circle.java
 1501  java Circle
 1502  sqlplus  dbda21/dbda21@192.168.1.67/oracle
 1503  cd javaprogs
 1504  ls
 1505  javac Person.java
 1506  javac PersonDemo.java
 1507  java PersonDemo
 1508  javac Person.java
 1509  javac PersonDemo.java
 1510  javac Person.java
 1511  javac PersonDemo.java
 1512  java PersonDemo
 1513  javac Book.java
 1514  javac BookDemo.java
 1515  javac Book.java
 1516  javac BookDemo.java
 1517  javac Book.java
 1518  javac BookDemo.java
 1519  javac Book.java
 1520  javac BookDemo.java
 1521  javac Book.java
 1522  javac BookDemo.java
 1523  javac Book.java
 1524  javac BookDemo.java
 1525  javac Book.java
 1526  javac BookDemo.java
 1527  javac Book.java
 1528  javac BookDemo.java
 1529  java BookDemo
 1530  javac BookDemo.java
 1531  java BookDemo
 1532  javac Book.java
 1533  javac BookDemo.java
 1534  javac Book.jav
 1535  javac BookDemo.java
 1536  javac Book.java
 1537  javac BookDemo.java
 1538  java BookDemo
 1539  javac Book.java
 1540  javac BookDemo.java
 1541  java BookDemo
 1542  javac Book.java
 1543  javac BookDemo.java
 1544  javac Book.java
 1545  javac BookDemo.java
 1546  java BookDemo
 1547  javac Book.java
 1548  javac BookDemo.java
 1549  java BookDemo
 1550  javac Book.java
 1551  javac BookDemo.java
 1552  java BookDemo
 1553  javac Book.java
 1554  javac BookDemo.java
 1555  java BookDemo
 1556  javac Book.java
 1557  javac BookDemo.java
 1558  java BookDemo
 1559  javac Book.java
 1560  javac BookDemo.java
 1561  java BookDemo
 1562  ls
 1563  javac Student.java
 1564  javac Studentcall.java
 1565  java Studentcall
 1566  cd javaprogs
 1567  javac Student.java
 1568  javac Studentcall.java
 1569  java Student
 1570  javac Student.java
 1571  javac Studentcall.java
 1572  java Studentcall
 1573  javac Student.java
 1574  javac Studentcall.java
 1575  java Studentcall
 1576  oracle
 1577  sqlplus.dbda21/dbda21@192.168.1.67/oracle
 1578  sqlplus.dbda21/dbda21@192.168.1.67/oracle;
 1579  exit();
 1580  sqlplus.dbda21/dbda21@192.168.1.67/oracle;
 1581  sqlplus.dbda21/dbda21@192.168.1.67/oracle
 1582  sqlplus dbda21/dbda21@192.168.1.67/oracle
 1583  cd javaprogs
 1584  javac Stack.java
 1585  javac StackDemo.java
 1586  java StackDemo
 1587  javac Stack.java
 1588  javac StackDemo.java
 1589  java StackDemo
 1590  javac Stack.java
 1591  javac StackDemo.java
 1592  java StackDemo
 1593  javac Matrix.java
 1594  java Matrix
 1595  javac Matrix.java
 1596  java Matrix
 1597  javac Matrix.java
 1598  java Matrix
 1599  javac Matrix.java
 1600  java Matrix
 1601  javac Matrix.java
 1602  java Matrix
 1603  javac Matrix.java
 1604  java Matrix
 1605  javac Matrix.java
 1606  java Matrix
 1607  javac Colorpoint.java
 1608  javac ColorpointDemo.java
 1609  javac Colorpoint.java
 1610  javac ColorpointDemo.java
 1611  java ColorpointDemo
 1612  javac Colorpoint.java
 1613  javac ColorpointDemo.java
 1614  java ColorpointDemo
 1615  javac Colorpoint.java
 1616  javac ColorpointDemo.java
 1617  java ColorpointDemo
 1618  javac Colorpoint.java
 1619  javac ColorpointDemo.java
 1620  java ColorpointDemo
 1621  javac Linepoint.java
 1622  javac Palindrome.java
 1623  java Palindrome
 1624  javac Linepoint.java
 1625  javac Generator.java
 1626  cd javaprogs
 1627  ls
 1628  javac Generator.java
 1629  cd javaprogs
 1630  javac Linepoint.java
 1631  javac Generator.java
 1632  java Generator
 1633  javac Generator.java
 1634  java Generator
 1635  cd javaclasses
 1636  ls
 1637  javac -d . Date.java
 1638  javac -d . Student.java
 1639  javac -d . Trainer.java
 1640  javac PackageApp.java
 1641  java PackageApp
 1642  rm PackageApp.class
 1643  javac PackageApp.java
 1644  export CLASSPATH=.:/home/student/Documents
 1645  javac PackageApp.java
 1646  java PackageApp 
 1647  jar -cvf mylib.jar /home/student/Documents/office
 1648  ls
 1649  rm PackageApp.class
 1650  export CLASSPATH=.:/home/student/javaclasees/mylib.jar
 1651  javac PackageApp.java
 1652  rm mylib.jar
 1653  ls
 1654  jar -cvf mylib.jar office
 1655  ls
 1656  export CLASSPATH=.:/home/student/javaclasses/mylib.jar
 1657  jar -tvf mylib.jar
 1658  javac PackageApp.java
 1659  java PackageApp 
 1660  rm PackageApp.class
 1661  ls
 1662  javac PackageApp.java
 1663  ls
 1664  jar -cvfm myapp.jar mymanifest.mf office PackageApp.class
 1665  ls
 1666  java -jar myapp.jar
 1667  rm PackageApp.class
 1668  ls
 1669  javac -d . PackageApp.java
 1670  java app.util.PackageApp
 1671  sudo apt-get install mongodb
 1672  sudo apt install mongodb
 1673  sudo install mongodb
 1674  sudo apt install mongodb
 1675  mongod
 1676  mongo
 1677  sudo apt purge mondodb
 1678  sudo apt purge mongodb
 1679  sudo apt purge mongodb-client
 1680  sudo apt install mongodb-client
 1681  sudo service mongod start
 1682  mongo
 1683  sudo service mongod start
 1684  mongo
 1685  sqlplus dbda21/dbda21@192.168.1.67/oracle;
 1686  sudo service mongod start
 1687  mongo
 1688  sudo service mongod start
 1689  mongo
 1690  sqlplus dbda21/dbda21@192.168.1.67/oracle;
 1691  sudo service mongod start
 1692  mongo
 1693  sudo service mongod start
 1694  mongo
 1695  sqlplus dbda21/dbda21@192.168.1.67/oracle
 1696  sqlplus dbda21/dbda21@192.168.1.67/oracle;
 1697  sudo service mongod start
 1698  sudo service mongodb start
 1699  mongo
 1700  sudo service mongod start
 1701  mongo
 1702  sudo service mongod start
 1703  mongo
 1704  sudo service mongod start
 1705  mongo
 1706  PING 192.168.1.67
 1707  ping 192.168.1.67
 1708  sqlplus dbda22/dbda22@192.168.1.67/oracle;
 1709  MONGO
 1710  mongo
 1711  chrome
 1712  sudo apt install
 1713  sudo /opt/lampp/uninstall
 1714  sudo rm -r /opt/lampp
 1715  pid
 1716  sudo pid
 1717  top
 1718  sudo kill -9 `sudo lsof -t -i:3306`
 1719  sudo ./xampp-linux-x64-5.6.40-1-installer.run 
 1720  ip a
 1721  sudo service mongo start
 1722  sudo service mongod start
 1723  mongo
 1724  ls
 1725  java PacketReceiver
 1726  java PacketReceiver.java
 1727  java PacketSender
 1728  ls
 1729  java PacketReceiver
 1730  who am i
 1731  whoami
 1732  hostname
 1733  sqlplus dbda22/dbda22@192.168.1.67/oracle;
 1734  reboot
 1735  cat /etc/os-release
 1736  cat
 1737  cd Desktop
 1738  cat getInfo.txt
 1739  touch 1.txt
 1740  nano 1.txt
 1741  touch hello.txt
 1742  nano hello.txt
 1743  cat hello.txt
 1744  nano hello.txt
 1745  cat hello.txt
 1746  ls
 1747  dir
 1748  man touch
 1749  man ls
 1750  pwd
 1751  whoami
 1752  hostname
 1753  uname
 1754  ps
 1755  history
 1756  last reboot
 1757  history
 1758  rebbot
 1759  reboot
 1760  last reboot
 1761  uptime
 1762  date
 1763  cal
 1764  date dd
 1765  date 
 1766  man date
 1767  date %d
 1768  %d
 1769  man %d
 1770  man date
 1771  date + %d
 1772  date +%d
 1773  date +%D
 1774  date +%m
 1775  date +%Y
 1776  date +%m
 1777  date +%Y
 1778  date +%m
 1779  date +%M
 1780  man date
 1781  free -m
 1782  add user
 1783  who
 1784  whomai
 1785  whoami
 1786  who
 1787  id
 1788  last
 1789  man useradd
 1790  clear
 1791  useradd saurabhr
 1792  sudo useradd saurabhr
 1793  man userkill
 1794  touch 2.txt
 1795  cd Desktop
 1796  touch 2.txt
 1797  sudo userdel saurabhr
 1798  dir
 1799  ls
 1800  last
 1801  ifconfig
 1802  man ifconfig
 1803  ifconfig -a
 1804  ifconfig -s
 1805  ifconfig -a
 1806  ping 192.168.1.35
 1807  ping 192.168.1.34
 1808  ping 192.168.1.88
 1809  ping 192.168.1.34
 1810  ping 192.168.1.88
 1811  who
 1812  whoami
 1813  who
 1814  gcc --version 
 1815  gcc -v
 1816  clear
 1817  cd ..
 1818  ls
 1819  mkdir bigdata
 1820  ls
 1821  cd bigdata
 1822  ls
 1823  mkdir java 
 1824  mkdir c
 1825  mkdir cpp
 1826  ls
 1827  mkdir python
 1828  rmdir python
 1829  ls
 1830  rmdir pilab
 1831  mkdir pilab
 1832  cd c
 1833  ls
 1834  touch hello.c 
 1835  ls
 1836  cat hello.c
 1837  nano hello.c
 1838  touch search.c
 1839  ls
 1840  touch collection.c multitask.c
 1841  ls
 1842  cat hello,c
 1843  cat hello.c
 1844  nano hello.c
 1845  vi hello.c
 1846  ls
 1847  nano hello.c
 1848  vi hello.c
 1849  nano hello.c
 1850  vi hello.c
 1851  nano hello.c
 1852  cat hello.c
 1853  gcc hello.c
 1854  ls
 1855  ./a.out
 1856  gcc -v
 1857  cd ..
 1858  ls
 1859  cd cpp
 1860  ls
 1861  touch hello.cpp
 1862  ls
 1863  nano hello.cpp
 1864  cat hello.cpp
 1865  g++ hello.cpp
 1866  nano hello.cpp
 1867  g++ hello.cpp
 1868  ls
 1869  cat hello.c
 1870  cat hello.cpp
 1871  nano hello.cpp
 1872  g++ hello.cpp
 1873  ls
 1874  ./a.out
 1875  gcc hello.cpp -o b
 1876  g++ hello.cpp -o b
 1877  ls
 1878  ./b
 1879  cd .
 1880  cd ..
 1881  java -v
 1882  java --version
 1883  java -version
 1884  sudo apt install default-jre
 1885  java -version
 1886  java --version
 1887  java -version
 1888  ls
 1889  cd bigdata
 1890  ls
 1891  cd java
 1892  ls
 1893  touch hello.java
 1894  ls
 1895  nano hello.java
 1896  cd ..
 1897  ls
 1898  man locate
 1899  man find
 1900  man locate
 1901  find
 1902  ls
 1903  search a.txt
 1904  find /home -name *.c
 1905  cd Desktop
 1906  touch hello.c
 1907  find /home/Desktop -name *.c
 1908  find /Desktop -name *.c
 1909  find -name *.c
 1910  find /Dektop -name *.c
 1911  find /Desktop -name *.c
 1912  cd ..
 1913  find -bigdata *.c
 1914  find bigdata *.c
 1915  sudo apt install find
 1916  sudo apt get install find
 1917  sudo apt get-install find
 1918  sudo apt install find
 1919  find bigdata .c
 1920  find bigdata c
 1921  find /home/ -bigdata "*.c"
 1922  find /home/ bigdata "*.c"
 1923  cd bigdata
 1924  ls
 1925  cd ..
 1926  ls
 1927  cp a.txt hey.txt
 1928  cat hey.txt
 1929  cat a.txt
 1930  diff a.txt hey.txt
 1931  nano a.txt
 1932  diff a.txt hey.txt
 1933  cat a.txt
 1934  find bigdata
 1935  find bigdata *.c
 1936  find bigdata .c
 1937  find bigdata -name * .c
 1938  ls
 1939  find /home/student -name "*.c"
 1940  find /home/student/bigdata -name "*.c"
 1941  history
 1942  cd bigdata
 1943  ls
 1944  cd c
 1945  ls
 1946  cd ..
 1947  cat hello.c hello.cpp > hello1.c
 1948  cd c
 1949  ls
 1950  cp hello.c hello1.c
 1951  ls
 1952  cat hello.c hello1.c > hello2.c
 1953  ls
 1954  cat hello2.c
 1955  ls
 1956  cd ..
 1957  ls
 1958  vi hello1.c
 1959  cat hello1.c
 1960  cat hello2.c
 1961  ls
 1962  rm hello.c
 1963  rm hello1.c
 1964  cd c
 1965  ls
 1966  cat hello1.c
 1967  vi hello1.c
 1968  cd bigdata
 1969  ls
 1970  cd c
 1971  ls
 1972  cat hello1.c
 1973  vi hello1.c
 1974  history
 1975  ls
 1976  cat hello1.c
 1977  vi hello1.c
 1978  cat hello1.c
 1979  gcc hello1.c
 1980  cat hello1.c
 1981  vi hello1.c
 1982  cat hello1.c
 1983  gcc hello1.c
 1984  ls
 1985  ./a.out
 1986  gcc hello1.c -o b
 1987  ls
 1988  rm b
 1989  ls
 1990  history
 1991  cd ..
 1992  ls
 1993  cd..
 1994  cd ..
 1995  cd .
 1996  cd ..
 1997  ls
 1998  cd kiran
 1999  ls
 2000  cd ..
 2001  ls
 2002  pwd
 2003  sar
 2004  cat /proc/cpuinfo
 2005  cat /proc/meminfo
 2006  cat/proc/meminfo
 2007  cat /proc/meminfo
 2008  free -m
 2009  ls --format single-column
 2010  ls --format double-column
 2011  ls --format vertical-column
 2012  ls --format comma
 2013  ls -ltr
 2014  man ls -ltr
 2015  man ls -lt
 2016  ls -s
 2017  man ls
 2018  ls --size
 2019  ls -lh
 2020  ls -s bigdata
 2021  ls -sh bigdata
 2022  man ls
 2023  ls -S
 2024  ls -Sr
 2025  find /home/student/Desktop/bigdata -name "*.txt"
 2026  find /home/student/Desktop/ -name "*.txt"
 2027  find /home/student/bigdata -name "*.txt"
 2028  find /home/student/Desktop -name "*.txt"
 2029  find /home/student/bigdata -name "*.txt"
 2030  ls
 2031  cd bigdata
 2032  ls
 2033  touch .hey.txt
 2034  ls
 2035  cat hey.txt
 2036  touch .shgdhsgd.txt
 2037  ls
 2038  man ls
 2039  ls  -al
 2040  ls --hide=*.txt
 2041  cd c
 2042  ls
 2043  cat hello1.c
 2044  cat hello2.c
 2045  cat hello1.c hello2.c > hello10.c
 2046  ls
 2047  cat hello10.c
 2048  ls
 2049  ls >>result.txt
 2050  ls
 2051  cat result.txt
 2052  history >>allcommands.txt
(base) student@DBDA-R10:~/bigdata/c$ echo "Hello"
Hello
(base) student@DBDA-R10:~/bigdata/c$ echo "Hello">>echo.txt
(base) student@DBDA-R10:~/bigdata/c$ cat echo.txt
Hello
(base) student@DBDA-R10:~/bigdata/c$ echo "Hii">>echo.txt
(base) student@DBDA-R10:~/bigdata/c$ cat echo.txt
Hello
Hii
(base) student@DBDA-R10:~/bigdata/c$ echo "Welcome">echo.txt
(base) student@DBDA-R10:~/bigdata/c$ cat echo.txt
Welcome
(base) student@DBDA-R10:~/bigdata/c$ read count
^Z^C
(base) student@DBDA-R10:~/bigdata/c$ read count
22
(base) student@DBDA-R10:~/bigdata/c$ echo "$count"
22
(base) student@DBDA-R10:~/bigdata/c$ echo count
count
(base) student@DBDA-R10:~/bigdata/c$ echo "$count"
22
(base) student@DBDA-R10:~/bigdata/c$ cd ..
(base) student@DBDA-R10:~/bigdata$ ls
c  cpp  hey.txt  java  pilab
(base) student@DBDA-R10:~/bigdata$ mkdir office
(base) student@DBDA-R10:~/bigdata$ ls
c  cpp  hey.txt  java  office  pilab
(base) student@DBDA-R10:~/bigdata$ ls office
(base) student@DBDA-R10:~/bigdata$ ls office
(base) student@DBDA-R10:~/bigdata$ mv *.txt office
(base) student@DBDA-R10:~/bigdata$ ls office
hey.txt
(base) student@DBDA-R10:~/bigdata$ cd >>
bash: syntax error near unexpected token `newline'
(base) student@DBDA-R10:~/bigdata$ cd ..
(base) student@DBDA-R10:~$ mkdir office
(base) student@DBDA-R10:~$ ls
190243025020_MandlikMrunal   dumps                marks.csv                     s2
190243025020_Mrunal_Mandlik  emp.json             ML.txt                        s3
afiedt.buf                   examples.desktop     mongo-java-driver-3.11.0.jar  s4
anaconda3                    Exam_Workspace       Music                         s5
Assignment1_Mymovies.py      file1                nltk_data                     Samrudhi Borade 190243025006
a.txt                        file2                office                        Samrudhi Borade 190243025006.zip
badsectors.txt               Fileclass.txt        OperatorExample.class         setnamesdemo.py
bigdata                      GAMES.JSON           oracle26march.lst             Softwares
big dataJ                    getquiz              Oracle Assignments            sql
BookData.txt                 hello.txt            OracleLink.txt                s.txt
b.txt                        hey.txt              oradiag_student               swarnil
class demos                  hgasdvshvbj          Pictures                      tables.json
class demos.zip              histogram.py         plot_zoom_png                 Templates
ClassificationModel.py       javaclasses          Practice.json                 testing.java
contact.txt                  javaprogs            Public                        untitled_1.ods
dataset_retaurants.json      java revision        Python-lesson-1.pdf           Untitled%20DOCX%20文档.docx_1.odt
DataTree.java                java revision.zip    que4.sh                       Untitled DOCX 文档.docx
Deepa_Project                kafka_2.12-2.2.0     R                             Untitled.ipynb
Desktop                      kiran                Rplot.jpeg                    Videos
Documents                    Lab Assignments.pdf  s1                            VirtualBox VMs
Downloads                    list_rem_postion.py  s{12345}                      WIN8.1_VM
(base) student@DBDA-R10:~$ mv *.txt /home/student/office
(base) student@DBDA-R10:~$ ls office
a.txt           BookData.txt  contact.txt    hello.txt  ML.txt          s.txt
badsectors.txt  b.txt         Fileclass.txt  hey.txt    OracleLink.txt
(base) student@DBDA-R10:~$ man rm
(base) student@DBDA-R10:~$ cd bigdata
(base) student@DBDA-R10:~/bigdata$ ls
c  cpp  java  office  pilab
(base) student@DBDA-R10:~/bigdata$ cd c
(base) student@DBDA-R10:~/bigdata/c$ ls
allcommands.txt  collection.c  hello10.c  hello2.c  multitask.c  search.c
a.out            echo.txt      hello1.c   hello.c   result.txt
(base) student@DBDA-R10:~/bigdata/c$ find . -name "*.txt" -type f -delete
(base) student@DBDA-R10:~/bigdata/c$ ls
a.out  collection.c  hello10.c  hello1.c  hello2.c  hello.c  multitask.c  search.c
(base) student@DBDA-R10:~/bigdata/c$ man history
(base) student@DBDA-R10:~/bigdata/c$ cd office
bash: cd: office: No such file or directory
(base) student@DBDA-R10:~/bigdata/c$ mkdir office
(base) student@DBDA-R10:~/bigdata/c$ cd office
(base) student@DBDA-R10:~/bigdata/c/office$ ls
(base) student@DBDA-R10:~/bigdata/c/office$ touch 1.txt 2.txt
(base) student@DBDA-R10:~/bigdata/c/office$ nano 1.txt
(base) student@DBDA-R10:~/bigdata/c/office$ nano 2.txt
(base) student@DBDA-R10:~/bigdata/c/office$ man zip
(base) student@DBDA-R10:~/bigdata/c/office$ zip 1.txt
	zip warning: missing end signature--probably not a zip file (did you
	zip warning: remember to use binary mode when you transferred it?)
	zip warning: (if you are trying to read a damaged archive try -F)

zip error: Zip file structure invalid (1.txt)
(base) student@DBDA-R10:~/bigdata/c/office$ gzip 1.txt
(base) student@DBDA-R10:~/bigdata/c/office$ ls
1.txt.gz  2.txt
(base) student@DBDA-R10:~/bigdata/c/office$ gunzip 1.txt.gz
(base) student@DBDA-R10:~/bigdata/c/office$ ls
1.txt  2.txt
(base) student@DBDA-R10:~/bigdata/c/office$ gzip 2.txt
(base) student@DBDA-R10:~/bigdata/c/office$ gunzip 2.txt.gz
gzip: 2.txt already exists; do you wish to overwrite (y or n)? n
	not overwritten
(base) student@DBDA-R10:~/bigdata/c/office$ ls
1.txt  2.txt  2.txt.gz
(base) student@DBDA-R10:~/bigdata/c/office$ gunzip 2.txt.gz
gzip: 2.txt already exists; do you wish to overwrite (y or n)? y
(base) student@DBDA-R10:~/bigdata/c/office$ ls
1.txt  2.txt
(base) student@DBDA-R10:~/bigdata/c/office$ zip 2.txt.gz -k

zip error: Nothing to do! (2.txt.gz)
(base) student@DBDA-R10:~/bigdata/c/office$ zip 2.txt -k
	zip warning: missing end signature--probably not a zip file (did you
	zip warning: remember to use binary mode when you transferred it?)
	zip warning: (if you are trying to read a damaged archive try -F)

zip error: Zip file structure invalid (2.txt)
(base) student@DBDA-R10:~/bigdata/c/office$ gzip 2.txt -k
(base) student@DBDA-R10:~/bigdata/c/office$ ls
1.txt  2.txt  2.txt.gz
(base) student@DBDA-R10:~/bigdata/c/office$ cat 2.txt
vcsa
ahsvvhcvsavj bd
vgashvh j x
bhjhscj
(base) student@DBDA-R10:~/bigdata/c/office$ cat 2.txt.gz
>~�]2.txt��	0
                 ��Sd�$��_A:~��n4�p��jr�
                                         K�0��l�uN)(base) student@DBDA-R10:~/bigdata/c/office$ gunzip 2.txt.gz
gzip: 2.txt already exists; do you wish to overwrite (y or n)? y
(base) student@DBDA-R10:~/bigdata/c/office$ ls
1.txt  2.txt
(base) student@DBDA-R10:~/bigdata/c/office$ man tar
(base) student@DBDA-R10:~/bigdata/c/office$ man tar
(base) student@DBDA-R10:~/bigdata/c/office$ tar -czf archive.tar.gz 1.txt 2.txt
(base) student@DBDA-R10:~/bigdata/c/office$ ls
1.txt  2.txt  archive.tar.gz
(base) student@DBDA-R10:~/bigdata/c/office$ tar -czf archive2.tar.gz *.txt
(base) student@DBDA-R10:~/bigdata/c/office$ ls
1.txt  2.txt  archive2.tar.gz  archive.tar.gz
(base) student@DBDA-R10:~/bigdata/c/office$ man tar
(base) student@DBDA-R10:~/bigdata/c/office$ cd ..
(base) student@DBDA-R10:~/bigdata/c$ cd..
cd..: command not found
(base) student@DBDA-R10:~/bigdata/c$ cd ..
(base) student@DBDA-R10:~/bigdata$ cd ..
(base) student@DBDA-R10:~$ mkdir company
(base) student@DBDA-R10:~$ cd company
(base) student@DBDA-R10:~/company$ cd ..
(base) student@DBDA-R10:~$ cd bigdata
(base) student@DBDA-R10:~/bigdata$ cd c
(base) student@DBDA-R10:~/bigdata/c$ cd office
(base) student@DBDA-R10:~/bigdata/c/office$ ls
1.txt  2.txt  archive2.tar.gz  archive.tar.gz
(base) student@DBDA-R10:~/bigdata/c/office$ tar -xf archive.tar.gz -C /home/student/company
(base) student@DBDA-R10:~/bigdata/c/office$ cd..
cd..: command not found
(base) student@DBDA-R10:~/bigdata/c/office$ cd ..
(base) student@DBDA-R10:~/bigdata/c$ cd ..
(base) student@DBDA-R10:~/bigdata$ cd ..
(base) student@DBDA-R10:~$ cd company
(base) student@DBDA-R10:~/company$ ls
1.txt  2.txt
(base) student@DBDA-R10:~/company$ man tar
(base) student@DBDA-R10:~/company$ whoami
student
(base) student@DBDA-R10:~/company$ man whoami
(base) student@DBDA-R10:~/company$ cat /etc/passwd
root:x:0:0:root:/root:/bin/bash
daemon:x:1:1:daemon:/usr/sbin:/usr/sbin/nologin
bin:x:2:2:bin:/bin:/usr/sbin/nologin
sys:x:3:3:sys:/dev:/usr/sbin/nologin
sync:x:4:65534:sync:/bin:/bin/sync
games:x:5:60:games:/usr/games:/usr/sbin/nologin
man:x:6:12:man:/var/cache/man:/usr/sbin/nologin
lp:x:7:7:lp:/var/spool/lpd:/usr/sbin/nologin
mail:x:8:8:mail:/var/mail:/usr/sbin/nologin
news:x:9:9:news:/var/spool/news:/usr/sbin/nologin
uucp:x:10:10:uucp:/var/spool/uucp:/usr/sbin/nologin
proxy:x:13:13:proxy:/bin:/usr/sbin/nologin
www-data:x:33:33:www-data:/var/www:/usr/sbin/nologin
backup:x:34:34:backup:/var/backups:/usr/sbin/nologin
list:x:38:38:Mailing List Manager:/var/list:/usr/sbin/nologin
irc:x:39:39:ircd:/var/run/ircd:/usr/sbin/nologin
gnats:x:41:41:Gnats Bug-Reporting System (admin):/var/lib/gnats:/usr/sbin/nologin
nobody:x:65534:65534:nobody:/nonexistent:/usr/sbin/nologin
systemd-timesync:x:100:102:systemd Time Synchronization,,,:/run/systemd:/bin/false
systemd-network:x:101:103:systemd Network Management,,,:/run/systemd/netif:/bin/false
systemd-resolve:x:102:104:systemd Resolver,,,:/run/systemd/resolve:/bin/false
systemd-bus-proxy:x:103:105:systemd Bus Proxy,,,:/run/systemd:/bin/false
syslog:x:104:108::/home/syslog:/bin/false
_apt:x:105:65534::/nonexistent:/bin/false
messagebus:x:106:110::/var/run/dbus:/bin/false
uuidd:x:107:111::/run/uuidd:/bin/false
lightdm:x:108:114:Light Display Manager:/var/lib/lightdm:/bin/false
whoopsie:x:109:116::/nonexistent:/bin/false
avahi-autoipd:x:110:119:Avahi autoip daemon,,,:/var/lib/avahi-autoipd:/bin/false
avahi:x:111:120:Avahi mDNS daemon,,,:/var/run/avahi-daemon:/bin/false
dnsmasq:x:112:65534:dnsmasq,,,:/var/lib/misc:/bin/false
colord:x:113:123:colord colour management daemon,,,:/var/lib/colord:/bin/false
speech-dispatcher:x:114:29:Speech Dispatcher,,,:/var/run/speech-dispatcher:/bin/false
hplip:x:115:7:HPLIP system user,,,:/var/run/hplip:/bin/false
kernoops:x:116:65534:Kernel Oops Tracking Daemon,,,:/:/bin/false
pulse:x:117:124:PulseAudio daemon,,,:/var/run/pulse:/bin/false
rtkit:x:118:126:RealtimeKit,,,:/proc:/bin/false
saned:x:119:127::/var/lib/saned:/bin/false
usbmux:x:120:46:usbmux daemon,,,:/var/lib/usbmux:/bin/false
student:x:1000:1000:student,,,:/home/student:/bin/bash
sshd:x:121:65534::/var/run/sshd:/usr/sbin/nologin
guest-8siewu:x:999:999:Guest:/tmp/guest-8siewu:/bin/bash
guest-jpi9w0:x:998:998:Guest:/tmp/guest-jpi9w0:/bin/bash
guest-zatws7:x:997:997:Guest:/tmp/guest-zatws7:/bin/bash
mysql:x:996:1001::/home/mysql:
guest-ph2lhd:x:995:995:Guest:/tmp/guest-ph2lhd:/bin/bash
hduster:x:1001:1002::/home/hduster:/bin/bash
hduser:x:1002:1002:,,,:/home/hduser:/bin/bash
mongodb:x:122:65534::/home/mongodb:/bin/false
guest-jmnjhy:x:994:994:Guest:/tmp/guest-jmnjhy:/bin/bash
guest-rc2wf1:x:993:993:Guest:/tmp/guest-rc2wf1:/bin/bash
guest-gzbx5a:x:992:992:Guest:/tmp/guest-gzbx5a:/bin/bash
guest-rnjihp:x:991:991:Guest:/tmp/guest-rnjihp:/bin/bash
guest-p2zilx:x:989:989:Guest:/tmp/guest-p2zilx:/bin/bash
guest-rtre5k:x:990:990:Guest:/tmp/guest-rtre5k:/bin/bash
guest-td4bpv:x:988:988:Guest:/tmp/guest-td4bpv:/bin/bash
guest-gyc18p:x:987:987:Guest:/tmp/guest-gyc18p:/bin/bash
guest-qasomc:x:986:986:Guest:/tmp/guest-qasomc:/bin/bash
guest-2zrisn:x:985:985:Guest:/tmp/guest-2zrisn:/bin/bash
guest-kcwgpq:x:984:984:Guest:/tmp/guest-kcwgpq:/bin/bash
guest-e91fdv:x:983:983:Guest:/tmp/guest-e91fdv:/bin/bash
guest-j4ests:x:982:982:Guest:/tmp/guest-j4ests:/bin/bash
guest-4jaih5:x:981:981:Guest:/tmp/guest-4jaih5:/bin/bash
guest-cz9d9a:x:980:980:Guest:/tmp/guest-cz9d9a:/bin/bash
guest-wvs0hf:x:979:979:Guest:/tmp/guest-wvs0hf:/bin/bash
(base) student@DBDA-R10:~/company$ sudo useradd saurabhr
[sudo] password for student: 
(base) student@DBDA-R10:~/company$ cat /etc/passwd
root:x:0:0:root:/root:/bin/bash
daemon:x:1:1:daemon:/usr/sbin:/usr/sbin/nologin
bin:x:2:2:bin:/bin:/usr/sbin/nologin
sys:x:3:3:sys:/dev:/usr/sbin/nologin
sync:x:4:65534:sync:/bin:/bin/sync
games:x:5:60:games:/usr/games:/usr/sbin/nologin
man:x:6:12:man:/var/cache/man:/usr/sbin/nologin
lp:x:7:7:lp:/var/spool/lpd:/usr/sbin/nologin
mail:x:8:8:mail:/var/mail:/usr/sbin/nologin
news:x:9:9:news:/var/spool/news:/usr/sbin/nologin
uucp:x:10:10:uucp:/var/spool/uucp:/usr/sbin/nologin
proxy:x:13:13:proxy:/bin:/usr/sbin/nologin
www-data:x:33:33:www-data:/var/www:/usr/sbin/nologin
backup:x:34:34:backup:/var/backups:/usr/sbin/nologin
list:x:38:38:Mailing List Manager:/var/list:/usr/sbin/nologin
irc:x:39:39:ircd:/var/run/ircd:/usr/sbin/nologin
gnats:x:41:41:Gnats Bug-Reporting System (admin):/var/lib/gnats:/usr/sbin/nologin
nobody:x:65534:65534:nobody:/nonexistent:/usr/sbin/nologin
systemd-timesync:x:100:102:systemd Time Synchronization,,,:/run/systemd:/bin/false
systemd-network:x:101:103:systemd Network Management,,,:/run/systemd/netif:/bin/false
systemd-resolve:x:102:104:systemd Resolver,,,:/run/systemd/resolve:/bin/false
systemd-bus-proxy:x:103:105:systemd Bus Proxy,,,:/run/systemd:/bin/false
syslog:x:104:108::/home/syslog:/bin/false
_apt:x:105:65534::/nonexistent:/bin/false
messagebus:x:106:110::/var/run/dbus:/bin/false
uuidd:x:107:111::/run/uuidd:/bin/false
lightdm:x:108:114:Light Display Manager:/var/lib/lightdm:/bin/false
whoopsie:x:109:116::/nonexistent:/bin/false
avahi-autoipd:x:110:119:Avahi autoip daemon,,,:/var/lib/avahi-autoipd:/bin/false
avahi:x:111:120:Avahi mDNS daemon,,,:/var/run/avahi-daemon:/bin/false
dnsmasq:x:112:65534:dnsmasq,,,:/var/lib/misc:/bin/false
colord:x:113:123:colord colour management daemon,,,:/var/lib/colord:/bin/false
speech-dispatcher:x:114:29:Speech Dispatcher,,,:/var/run/speech-dispatcher:/bin/false
hplip:x:115:7:HPLIP system user,,,:/var/run/hplip:/bin/false
kernoops:x:116:65534:Kernel Oops Tracking Daemon,,,:/:/bin/false
pulse:x:117:124:PulseAudio daemon,,,:/var/run/pulse:/bin/false
rtkit:x:118:126:RealtimeKit,,,:/proc:/bin/false
saned:x:119:127::/var/lib/saned:/bin/false
usbmux:x:120:46:usbmux daemon,,,:/var/lib/usbmux:/bin/false
student:x:1000:1000:student,,,:/home/student:/bin/bash
sshd:x:121:65534::/var/run/sshd:/usr/sbin/nologin
guest-8siewu:x:999:999:Guest:/tmp/guest-8siewu:/bin/bash
guest-jpi9w0:x:998:998:Guest:/tmp/guest-jpi9w0:/bin/bash
guest-zatws7:x:997:997:Guest:/tmp/guest-zatws7:/bin/bash
mysql:x:996:1001::/home/mysql:
guest-ph2lhd:x:995:995:Guest:/tmp/guest-ph2lhd:/bin/bash
hduster:x:1001:1002::/home/hduster:/bin/bash
hduser:x:1002:1002:,,,:/home/hduser:/bin/bash
mongodb:x:122:65534::/home/mongodb:/bin/false
guest-jmnjhy:x:994:994:Guest:/tmp/guest-jmnjhy:/bin/bash
guest-rc2wf1:x:993:993:Guest:/tmp/guest-rc2wf1:/bin/bash
guest-gzbx5a:x:992:992:Guest:/tmp/guest-gzbx5a:/bin/bash
guest-rnjihp:x:991:991:Guest:/tmp/guest-rnjihp:/bin/bash
guest-p2zilx:x:989:989:Guest:/tmp/guest-p2zilx:/bin/bash
guest-rtre5k:x:990:990:Guest:/tmp/guest-rtre5k:/bin/bash
guest-td4bpv:x:988:988:Guest:/tmp/guest-td4bpv:/bin/bash
guest-gyc18p:x:987:987:Guest:/tmp/guest-gyc18p:/bin/bash
guest-qasomc:x:986:986:Guest:/tmp/guest-qasomc:/bin/bash
guest-2zrisn:x:985:985:Guest:/tmp/guest-2zrisn:/bin/bash
guest-kcwgpq:x:984:984:Guest:/tmp/guest-kcwgpq:/bin/bash
guest-e91fdv:x:983:983:Guest:/tmp/guest-e91fdv:/bin/bash
guest-j4ests:x:982:982:Guest:/tmp/guest-j4ests:/bin/bash
guest-4jaih5:x:981:981:Guest:/tmp/guest-4jaih5:/bin/bash
guest-cz9d9a:x:980:980:Guest:/tmp/guest-cz9d9a:/bin/bash
guest-wvs0hf:x:979:979:Guest:/tmp/guest-wvs0hf:/bin/bash
saurabhr:x:1003:1003::/home/saurabhr:
(base) student@DBDA-R10:~/company$ $ awk -F':' '{ print $1}' /etc/passwd
$: command not found
(base) student@DBDA-R10:~/company$ w
 12:24:29 up  4:03,  1 user,  load average: 0.12, 0.11, 0.05
USER     TTY      FROM             LOGIN@   IDLE   JCPU   PCPU WHAT
student  tty7     :0               08:22    4:02m  3:40   0.11s /sbin/upstart --user
(base) student@DBDA-R10:~/company$ man getent
(base) student@DBDA-R10:~/company$ getent passwd
root:x:0:0:root:/root:/bin/bash
daemon:x:1:1:daemon:/usr/sbin:/usr/sbin/nologin
bin:x:2:2:bin:/bin:/usr/sbin/nologin
sys:x:3:3:sys:/dev:/usr/sbin/nologin
sync:x:4:65534:sync:/bin:/bin/sync
games:x:5:60:games:/usr/games:/usr/sbin/nologin
man:x:6:12:man:/var/cache/man:/usr/sbin/nologin
lp:x:7:7:lp:/var/spool/lpd:/usr/sbin/nologin
mail:x:8:8:mail:/var/mail:/usr/sbin/nologin
news:x:9:9:news:/var/spool/news:/usr/sbin/nologin
uucp:x:10:10:uucp:/var/spool/uucp:/usr/sbin/nologin
proxy:x:13:13:proxy:/bin:/usr/sbin/nologin
www-data:x:33:33:www-data:/var/www:/usr/sbin/nologin
backup:x:34:34:backup:/var/backups:/usr/sbin/nologin
list:x:38:38:Mailing List Manager:/var/list:/usr/sbin/nologin
irc:x:39:39:ircd:/var/run/ircd:/usr/sbin/nologin
gnats:x:41:41:Gnats Bug-Reporting System (admin):/var/lib/gnats:/usr/sbin/nologin
nobody:x:65534:65534:nobody:/nonexistent:/usr/sbin/nologin
systemd-timesync:x:100:102:systemd Time Synchronization,,,:/run/systemd:/bin/false
systemd-network:x:101:103:systemd Network Management,,,:/run/systemd/netif:/bin/false
systemd-resolve:x:102:104:systemd Resolver,,,:/run/systemd/resolve:/bin/false
systemd-bus-proxy:x:103:105:systemd Bus Proxy,,,:/run/systemd:/bin/false
syslog:x:104:108::/home/syslog:/bin/false
_apt:x:105:65534::/nonexistent:/bin/false
messagebus:x:106:110::/var/run/dbus:/bin/false
uuidd:x:107:111::/run/uuidd:/bin/false
lightdm:x:108:114:Light Display Manager:/var/lib/lightdm:/bin/false
whoopsie:x:109:116::/nonexistent:/bin/false
avahi-autoipd:x:110:119:Avahi autoip daemon,,,:/var/lib/avahi-autoipd:/bin/false
avahi:x:111:120:Avahi mDNS daemon,,,:/var/run/avahi-daemon:/bin/false
dnsmasq:x:112:65534:dnsmasq,,,:/var/lib/misc:/bin/false
colord:x:113:123:colord colour management daemon,,,:/var/lib/colord:/bin/false
speech-dispatcher:x:114:29:Speech Dispatcher,,,:/var/run/speech-dispatcher:/bin/false
hplip:x:115:7:HPLIP system user,,,:/var/run/hplip:/bin/false
kernoops:x:116:65534:Kernel Oops Tracking Daemon,,,:/:/bin/false
pulse:x:117:124:PulseAudio daemon,,,:/var/run/pulse:/bin/false
rtkit:x:118:126:RealtimeKit,,,:/proc:/bin/false
saned:x:119:127::/var/lib/saned:/bin/false
usbmux:x:120:46:usbmux daemon,,,:/var/lib/usbmux:/bin/false
student:x:1000:1000:student,,,:/home/student:/bin/bash
sshd:x:121:65534::/var/run/sshd:/usr/sbin/nologin
guest-8siewu:x:999:999:Guest:/tmp/guest-8siewu:/bin/bash
guest-jpi9w0:x:998:998:Guest:/tmp/guest-jpi9w0:/bin/bash
guest-zatws7:x:997:997:Guest:/tmp/guest-zatws7:/bin/bash
mysql:x:996:1001::/home/mysql:
guest-ph2lhd:x:995:995:Guest:/tmp/guest-ph2lhd:/bin/bash
hduster:x:1001:1002::/home/hduster:/bin/bash
hduser:x:1002:1002:,,,:/home/hduser:/bin/bash
mongodb:x:122:65534::/home/mongodb:/bin/false
guest-jmnjhy:x:994:994:Guest:/tmp/guest-jmnjhy:/bin/bash
guest-rc2wf1:x:993:993:Guest:/tmp/guest-rc2wf1:/bin/bash
guest-gzbx5a:x:992:992:Guest:/tmp/guest-gzbx5a:/bin/bash
guest-rnjihp:x:991:991:Guest:/tmp/guest-rnjihp:/bin/bash
guest-p2zilx:x:989:989:Guest:/tmp/guest-p2zilx:/bin/bash
guest-rtre5k:x:990:990:Guest:/tmp/guest-rtre5k:/bin/bash
guest-td4bpv:x:988:988:Guest:/tmp/guest-td4bpv:/bin/bash
guest-gyc18p:x:987:987:Guest:/tmp/guest-gyc18p:/bin/bash
guest-qasomc:x:986:986:Guest:/tmp/guest-qasomc:/bin/bash
guest-2zrisn:x:985:985:Guest:/tmp/guest-2zrisn:/bin/bash
guest-kcwgpq:x:984:984:Guest:/tmp/guest-kcwgpq:/bin/bash
guest-e91fdv:x:983:983:Guest:/tmp/guest-e91fdv:/bin/bash
guest-j4ests:x:982:982:Guest:/tmp/guest-j4ests:/bin/bash
guest-4jaih5:x:981:981:Guest:/tmp/guest-4jaih5:/bin/bash
guest-cz9d9a:x:980:980:Guest:/tmp/guest-cz9d9a:/bin/bash
guest-wvs0hf:x:979:979:Guest:/tmp/guest-wvs0hf:/bin/bash
saurabhr:x:1003:1003::/home/saurabhr:
(base) student@DBDA-R10:~/company$ $ awk -F':' '{ print $1}' /etc/passwd
$: command not found
(base) student@DBDA-R10:~/company$  awk -F':' '{ print $1}' /etc/passwd
root
daemon
bin
sys
sync
games
man
lp
mail
news
uucp
proxy
www-data
backup
list
irc
gnats
nobody
systemd-timesync
systemd-network
systemd-resolve
systemd-bus-proxy
syslog
_apt
messagebus
uuidd
lightdm
whoopsie
avahi-autoipd
avahi
dnsmasq
colord
speech-dispatcher
hplip
kernoops
pulse
rtkit
saned
usbmux
student
sshd
guest-8siewu
guest-jpi9w0
guest-zatws7
mysql
guest-ph2lhd
hduster
hduser
mongodb
guest-jmnjhy
guest-rc2wf1
guest-gzbx5a
guest-rnjihp
guest-p2zilx
guest-rtre5k
guest-td4bpv
guest-gyc18p
guest-qasomc
guest-2zrisn
guest-kcwgpq
guest-e91fdv
guest-j4ests
guest-4jaih5
guest-cz9d9a
guest-wvs0hf
saurabhr
(base) student@DBDA-R10:~/company$ less /etc/passwd

[2]+  Stopped                 less /etc/passwd
(base) student@DBDA-R10:~/company$ finger
The program 'finger' is currently not installed. You can install it by typing:
sudo apt install finger
(base) student@DBDA-R10:~/company$ sudo apt install finger
Reading package lists... Done
Building dependency tree       
Reading state information... Done
The following NEW packages will be installed:
  finger
0 upgraded, 1 newly installed, 0 to remove and 113 not upgraded.
Need to get 17.3 kB of archives.
After this operation, 68.6 kB of additional disk space will be used.
Get:1 http://in.archive.ubuntu.com/ubuntu xenial/universe amd64 finger amd64 0.17-15 [17.3 kB]
Fetched 17.3 kB in 0s (125 kB/s)
Selecting previously unselected package finger.
(Reading database ... 207646 files and directories currently installed.)
Preparing to unpack .../finger_0.17-15_amd64.deb ...
Unpacking finger (0.17-15) ...
Processing triggers for man-db (2.7.5-1) ...
Setting up finger (0.17-15) ...
(base) student@DBDA-R10:~/company$ finger
Login     Name       Tty      Idle  Login Time   Office     Office Phone
student   student    tty7     4:08  Oct  6 08:22 (:0)
(base) student@DBDA-R10:~/company$ man awk
(base) student@DBDA-R10:~/company$ getent passwd | grep saurabhr
saurabhr:x:1003:1003::/home/saurabhr:
(base) student@DBDA-R10:~/company$ getent passwd | grep saurabhruikar
(base) student@DBDA-R10:~/company$ getent passwd | grep ankit
(base) student@DBDA-R10:~/company$ getent passwd saurabhr
saurabhr:x:1003:1003::/home/saurabhr:
(base) student@DBDA-R10:~/company$ sudo useradd
Usage: useradd [options] LOGIN
       useradd -D
       useradd -D [options]

Options:
  -b, --base-dir BASE_DIR       base directory for the home directory of the
                                new account
  -c, --comment COMMENT         GECOS field of the new account
  -d, --home-dir HOME_DIR       home directory of the new account
  -D, --defaults                print or change default useradd configuration
  -e, --expiredate EXPIRE_DATE  expiration date of the new account
  -f, --inactive INACTIVE       password inactivity period of the new account
  -g, --gid GROUP               name or ID of the primary group of the new
                                account
  -G, --groups GROUPS           list of supplementary groups of the new
                                account
  -h, --help                    display this help message and exit
  -k, --skel SKEL_DIR           use this alternative skeleton directory
  -K, --key KEY=VALUE           override /etc/login.defs defaults
  -l, --no-log-init             do not add the user to the lastlog and
                                faillog databases
  -m, --create-home             create the user's home directory
  -M, --no-create-home          do not create the user's home directory
  -N, --no-user-group           do not create a group with the same name as
                                the user
  -o, --non-unique              allow to create users with duplicate
                                (non-unique) UID
  -p, --password PASSWORD       encrypted password of the new account
  -r, --system                  create a system account
  -R, --root CHROOT_DIR         directory to chroot into
  -s, --shell SHELL             login shell of the new account
  -u, --uid UID                 user ID of the new account
  -U, --user-group              create a group with the same name as the user
  -Z, --selinux-user SEUSER     use a specific SEUSER for the SELinux user mapping
      --extrausers              Use the extra users database

(base) student@DBDA-R10:~/company$ sudo useradd saurabh
(base) student@DBDA-R10:~/company$ sudo adduser saurabh
adduser: The user `saurabh' already exists.
(base) student@DBDA-R10:~/company$ sudo useradd saurabhruikar
(base) student@DBDA-R10:~/company$ sudo useradd ankitc
(base) student@DBDA-R10:~/company$ getent passwd
root:x:0:0:root:/root:/bin/bash
daemon:x:1:1:daemon:/usr/sbin:/usr/sbin/nologin
bin:x:2:2:bin:/bin:/usr/sbin/nologin
sys:x:3:3:sys:/dev:/usr/sbin/nologin
sync:x:4:65534:sync:/bin:/bin/sync
games:x:5:60:games:/usr/games:/usr/sbin/nologin
man:x:6:12:man:/var/cache/man:/usr/sbin/nologin
lp:x:7:7:lp:/var/spool/lpd:/usr/sbin/nologin
mail:x:8:8:mail:/var/mail:/usr/sbin/nologin
news:x:9:9:news:/var/spool/news:/usr/sbin/nologin
uucp:x:10:10:uucp:/var/spool/uucp:/usr/sbin/nologin
proxy:x:13:13:proxy:/bin:/usr/sbin/nologin
www-data:x:33:33:www-data:/var/www:/usr/sbin/nologin
backup:x:34:34:backup:/var/backups:/usr/sbin/nologin
list:x:38:38:Mailing List Manager:/var/list:/usr/sbin/nologin
irc:x:39:39:ircd:/var/run/ircd:/usr/sbin/nologin
gnats:x:41:41:Gnats Bug-Reporting System (admin):/var/lib/gnats:/usr/sbin/nologin
nobody:x:65534:65534:nobody:/nonexistent:/usr/sbin/nologin
systemd-timesync:x:100:102:systemd Time Synchronization,,,:/run/systemd:/bin/false
systemd-network:x:101:103:systemd Network Management,,,:/run/systemd/netif:/bin/false
systemd-resolve:x:102:104:systemd Resolver,,,:/run/systemd/resolve:/bin/false
systemd-bus-proxy:x:103:105:systemd Bus Proxy,,,:/run/systemd:/bin/false
syslog:x:104:108::/home/syslog:/bin/false
_apt:x:105:65534::/nonexistent:/bin/false
messagebus:x:106:110::/var/run/dbus:/bin/false
uuidd:x:107:111::/run/uuidd:/bin/false
lightdm:x:108:114:Light Display Manager:/var/lib/lightdm:/bin/false
whoopsie:x:109:116::/nonexistent:/bin/false
avahi-autoipd:x:110:119:Avahi autoip daemon,,,:/var/lib/avahi-autoipd:/bin/false
avahi:x:111:120:Avahi mDNS daemon,,,:/var/run/avahi-daemon:/bin/false
dnsmasq:x:112:65534:dnsmasq,,,:/var/lib/misc:/bin/false
colord:x:113:123:colord colour management daemon,,,:/var/lib/colord:/bin/false
speech-dispatcher:x:114:29:Speech Dispatcher,,,:/var/run/speech-dispatcher:/bin/false
hplip:x:115:7:HPLIP system user,,,:/var/run/hplip:/bin/false
kernoops:x:116:65534:Kernel Oops Tracking Daemon,,,:/:/bin/false
pulse:x:117:124:PulseAudio daemon,,,:/var/run/pulse:/bin/false
rtkit:x:118:126:RealtimeKit,,,:/proc:/bin/false
saned:x:119:127::/var/lib/saned:/bin/false
usbmux:x:120:46:usbmux daemon,,,:/var/lib/usbmux:/bin/false
student:x:1000:1000:student,,,:/home/student:/bin/bash
sshd:x:121:65534::/var/run/sshd:/usr/sbin/nologin
guest-8siewu:x:999:999:Guest:/tmp/guest-8siewu:/bin/bash
guest-jpi9w0:x:998:998:Guest:/tmp/guest-jpi9w0:/bin/bash
guest-zatws7:x:997:997:Guest:/tmp/guest-zatws7:/bin/bash
mysql:x:996:1001::/home/mysql:
guest-ph2lhd:x:995:995:Guest:/tmp/guest-ph2lhd:/bin/bash
hduster:x:1001:1002::/home/hduster:/bin/bash
hduser:x:1002:1002:,,,:/home/hduser:/bin/bash
mongodb:x:122:65534::/home/mongodb:/bin/false
guest-jmnjhy:x:994:994:Guest:/tmp/guest-jmnjhy:/bin/bash
guest-rc2wf1:x:993:993:Guest:/tmp/guest-rc2wf1:/bin/bash
guest-gzbx5a:x:992:992:Guest:/tmp/guest-gzbx5a:/bin/bash
guest-rnjihp:x:991:991:Guest:/tmp/guest-rnjihp:/bin/bash
guest-p2zilx:x:989:989:Guest:/tmp/guest-p2zilx:/bin/bash
guest-rtre5k:x:990:990:Guest:/tmp/guest-rtre5k:/bin/bash
guest-td4bpv:x:988:988:Guest:/tmp/guest-td4bpv:/bin/bash
guest-gyc18p:x:987:987:Guest:/tmp/guest-gyc18p:/bin/bash
guest-qasomc:x:986:986:Guest:/tmp/guest-qasomc:/bin/bash
guest-2zrisn:x:985:985:Guest:/tmp/guest-2zrisn:/bin/bash
guest-kcwgpq:x:984:984:Guest:/tmp/guest-kcwgpq:/bin/bash
guest-e91fdv:x:983:983:Guest:/tmp/guest-e91fdv:/bin/bash
guest-j4ests:x:982:982:Guest:/tmp/guest-j4ests:/bin/bash
guest-4jaih5:x:981:981:Guest:/tmp/guest-4jaih5:/bin/bash
guest-cz9d9a:x:980:980:Guest:/tmp/guest-cz9d9a:/bin/bash
guest-wvs0hf:x:979:979:Guest:/tmp/guest-wvs0hf:/bin/bash
saurabhr:x:1003:1003::/home/saurabhr:
saurabh:x:1004:1004::/home/saurabh:
saurabhruikar:x:1005:1005::/home/saurabhruikar:
ankitc:x:1006:1006::/home/ankitc:
(base) student@DBDA-R10:~/company$ sudo adduser saurabhr
adduser: The user `saurabhr' already exists.
(base) student@DBDA-R10:~/company$ sudo adduser user1
Adding user `user1' ...
Adding new group `user1' (1007) ...
Adding new user `user1' (1007) with group `user1' ...
Creating home directory `/home/user1' ...
Copying files from `/etc/skel' ...
Enter new UNIX password: 
Retype new UNIX password: 
passwd: password updated successfully
Changing the user information for user1
Enter the new value, or press ENTER for the default
	Full Name []: Ankit Chuadhari
	Room Number []: 608
	Work Phone []: 343434343434
	Home Phone []: 43434343434
	Other []: 
Is the information correct? [Y/n] y
(base) student@DBDA-R10:~/company$ sudo adduser user2
Adding user `user2' ...
Adding new group `user2' (1008) ...
Adding new user `user2' (1008) with group `user2' ...
Creating home directory `/home/user2' ...
Copying files from `/etc/skel' ...
Enter new UNIX password: 
Retype new UNIX password: 
passwd: password updated successfully
Changing the user information for user2
Enter the new value, or press ENTER for the default
	Full Name []: sankalpa
	Room Number []: 444
	Work Phone []: 2323232323232
	Home Phone []: 3223333455
	Other []: 
Is the information correct? [Y/n] Y
(base) student@DBDA-R10:~/company$ sudo adduser user3
Adding user `user3' ...
Adding new group `user3' (1009) ...
Adding new user `user3' (1009) with group `user3' ...
Creating home directory `/home/user3' ...
Copying files from `/etc/skel' ...
Enter new UNIX password: 
Retype new UNIX password: 
passwd: password updated successfully
Changing the user information for user3
Enter the new value, or press ENTER for the default
	Full Name []: Jafar
	Room Number []: 4000
	Work Phone []: 767676767676767
	Home Phone []: 6767777645454545
	Other []: 
Is the information correct? [Y/n] y
(base) student@DBDA-R10:~/company$ sudo userdel ankitc
(base) student@DBDA-R10:~/company$ getent passwd
root:x:0:0:root:/root:/bin/bash
daemon:x:1:1:daemon:/usr/sbin:/usr/sbin/nologin
bin:x:2:2:bin:/bin:/usr/sbin/nologin
sys:x:3:3:sys:/dev:/usr/sbin/nologin
sync:x:4:65534:sync:/bin:/bin/sync
games:x:5:60:games:/usr/games:/usr/sbin/nologin
man:x:6:12:man:/var/cache/man:/usr/sbin/nologin
lp:x:7:7:lp:/var/spool/lpd:/usr/sbin/nologin
mail:x:8:8:mail:/var/mail:/usr/sbin/nologin
news:x:9:9:news:/var/spool/news:/usr/sbin/nologin
uucp:x:10:10:uucp:/var/spool/uucp:/usr/sbin/nologin
proxy:x:13:13:proxy:/bin:/usr/sbin/nologin
www-data:x:33:33:www-data:/var/www:/usr/sbin/nologin
backup:x:34:34:backup:/var/backups:/usr/sbin/nologin
list:x:38:38:Mailing List Manager:/var/list:/usr/sbin/nologin
irc:x:39:39:ircd:/var/run/ircd:/usr/sbin/nologin
gnats:x:41:41:Gnats Bug-Reporting System (admin):/var/lib/gnats:/usr/sbin/nologin
nobody:x:65534:65534:nobody:/nonexistent:/usr/sbin/nologin
systemd-timesync:x:100:102:systemd Time Synchronization,,,:/run/systemd:/bin/false
systemd-network:x:101:103:systemd Network Management,,,:/run/systemd/netif:/bin/false
systemd-resolve:x:102:104:systemd Resolver,,,:/run/systemd/resolve:/bin/false
systemd-bus-proxy:x:103:105:systemd Bus Proxy,,,:/run/systemd:/bin/false
syslog:x:104:108::/home/syslog:/bin/false
_apt:x:105:65534::/nonexistent:/bin/false
messagebus:x:106:110::/var/run/dbus:/bin/false
uuidd:x:107:111::/run/uuidd:/bin/false
lightdm:x:108:114:Light Display Manager:/var/lib/lightdm:/bin/false
whoopsie:x:109:116::/nonexistent:/bin/false
avahi-autoipd:x:110:119:Avahi autoip daemon,,,:/var/lib/avahi-autoipd:/bin/false
avahi:x:111:120:Avahi mDNS daemon,,,:/var/run/avahi-daemon:/bin/false
dnsmasq:x:112:65534:dnsmasq,,,:/var/lib/misc:/bin/false
colord:x:113:123:colord colour management daemon,,,:/var/lib/colord:/bin/false
speech-dispatcher:x:114:29:Speech Dispatcher,,,:/var/run/speech-dispatcher:/bin/false
hplip:x:115:7:HPLIP system user,,,:/var/run/hplip:/bin/false
kernoops:x:116:65534:Kernel Oops Tracking Daemon,,,:/:/bin/false
pulse:x:117:124:PulseAudio daemon,,,:/var/run/pulse:/bin/false
rtkit:x:118:126:RealtimeKit,,,:/proc:/bin/false
saned:x:119:127::/var/lib/saned:/bin/false
usbmux:x:120:46:usbmux daemon,,,:/var/lib/usbmux:/bin/false
student:x:1000:1000:student,,,:/home/student:/bin/bash
sshd:x:121:65534::/var/run/sshd:/usr/sbin/nologin
guest-8siewu:x:999:999:Guest:/tmp/guest-8siewu:/bin/bash
guest-jpi9w0:x:998:998:Guest:/tmp/guest-jpi9w0:/bin/bash
guest-zatws7:x:997:997:Guest:/tmp/guest-zatws7:/bin/bash
mysql:x:996:1001::/home/mysql:
guest-ph2lhd:x:995:995:Guest:/tmp/guest-ph2lhd:/bin/bash
hduster:x:1001:1002::/home/hduster:/bin/bash
hduser:x:1002:1002:,,,:/home/hduser:/bin/bash
mongodb:x:122:65534::/home/mongodb:/bin/false
guest-jmnjhy:x:994:994:Guest:/tmp/guest-jmnjhy:/bin/bash
guest-rc2wf1:x:993:993:Guest:/tmp/guest-rc2wf1:/bin/bash
guest-gzbx5a:x:992:992:Guest:/tmp/guest-gzbx5a:/bin/bash
guest-rnjihp:x:991:991:Guest:/tmp/guest-rnjihp:/bin/bash
guest-p2zilx:x:989:989:Guest:/tmp/guest-p2zilx:/bin/bash
guest-rtre5k:x:990:990:Guest:/tmp/guest-rtre5k:/bin/bash
guest-td4bpv:x:988:988:Guest:/tmp/guest-td4bpv:/bin/bash
guest-gyc18p:x:987:987:Guest:/tmp/guest-gyc18p:/bin/bash
guest-qasomc:x:986:986:Guest:/tmp/guest-qasomc:/bin/bash
guest-2zrisn:x:985:985:Guest:/tmp/guest-2zrisn:/bin/bash
guest-kcwgpq:x:984:984:Guest:/tmp/guest-kcwgpq:/bin/bash
guest-e91fdv:x:983:983:Guest:/tmp/guest-e91fdv:/bin/bash
guest-j4ests:x:982:982:Guest:/tmp/guest-j4ests:/bin/bash
guest-4jaih5:x:981:981:Guest:/tmp/guest-4jaih5:/bin/bash
guest-cz9d9a:x:980:980:Guest:/tmp/guest-cz9d9a:/bin/bash
guest-wvs0hf:x:979:979:Guest:/tmp/guest-wvs0hf:/bin/bash
saurabhr:x:1003:1003::/home/saurabhr:
saurabh:x:1004:1004::/home/saurabh:
saurabhruikar:x:1005:1005::/home/saurabhruikar:
user1:x:1007:1007:Ankit Chuadhari,608,343434343434,43434343434:/home/user1:/bin/bash
user2:x:1008:1008:sankalpa,444,2323232323232,3223333455:/home/user2:/bin/bash
user3:x:1009:1009:Jafar,4000,767676767676767,6767777645454545:/home/user3:/bin/bash
(base) student@DBDA-R10:~/company$ sudo userdel saurabh
(base) student@DBDA-R10:~/company$ sudo userdel saurabhruikar
(base) student@DBDA-R10:~/company$ getent passwd
root:x:0:0:root:/root:/bin/bash
daemon:x:1:1:daemon:/usr/sbin:/usr/sbin/nologin
bin:x:2:2:bin:/bin:/usr/sbin/nologin
sys:x:3:3:sys:/dev:/usr/sbin/nologin
sync:x:4:65534:sync:/bin:/bin/sync
games:x:5:60:games:/usr/games:/usr/sbin/nologin
man:x:6:12:man:/var/cache/man:/usr/sbin/nologin
lp:x:7:7:lp:/var/spool/lpd:/usr/sbin/nologin
mail:x:8:8:mail:/var/mail:/usr/sbin/nologin
news:x:9:9:news:/var/spool/news:/usr/sbin/nologin
uucp:x:10:10:uucp:/var/spool/uucp:/usr/sbin/nologin
proxy:x:13:13:proxy:/bin:/usr/sbin/nologin
www-data:x:33:33:www-data:/var/www:/usr/sbin/nologin
backup:x:34:34:backup:/var/backups:/usr/sbin/nologin
list:x:38:38:Mailing List Manager:/var/list:/usr/sbin/nologin
irc:x:39:39:ircd:/var/run/ircd:/usr/sbin/nologin
gnats:x:41:41:Gnats Bug-Reporting System (admin):/var/lib/gnats:/usr/sbin/nologin
nobody:x:65534:65534:nobody:/nonexistent:/usr/sbin/nologin
systemd-timesync:x:100:102:systemd Time Synchronization,,,:/run/systemd:/bin/false
systemd-network:x:101:103:systemd Network Management,,,:/run/systemd/netif:/bin/false
systemd-resolve:x:102:104:systemd Resolver,,,:/run/systemd/resolve:/bin/false
systemd-bus-proxy:x:103:105:systemd Bus Proxy,,,:/run/systemd:/bin/false
syslog:x:104:108::/home/syslog:/bin/false
_apt:x:105:65534::/nonexistent:/bin/false
messagebus:x:106:110::/var/run/dbus:/bin/false
uuidd:x:107:111::/run/uuidd:/bin/false
lightdm:x:108:114:Light Display Manager:/var/lib/lightdm:/bin/false
whoopsie:x:109:116::/nonexistent:/bin/false
avahi-autoipd:x:110:119:Avahi autoip daemon,,,:/var/lib/avahi-autoipd:/bin/false
avahi:x:111:120:Avahi mDNS daemon,,,:/var/run/avahi-daemon:/bin/false
dnsmasq:x:112:65534:dnsmasq,,,:/var/lib/misc:/bin/false
colord:x:113:123:colord colour management daemon,,,:/var/lib/colord:/bin/false
speech-dispatcher:x:114:29:Speech Dispatcher,,,:/var/run/speech-dispatcher:/bin/false
hplip:x:115:7:HPLIP system user,,,:/var/run/hplip:/bin/false
kernoops:x:116:65534:Kernel Oops Tracking Daemon,,,:/:/bin/false
pulse:x:117:124:PulseAudio daemon,,,:/var/run/pulse:/bin/false
rtkit:x:118:126:RealtimeKit,,,:/proc:/bin/false
saned:x:119:127::/var/lib/saned:/bin/false
usbmux:x:120:46:usbmux daemon,,,:/var/lib/usbmux:/bin/false
student:x:1000:1000:student,,,:/home/student:/bin/bash
sshd:x:121:65534::/var/run/sshd:/usr/sbin/nologin
guest-8siewu:x:999:999:Guest:/tmp/guest-8siewu:/bin/bash
guest-jpi9w0:x:998:998:Guest:/tmp/guest-jpi9w0:/bin/bash
guest-zatws7:x:997:997:Guest:/tmp/guest-zatws7:/bin/bash
mysql:x:996:1001::/home/mysql:
guest-ph2lhd:x:995:995:Guest:/tmp/guest-ph2lhd:/bin/bash
hduster:x:1001:1002::/home/hduster:/bin/bash
hduser:x:1002:1002:,,,:/home/hduser:/bin/bash
mongodb:x:122:65534::/home/mongodb:/bin/false
guest-jmnjhy:x:994:994:Guest:/tmp/guest-jmnjhy:/bin/bash
guest-rc2wf1:x:993:993:Guest:/tmp/guest-rc2wf1:/bin/bash
guest-gzbx5a:x:992:992:Guest:/tmp/guest-gzbx5a:/bin/bash
guest-rnjihp:x:991:991:Guest:/tmp/guest-rnjihp:/bin/bash
guest-p2zilx:x:989:989:Guest:/tmp/guest-p2zilx:/bin/bash
guest-rtre5k:x:990:990:Guest:/tmp/guest-rtre5k:/bin/bash
guest-td4bpv:x:988:988:Guest:/tmp/guest-td4bpv:/bin/bash
guest-gyc18p:x:987:987:Guest:/tmp/guest-gyc18p:/bin/bash
guest-qasomc:x:986:986:Guest:/tmp/guest-qasomc:/bin/bash
guest-2zrisn:x:985:985:Guest:/tmp/guest-2zrisn:/bin/bash
guest-kcwgpq:x:984:984:Guest:/tmp/guest-kcwgpq:/bin/bash
guest-e91fdv:x:983:983:Guest:/tmp/guest-e91fdv:/bin/bash
guest-j4ests:x:982:982:Guest:/tmp/guest-j4ests:/bin/bash
guest-4jaih5:x:981:981:Guest:/tmp/guest-4jaih5:/bin/bash
guest-cz9d9a:x:980:980:Guest:/tmp/guest-cz9d9a:/bin/bash
guest-wvs0hf:x:979:979:Guest:/tmp/guest-wvs0hf:/bin/bash
saurabhr:x:1003:1003::/home/saurabhr:
user1:x:1007:1007:Ankit Chuadhari,608,343434343434,43434343434:/home/user1:/bin/bash
user2:x:1008:1008:sankalpa,444,2323232323232,3223333455:/home/user2:/bin/bash
user3:x:1009:1009:Jafar,4000,767676767676767,6767777645454545:/home/user3:/bin/bash
(base) student@DBDA-R10:~/company$ sudo userdel saurabhr
(base) student@DBDA-R10:~/company$ getent passwd
root:x:0:0:root:/root:/bin/bash
daemon:x:1:1:daemon:/usr/sbin:/usr/sbin/nologin
bin:x:2:2:bin:/bin:/usr/sbin/nologin
sys:x:3:3:sys:/dev:/usr/sbin/nologin
sync:x:4:65534:sync:/bin:/bin/sync
games:x:5:60:games:/usr/games:/usr/sbin/nologin
man:x:6:12:man:/var/cache/man:/usr/sbin/nologin
lp:x:7:7:lp:/var/spool/lpd:/usr/sbin/nologin
mail:x:8:8:mail:/var/mail:/usr/sbin/nologin
news:x:9:9:news:/var/spool/news:/usr/sbin/nologin
uucp:x:10:10:uucp:/var/spool/uucp:/usr/sbin/nologin
proxy:x:13:13:proxy:/bin:/usr/sbin/nologin
www-data:x:33:33:www-data:/var/www:/usr/sbin/nologin
backup:x:34:34:backup:/var/backups:/usr/sbin/nologin
list:x:38:38:Mailing List Manager:/var/list:/usr/sbin/nologin
irc:x:39:39:ircd:/var/run/ircd:/usr/sbin/nologin
gnats:x:41:41:Gnats Bug-Reporting System (admin):/var/lib/gnats:/usr/sbin/nologin
nobody:x:65534:65534:nobody:/nonexistent:/usr/sbin/nologin
systemd-timesync:x:100:102:systemd Time Synchronization,,,:/run/systemd:/bin/false
systemd-network:x:101:103:systemd Network Management,,,:/run/systemd/netif:/bin/false
systemd-resolve:x:102:104:systemd Resolver,,,:/run/systemd/resolve:/bin/false
systemd-bus-proxy:x:103:105:systemd Bus Proxy,,,:/run/systemd:/bin/false
syslog:x:104:108::/home/syslog:/bin/false
_apt:x:105:65534::/nonexistent:/bin/false
messagebus:x:106:110::/var/run/dbus:/bin/false
uuidd:x:107:111::/run/uuidd:/bin/false
lightdm:x:108:114:Light Display Manager:/var/lib/lightdm:/bin/false
whoopsie:x:109:116::/nonexistent:/bin/false
avahi-autoipd:x:110:119:Avahi autoip daemon,,,:/var/lib/avahi-autoipd:/bin/false
avahi:x:111:120:Avahi mDNS daemon,,,:/var/run/avahi-daemon:/bin/false
dnsmasq:x:112:65534:dnsmasq,,,:/var/lib/misc:/bin/false
colord:x:113:123:colord colour management daemon,,,:/var/lib/colord:/bin/false
speech-dispatcher:x:114:29:Speech Dispatcher,,,:/var/run/speech-dispatcher:/bin/false
hplip:x:115:7:HPLIP system user,,,:/var/run/hplip:/bin/false
kernoops:x:116:65534:Kernel Oops Tracking Daemon,,,:/:/bin/false
pulse:x:117:124:PulseAudio daemon,,,:/var/run/pulse:/bin/false
rtkit:x:118:126:RealtimeKit,,,:/proc:/bin/false
saned:x:119:127::/var/lib/saned:/bin/false
usbmux:x:120:46:usbmux daemon,,,:/var/lib/usbmux:/bin/false
student:x:1000:1000:student,,,:/home/student:/bin/bash
sshd:x:121:65534::/var/run/sshd:/usr/sbin/nologin
guest-8siewu:x:999:999:Guest:/tmp/guest-8siewu:/bin/bash
guest-jpi9w0:x:998:998:Guest:/tmp/guest-jpi9w0:/bin/bash
guest-zatws7:x:997:997:Guest:/tmp/guest-zatws7:/bin/bash
mysql:x:996:1001::/home/mysql:
guest-ph2lhd:x:995:995:Guest:/tmp/guest-ph2lhd:/bin/bash
hduster:x:1001:1002::/home/hduster:/bin/bash
hduser:x:1002:1002:,,,:/home/hduser:/bin/bash
mongodb:x:122:65534::/home/mongodb:/bin/false
guest-jmnjhy:x:994:994:Guest:/tmp/guest-jmnjhy:/bin/bash
guest-rc2wf1:x:993:993:Guest:/tmp/guest-rc2wf1:/bin/bash
guest-gzbx5a:x:992:992:Guest:/tmp/guest-gzbx5a:/bin/bash
guest-rnjihp:x:991:991:Guest:/tmp/guest-rnjihp:/bin/bash
guest-p2zilx:x:989:989:Guest:/tmp/guest-p2zilx:/bin/bash
guest-rtre5k:x:990:990:Guest:/tmp/guest-rtre5k:/bin/bash
guest-td4bpv:x:988:988:Guest:/tmp/guest-td4bpv:/bin/bash
guest-gyc18p:x:987:987:Guest:/tmp/guest-gyc18p:/bin/bash
guest-qasomc:x:986:986:Guest:/tmp/guest-qasomc:/bin/bash
guest-2zrisn:x:985:985:Guest:/tmp/guest-2zrisn:/bin/bash
guest-kcwgpq:x:984:984:Guest:/tmp/guest-kcwgpq:/bin/bash
guest-e91fdv:x:983:983:Guest:/tmp/guest-e91fdv:/bin/bash
guest-j4ests:x:982:982:Guest:/tmp/guest-j4ests:/bin/bash
guest-4jaih5:x:981:981:Guest:/tmp/guest-4jaih5:/bin/bash
guest-cz9d9a:x:980:980:Guest:/tmp/guest-cz9d9a:/bin/bash
guest-wvs0hf:x:979:979:Guest:/tmp/guest-wvs0hf:/bin/bash
user1:x:1007:1007:Ankit Chuadhari,608,343434343434,43434343434:/home/user1:/bin/bash
user2:x:1008:1008:sankalpa,444,2323232323232,3223333455:/home/user2:/bin/bash
user3:x:1009:1009:Jafar,4000,767676767676767,6767777645454545:/home/user3:/bin/bash
(base) student@DBDA-R10:~/company$ switch user
No command 'switch' found, did you mean:
 Command 'swatch' from package 'swatch' (universe)
 Command 'kswitch' from package 'heimdal-clients' (universe)
 Command 'kswitch' from package 'krb5-user' (universe)
 Command 'sqitch' from package 'sqitch' (universe)
switch: command not found
(base) student@DBDA-R10:~/company$ switch user jafar
No command 'switch' found, did you mean:
 Command 'swatch' from package 'swatch' (universe)
 Command 'kswitch' from package 'heimdal-clients' (universe)
 Command 'kswitch' from package 'krb5-user' (universe)
 Command 'sqitch' from package 'sqitch' (universe)
switch: command not found
(base) student@DBDA-R10:~/company$ su jafar
No passwd entry for user 'jafar'
(base) student@DBDA-R10:~/company$ su Jafar
No passwd entry for user 'Jafar'
(base) student@DBDA-R10:~/company$ su saurabhr
No passwd entry for user 'saurabhr'
(base) student@DBDA-R10:~/company$ sudo su saurabhr
No passwd entry for user 'saurabhr'
(base) student@DBDA-R10:~/company$ sudo su Jafar
No passwd entry for user 'Jafar'
(base) student@DBDA-R10:~/company$  su user1
Password: 
user1@DBDA-R10:/home/student/company$ su student
Password: 
(base) student@DBDA-R10:~/company$ sudo adduser Jafar
adduser: Please enter a username matching the regular expression configured
via the NAME_REGEX[_SYSTEM] configuration variable.  Use the `--force-badname'
option to relax this check or reconfigure NAME_REGEX.
(base) student@DBDA-R10:~/company$ sudo adduser JAFAR
adduser: Please enter a username matching the regular expression configured
via the NAME_REGEX[_SYSTEM] configuration variable.  Use the `--force-badname'
option to relax this check or reconfigure NAME_REGEX.
(base) student@DBDA-R10:~/company$ sudo adduser user4
Adding user `user4' ...
Adding new group `user4' (1003) ...
Adding new user `user4' (1003) with group `user4' ...
Creating home directory `/home/user4' ...
Copying files from `/etc/skel' ...
Enter new UNIX password: 
Retype new UNIX password: 
passwd: password updated successfully
Changing the user information for user4
Enter the new value, or press ENTER for the default
	Full Name []: 
	Room Number []: 
	Work Phone []: 
	Home Phone []: 
	Other []: 
Is the information correct? [Y/n] 
(base) student@DBDA-R10:~/company$ sudo adduser jafar
Adding user `jafar' ...
Adding new group `jafar' (1004) ...
Adding new user `jafar' (1004) with group `jafar' ...
Creating home directory `/home/jafar' ...
Copying files from `/etc/skel' ...
Enter new UNIX password: 
Retype new UNIX password: 
Sorry, passwords do not match
passwd: Authentication token manipulation error
passwd: password unchanged
Try again? [y/N] 
Changing the user information for jafar
Enter the new value, or press ENTER for the default
	Full Name []: 
	Room Number []: 
	Work Phone []: 
	Home Phone []: 
	Other []: 
Is the information correct? [Y/n] n
Changing the user information for jafar
Enter the new value, or press ENTER for the default
	Full Name []: ^Z
[1]+  Stopped                 sudo adduser jafar
(base) student@DBDA-R10:~/company$ sudo adduser prahsant
Adding user `prahsant' ...
Adding new group `prahsant' (1005) ...
Adding new user `prahsant' (1005) with group `prahsant' ...
Creating home directory `/home/prahsant' ...
Copying files from `/etc/skel' ...
Enter new UNIX password: 
[2]+  Stopped                 sudo adduser prahsant
(base) student@DBDA-R10:~/company$ 
Retype new UNIX password: 
(base) student@DBDA-R10:~/company$ 
(base) student@DBDA-R10:~/company$ 
(base) student@DBDA-R10:~/company$ 
(base) student@DBDA-R10:~/company$ 
(base) student@DBDA-R10:~/company$ 
(base) student@DBDA-R10:~/company$ sudo adduser Prashant
adduser: Please enter a username matching the regular expression configured
via the NAME_REGEX[_SYSTEM] configuration variable.  Use the `--force-badname'
option to relax this check or reconfigure NAME_REGEX.
(base) student@DBDA-R10:~/company$ su user2
Password: 
user2@DBDA-R10:/home/student/company$ su student
Password: 
(base) student@DBDA-R10:~/company$ 



----------------------------------------------------------------------------------------
SESSION 2


(base) student@DBDA-R10:~$ ls
190243025020_MandlikMrunal   histogram.py                  s1
190243025020_Mrunal_Mandlik  javaclasses                   s{12345}
afiedt.buf                   javaprogs                     s2
anaconda3                    java revision                 s3
Assignment1_Mymovies.py      java revision.zip             s4
bigdata                      kafka_2.12-2.2.0              s5
big dataJ                    kiran                         Samrudhi Borade 190243025006
class demos                  Lab Assignments.pdf           Samrudhi Borade 190243025006.zip
class demos.zip              list_rem_postion.py           seethisfile.txt
ClassificationModel.py       marks.csv                     seethisfile.txt.save
company                      mongo-java-driver-3.11.0.jar  setnamesdemo.py
dataset_retaurants.json      Music                         Softwares
DataTree.java                nltk_data                     sql
Deepa_Project                office                        swarnil
Desktop                      OperatorExample.class         tables.json
Documents                    oracle26march.lst             Templates
Downloads                    Oracle Assignments            testing.java
dumps                        oradiag_student               untitled_1.ods
emp.json                     Pictures                      Untitled%20DOCX%20文档.docx_1.odt
examples.desktop             plot_zoom_png                 Untitled DOCX 文档.docx
Exam_Workspace               Practice.json                 Untitled.ipynb
file1                        Public                        Videos
file2                        Python-lesson-1.pdf           VirtualBox VMs
GAMES.JSON                   que4.sh                       what.txt
getquiz                      R                             WIN8.1_VM
hgasdvshvbj                  Rplot.jpeg                    y
(base) student@DBDA-R10:~$ groupadd
Usage: groupadd [options] GROUP

Options:
  -f, --force                   exit successfully if the group already exists,
                                and cancel -g if the GID is already used
  -g, --gid GID                 use GID for the new group
  -h, --help                    display this help message and exit
  -K, --key KEY=VALUE           override /etc/login.defs defaults
  -o, --non-unique              allow to create groups with duplicate
                                (non-unique) GID
  -p, --password PASSWORD       use this encrypted password for the new group
  -r, --system                  create a system account
  -R, --root CHROOT_DIR         directory to chroot into
      --extrausers              Use the extra users database

(base) student@DBDA-R10:~$ sudo apt-get install gnome-system-tools
[sudo] password for student: 
Reading package lists... Done
Building dependency tree       
Reading state information... Done
The following additional packages will be installed:
  liboobs-1-5 system-tools-backends
Suggested packages:
  ntp gnome-control-center
The following NEW packages will be installed:
  gnome-system-tools liboobs-1-5 system-tools-backends
0 upgraded, 3 newly installed, 0 to remove and 113 not upgraded.
Need to get 3,876 kB of archives.
After this operation, 11.7 MB of additional disk space will be used.
Do you want to continue? [Y/n] y
Get:1 http://in.archive.ubuntu.com/ubuntu xenial/universe amd64 system-tools-backends amd64 2.10.2-2 [107 kB]
Get:2 http://in.archive.ubuntu.com/ubuntu xenial/universe amd64 liboobs-1-5 amd64 3.0.0-2 [59.7 kB]                   
Get:3 http://in.archive.ubuntu.com/ubuntu xenial/universe amd64 gnome-system-tools amd64 3.0.0-4ubuntu2 [3,710 kB]    
Fetched 3,876 kB in 1min 25s (45.6 kB/s)                                                                              
Selecting previously unselected package system-tools-backends.
(Reading database ... 207652 files and directories currently installed.)
Preparing to unpack .../system-tools-backends_2.10.2-2_amd64.deb ...
Unpacking system-tools-backends (2.10.2-2) ...
Selecting previously unselected package liboobs-1-5.
Preparing to unpack .../liboobs-1-5_3.0.0-2_amd64.deb ...
Unpacking liboobs-1-5 (3.0.0-2) ...
Selecting previously unselected package gnome-system-tools.
Preparing to unpack .../gnome-system-tools_3.0.0-4ubuntu2_amd64.deb ...
Unpacking gnome-system-tools (3.0.0-4ubuntu2) ...
Processing triggers for dbus (1.10.6-1ubuntu3.4) ...
Processing triggers for man-db (2.7.5-1) ...
Processing triggers for libglib2.0-0:amd64 (2.48.2-0ubuntu4.4) ...
Processing triggers for hicolor-icon-theme (0.15-0ubuntu1.1) ...
Processing triggers for desktop-file-utils (0.22-1ubuntu5.2) ...
Processing triggers for bamfdaemon (0.5.3~bzr0+16.04.20180209-0ubuntu1) ...
Rebuilding /usr/share/applications/bamf-2.index...
Processing triggers for gnome-menus (3.13.3-6ubuntu3.1) ...
Processing triggers for mime-support (3.59ubuntu1) ...
Setting up system-tools-backends (2.10.2-2) ...
Setting up liboobs-1-5 (3.0.0-2) ...
Setting up gnome-system-tools (3.0.0-4ubuntu2) ...
Processing triggers for dbus (1.10.6-1ubuntu3.4) ...
Processing triggers for libc-bin (2.23-0ubuntu11) ...
(base) student@DBDA-R10:~$ users -admin
users: invalid option -- 'a'
Try 'users --help' for more information.
(base) student@DBDA-R10:~$ users-admin

(users-admin:12796): dconf-WARNING **: unable to open file '/etc/dconf/db/site': Failed to open file '/etc/dconf/db/site': open() failed: No such file or directory; expect degraded performance
Gtk-Message: GtkDialog mapped without a transient parent. This is discouraged.
(base) student@DBDA-R10:~$ users-admin

(users-admin:13114): dconf-WARNING **: unable to open file '/etc/dconf/db/site': Failed to open file '/etc/dconf/db/site': open() failed: No such file or directory; expect degraded performance
Gtk-Message: GtkDialog mapped without a transient parent. This is discouraged.
(base) student@DBDA-R10:~$ sudo addgroup
addgroup: Only one or two names allowed.
(base) student@DBDA-R10:~$ sudo addgroup engg
Adding group `engg' (GID 1006) ...
Done.
(base) student@DBDA-R10:~$ users-admin

(users-admin:13437): dconf-WARNING **: unable to open file '/etc/dconf/db/site': Failed to open file '/etc/dconf/db/site': open() failed: No such file or directory; expect degraded performance
Gtk-Message: GtkDialog mapped without a transient parent. This is discouraged.
(base) student@DBDA-R10:~$ ls
190243025020_MandlikMrunal   histogram.py                  s1
190243025020_Mrunal_Mandlik  javaclasses                   s{12345}
afiedt.buf                   javaprogs                     s2
anaconda3                    java revision                 s3
Assignment1_Mymovies.py      java revision.zip             s4
bigdata                      kafka_2.12-2.2.0              s5
big dataJ                    kiran                         Samrudhi Borade 190243025006
class demos                  Lab Assignments.pdf           Samrudhi Borade 190243025006.zip
class demos.zip              list_rem_postion.py           seethisfile.txt
ClassificationModel.py       marks.csv                     seethisfile.txt.save
company                      mongo-java-driver-3.11.0.jar  setnamesdemo.py
dataset_retaurants.json      Music                         Softwares
DataTree.java                nltk_data                     sql
Deepa_Project                office                        swarnil
Desktop                      OperatorExample.class         tables.json
Documents                    oracle26march.lst             Templates
Downloads                    Oracle Assignments            testing.java
dumps                        oradiag_student               untitled_1.ods
emp.json                     Pictures                      Untitled%20DOCX%20文档.docx_1.odt
examples.desktop             plot_zoom_png                 Untitled DOCX 文档.docx
Exam_Workspace               Practice.json                 Untitled.ipynb
file1                        Public                        Videos
file2                        Python-lesson-1.pdf           VirtualBox VMs
GAMES.JSON                   que4.sh                       what.txt
getquiz                      R                             WIN8.1_VM
hgasdvshvbj                  Rplot.jpeg                    y



------------------------------------------------------------------------------------------
SHELL SCRIPTS START!

(base) student@DBDA-R10:~$ mkdir scripts
(base) student@DBDA-R10:~$ ls
190243025020_MandlikMrunal   javaclasses                   s2
190243025020_Mrunal_Mandlik  javaprogs                     s3
afiedt.buf                   java revision                 s4
anaconda3                    java revision.zip             s5
Assignment1_Mymovies.py      kafka_2.12-2.2.0              Samrudhi Borade 190243025006
bigdata                      kiran                         Samrudhi Borade 190243025006.zip
big dataJ                    Lab Assignments.pdf           scripts
class demos                  list_rem_postion.py           seethisfile.txt
class demos.zip              marks.csv                     seethisfile.txt.save
ClassificationModel.py       mongo-java-driver-3.11.0.jar  setnamesdemo.py
company                      Music                         Softwares
dataset_retaurants.json      nltk_data                     sql
DataTree.java                office                        swarnil
Deepa_Project                OperatorExample.class         tables.json
Desktop                      oracle26march.lst             Templates
Documents                    Oracle Assignments            testing.java
Downloads                    oradiag_student               untitled_1.ods
dumps                        Pictures                      Untitled%20DOCX%20文档.docx_1.odt
emp.json                     plot_zoom_png                 Untitled DOCX 文档.docx
examples.desktop             Practice.json                 Untitled.ipynb
Exam_Workspace               Public                        Videos
file1                        Python-lesson-1.pdf           VirtualBox VMs
file2                        que4.sh                       what.txt
GAMES.JSON                   R                             WIN8.1_VM
getquiz                      Rplot.jpeg                    y
hgasdvshvbj                  s1
histogram.py                 s{12345}
(base) student@DBDA-R10:~$ mkdir scripts
mkdir: cannot create directory ‘scripts’: File exists
(base) student@DBDA-R10:~$ cd scripts
(base) student@DBDA-R10:~/scripts$ ls
(base) student@DBDA-R10:~/scripts$ nano hello.sh
(base) student@DBDA-R10:~/scripts$ ls
hello.sh
(base) student@DBDA-R10:~/scripts$ ./hello.sh
bash: ./hello.sh: Permission denied
(base) student@DBDA-R10:~/scripts$ 
(base) student@DBDA-R10:~/scripts$ bash hello.sh
Welcome to Shell scripting
Hello Linux
(base) student@DBDA-R10:~/scripts$ cat hello.sh
#!/bin/bash
echo "Welcome to Shell scripting"
echo "Hello Linux"
(base) student@DBDA-R10:~/scripts$ man chmod
(base) student@DBDA-R10:~/scripts$ man chmod
(base) student@DBDA-R10:~/scripts$ chmod 777 hello.sh
(base) student@DBDA-R10:~/scripts$ ./hello.sh
Welcome to Shell scripting
Hello Linux
(base) student@DBDA-R10:~/scripts$ chmod 7 hello.sh
(base) student@DBDA-R10:~/scripts$ ./hello.sh
bash: ./hello.sh: Permission denied
(base) student@DBDA-R10:~/scripts$ chmod 777 hello.sh
(base) student@DBDA-R10:~/scripts$ ./hello.sh
Welcome to Shell scripting
Hello Linux
(base) student@DBDA-R10:~/scripts$ man chmod
(base) student@DBDA-R10:~/scripts$ chmod +x  hello.sh
(base) student@DBDA-R10:~/scripts$ ./hello.sh
Welcome to Shell scripting
Hello Linux
(base) student@DBDA-R10:~/scripts$ nano hello.sh
(base) student@DBDA-R10:~/scripts$ ./hello.sh
Welcome to Shell scripting
Hello Linux
Current user  
(base) student@DBDA-R10:~/scripts$ nano hello.sh
(base) student@DBDA-R10:~/scripts$ ./hello.sh
Welcome to Shell scripting
Hello Linux
Current user
(base) student@DBDA-R10:~/scripts$ nano hello.sh
(base) student@DBDA-R10:~/scripts$ ./hello.sh
Welcome to Shell scripting
Hello Linux
Current user echo
(base) student@DBDA-R10:~/scripts$ nano hello.sh
(base) student@DBDA-R10:~/scripts$ ./hello.sh
Welcome to Shell scripting
Hello Linux
45
Current user = 45
(base) student@DBDA-R10:~/scripts$ nano hello.sh
(base) student@DBDA-R10:~/scripts$ cat hello.sh
#!/bin/bash
echo "Welcome to Shell scripting"
echo "Hello Linux"
read count 
echo "Current user = $count" 

echo "$(whoami) !!!!!!! yay"


(base) student@DBDA-R10:~/scripts$ ./hello.sh
Welcome to Shell scripting
Hello Linux
40
Current user = 40
student !!!!!!! yay
(base) student@DBDA-R10:~/scripts$ nano hello.sh
(base) student@DBDA-R10:~/scripts$ ./hello.sh
Welcome to Shell scripting
Hello Linux
45
Current user = 45
student !!!!!!! yay
Operating System is  Linux !!!!!!!!
(base) student@DBDA-R10:~/scripts$ cat hello.sh
#!/bin/bash
echo "Welcome to Shell scripting"
echo "Hello Linux"
read count 
echo "Current user = $count" 

echo "$(whoami) !!!!!!! yay"
echo "Operating System is  $(uname) !!!!!!!!"


(base) student@DBDA-R10:~/scripts$ nano hello.sh
(base) student@DBDA-R10:~/scripts$ ./hello.sh
Welcome to Shell scripting
Hello Linux
30
Current user = 30
student !!!!!!! yay
Operating System is  Linux !!!!!!!!
./hello.sh: line 10: echoHost is : DBDA-R10: command not found
(base) student@DBDA-R10:~/scripts$ nano hello.sh
(base) student@DBDA-R10:~/scripts$ hostname
DBDA-R10
(base) student@DBDA-R10:~/scripts$ ./hello.sh
Welcome to Shell scripting
Hello Linux
10
Current user = 10
student !!!!!!! yay
Operating System is  Linux !!!!!!!!
./hello.sh: line 10: echoHost is : DBDA-R10: command not found
(base) student@DBDA-R10:~/scripts$ nano hello.sh
(base) student@DBDA-R10:~/scripts$ ./hello.sh
Welcome to Shell scripting
Hello Linux
45
Current user = 45
student !!!!!!! yay
Operating System is  Linux !!!!!!!!
./hello.sh: line 10: echo (): command not found
(base) student@DBDA-R10:~/scripts$ nano hello.sh
(base) student@DBDA-R10:~/scripts$ ./hello.sh
Welcome to Shell scripting
Hello Linux
10
Current user = 10
student !!!!!!! yay
Operating System is  Linux !!!!!!!!
()
(base) student@DBDA-R10:~/scripts$ nano hello.sh
(base) student@DBDA-R10:~/scripts$ ./hello.sh
Welcome to Shell scripting
Hello Linux
12
Current user = 12
student !!!!!!! yay
Operating System is  Linux !!!!!!!!

(base) student@DBDA-R10:~/scripts$ nano hello.sh
(base) student@DBDA-R10:~/scripts$ ./hello.sh
Welcome to Shell scripting
Hello Linux
10
Current user = 10
student !!!!!!! yay
Operating System is  Linux !!!!!!!!
DBDA-R10
(base) student@DBDA-R10:~/scripts$ nano hello.sh
(base) student@DBDA-R10:~/scripts$ ./hello.sh
Welcome to Shell scripting
Hello Linux
11
Current user = 11
student !!!!!!! yay
Operating System is  Linux !!!!!!!!
host DBDA-R10
(base) student@DBDA-R10:~/scripts$ nano hello.sh
(base) student@DBDA-R10:~/scripts$ nano hello.sh
(base) student@DBDA-R10:~/scripts$ 










(base) student@DBDA-R10:~/scripts$ nano hello.sh
(base) student@DBDA-R10:~/scripts$ ./hello.sh
Welcome to Shell scripting
Hello Linux
145
Current user = 145
student !!!!!!! yay
Operating System is  Linux !!!!!!!!
host DBDA-R10
result = 100
(base) student@DBDA-R10:~/scripts$ vi hello.sh
(base) student@DBDA-R10:~/scripts$ ./hello.sh
Welcome to Shell scripting
Hello Linux
45
Current user = 45
student !!!!!!! yay
Operating System is  Linux !!!!!!!!
host DBDA-R10
Added new line!!!!!!!!!!!
result = 100
(base) student@DBDA-R10:~/scripts$ ls
hello.sh
(base) student@DBDA-R10:~/scripts$ touch linux.sh
(base) student@DBDA-R10:~/scripts$ vi linux.sh
(base) student@DBDA-R10:~/scripts$ rm linux.sh
(base) student@DBDA-R10:~/scripts$ ls
hello.sh
(base) student@DBDA-R10:~/scripts$ touch linux.txt
(base) student@DBDA-R10:~/scripts$ vi linux.txt
(base) student@DBDA-R10:~/scripts$ cat linux.txt
Linux is an open source operating system.
It has been developed over Unix OS by Linus Torvalds.
Linux has many flavours such as Ubuntu,RedHat etc.





(base) student@DBDA-R10:~/scripts$ vi linux.txt
(base) student@DBDA-R10:~/scripts$ vi linux.txt
(base) student@DBDA-R10:~/scripts$ cat linux.txt
Linux is an open source operating system.
It has been developed over Unix OS by Linus Torvalds.
The famous linux flavour used is centOs.
This is a test line to add more data. bye






(base) student@DBDA-R10:~/scripts$ vi linux.txt
(base) student@DBDA-R10:~/scripts$ cat linux.txt
LINUX is an open source operating system.
It has been developed over Unix OS by Linus Torvalds.
The famous linux flavour used is centOs.
This is a test line to add more data. bye






(base) student@DBDA-R10:~/scripts$ vi linux.txt
(base) student@DBDA-R10:~/scripts$ vi linux.txt
(base) student@DBDA-R10:~/scripts$ vi linux.txt
(base) student@DBDA-R10:~/scripts$ vi linux.txt
(base) student@DBDA-R10:~/scripts$ vi linux.txt
(base) student@DBDA-R10:~/scripts$ cat hello.sh
#!/bin/bash
echo "Welcome to Shell scripting"
echo "Hello Linux"
read count 
echo "Current user = $count" 

echo "$(whoami) !!!!!!! yay"
echo "Operating System is  $(uname) !!!!!!!!"

echo "host $(hostname)"
echo "Added new line!!!!!!!!!!!"

# mathematical expression

((sum = 34+66))

#show result 
echo "result = $sum"
#
:this is a simple script
:this is a second line
#(base) student@DBDA-R10:~/scripts$ ./hello.sh
Welcome to Shell scripting
Hello Linux
45
Current user = 45
student !!!!!!! yay
Operating System is  Linux !!!!!!!!
host DBDA-R10
Added new line!!!!!!!!!!!
result = 100
./hello.sh: line 20: :this: command not found
./hello.sh: line 21: :this: command not found
(base) student@DBDA-R10:~/scripts$ cat hello.sh
#!/bin/bash
echo "Welcome to Shell scripting"
echo "Hello Linux"
read count 
echo "Current user = $count" 

echo "$(whoami) !!!!!!! yay"
echo "Operating System is  $(uname) !!!!!!!!"

echo "host $(hostname)"
echo "Added new line!!!!!!!!!!!"

# mathematical expression

((sum = 34+66))

#show result 
echo "result = $sum"

this is a simple script
this is a second line
(base) student@DBDA-R10:~/scripts$ vi hello.sh
(base) student@DBDA-R10:~/scripts$ 
(base) student@DBDA-R10:~/scripts$ cat hello.sh
#!/bin/bash
echo "Welcome to Shell scripting"
echo "Hello Linux"
read count 
echo "Current user = $count" 

echo "$(whoami) !!!!!!! yay"
echo "Operating System is  $(uname) !!!!!!!!"

echo "host $(hostname)"
echo "Added new line!!!!!!!!!!!"

# mathematical expression

((sum = 34+66))

#show result 
echo "result = $sum"

this is a simple script
this is a second line

(base) student@DBDA-R10:~/scripts$ nano hello.sh
(base) student@DBDA-R10:~/scripts$ cat hello.sj
cat: hello.sj: No such file or directory
(base) student@DBDA-R10:~/scripts$ cat hello.sh
#!/bin/bash
echo "Welcome to Shell scripting"
echo "Hello Linux"
read count 
echo "Current user = $count" 

echo "$(whoami) !!!!!!! yay"
echo "Operating System is  $(uname) !!!!!!!!"

echo "host $(hostname)"
echo "Added new line!!!!!!!!!!!"

# mathematical expression

((sum = 34+66))

#show result 
echo "result = $sum"
:'
this is a simple script
this is a second line
'
(base) student@DBDA-R10:~/scripts$ ./hello.sh
Welcome to Shell scripting
Hello Linux
10
Current user = 10
student !!!!!!! yay
Operating System is  Linux !!!!!!!!
host DBDA-R10
Added new line!!!!!!!!!!!
result = 100
./hello.sh: line 22: $':\nthis is a simple script\nthis is a second line\n': command not found
(base) student@DBDA-R10:~/scripts$ nano hello.sh
(base) student@DBDA-R10:~/scripts$ ./hello.sh
Welcome to Shell scripting
Hello Linux
1
Current user = 1
student !!!!!!! yay
Operating System is  Linux !!!!!!!!
host DBDA-R10
Added new line!!!!!!!!!!!
result = 100
(base) student@DBDA-R10:~/scripts$ cat hello.sh
#!/bin/bash
echo "Welcome to Shell scripting"
echo "Hello Linux"
read count 
echo "Current user = $count" 

echo "$(whoami) !!!!!!! yay"
echo "Operating System is  $(uname) !!!!!!!!"

echo "host $(hostname)"
echo "Added new line!!!!!!!!!!!"

# mathematical expression

((sum = 34+66))

#show result 
echo "result = $sum"
<<comment
this is a simple script
this is a second line
comment
(base) student@DBDA-R10:~/scripts$ ./hello.sh
Welcome to Shell scripting
Hello Linux
9
Current user = 9
student !!!!!!! yay
Operating System is  Linux !!!!!!!!
host DBDA-R10
Added new line!!!!!!!!!!!
result = 100
(base) student@DBDA-R10:~/scripts$ nano hello.sh
(base) student@DBDA-R10:~/scripts$ ./hello.sh
Welcome to Shell scripting
Hello Linux
45
Current user = 45
student !!!!!!! yay
Operating System is  Linux !!!!!!!!
host DBDA-R10
Added new line!!!!!!!!!!!
result = 100
(base) student@DBDA-R10:~/scripts$ nano hello.sh
(base) student@DBDA-R10:~/scripts$ 
(base) student@DBDA-R10:~/scripts$ ./hello.sh
Welcome to Shell scripting
Hello Linux
45
Current user = 45
student !!!!!!! yay
Operating System is  Linux !!!!!!!!
host DBDA-R10
Added new line!!!!!!!!!!!
Enter number 1
45
45
Enter number 2
45
45
result=90
(base) student@DBDA-R10:~/scripts$ ./hello.sh
Welcome to Shell scripting
Hello Linux
55
Current user = 55
student !!!!!!! yay
Operating System is  Linux !!!!!!!!
host DBDA-R10
Added new line!!!!!!!!!!!
Enter number 1
50
 Number 1 is 50
Enter number 2
25
 Number 2 is 25
result=75
(base) student@DBDA-R10:~/scripts$ ./hello.sh
Welcome to Shell scripting
Hello Linux
45
Current user = 45
student !!!!!!! yay
Operating System is  Linux !!!!!!!!
host DBDA-R10
Added new line!!!!!!!!!!!
Enter number 1
45
 Number 1 is 45
Enter number 2
45
 Number 2 is 45
result=90
hello.sh
linux.txt
r1.txt
(base) student@DBDA-R10:~/scripts$ ls
hello.sh  linux.txt  r1.txt
(base) student@DBDA-R10:~/scripts$ cat r1.txt
hello.sh
linux.txt
r1.txt
(base) student@DBDA-R10:~/scripts$ ls
hello.sh  linux.txt  r1.txt
(base) student@DBDA-R10:~/scripts$ touch r2.txt r3.txt
(base) student@DBDA-R10:~/scripts$ ls
hello.sh  linux.txt  r1.txt  r2.txt  r3.txt
(base) student@DBDA-R10:~/scripts$ nano r2.txt
(base) student@DBDA-R10:~/scripts$ nano r3.txt
(base) student@DBDA-R10:~/scripts$ ./hello.sh
Welcome to Shell scripting
Hello Linux
1
Current user = 1
student !!!!!!! yay
Operating System is  Linux !!!!!!!!
host DBDA-R10
Added new line!!!!!!!!!!!
Enter number 1
1
 Number 1 is 1
Enter number 2
1
 Number 2 is 1
result=2
hello.sh
linux.txt
r1.txt
hello.sh
linux.txt
r1.txt
r2.txt
r3.txt
dsgusgdusgdysgdusgdugsudgsudh
'lkoopl[
;ll;p,p,p;[.l
smhgdysg,am,.m
SLa;komo,
(base) student@DBDA-R10:~/scripts$ cat r2.txt
dsgusgdusgdysgdusgdugsudgsudh
'lkoopl[
;ll;p,p,p;[.l
(base) student@DBDA-R10:~/scripts$ ./hello.sh
Welcome to Shell scripting
Hello Linux
45
Current user = 45
student !!!!!!! yay
Operating System is  Linux !!!!!!!!
host DBDA-R10
Added new line!!!!!!!!!!!
Enter number 1
45
 Number 1 is 45
Enter number 2
45
 Number 2 is 45
result=90
hello.sh
linux.txt
r1.txt
hello.sh
linux.txt
r1.txt
r2.txt
r3.txt
hello.sh
linux.txt
r1.txt
r2.txt
r3.txt
r4.txt
dsgusgdusgdysgdusgdugsudgsudh
'lkoopl[
;ll;p,p,p;[.l
smhgdysg,am,.m
SLa;komo,
dsgusgdusgdysgdusgdugsudgsudh
'lkoopl[
;ll;p,p,p;[.l
smhgdysg,am,.m
SLa;komo,
dsgusgdusgdysgdusgdugsudgsudh
'lkoopl[
;ll;p,p,p;[.l
#!/bin/bash
echo "Welcome to Shell scripting"
echo "Hello Linux"
read count 
echo "Current user = $count" 

echo "$(whoami) !!!!!!! yay"
echo "Operating System is  $(uname) !!!!!!!!"

echo "host $(hostname)"
echo "Added new line!!!!!!!!!!!"
echo "Enter number 1"
read c1
echo " Number 1 is $c1"


echo "Enter number 2"
read c2
echo " Number 2 is $c2"

((sum1= $c1+ $c2))

echo "result=$sum1"

ls>>r1.txt
cat r1.txt


cat r2.txt r3.txt >> r4.txt
cat r4.txt
 cat  r2.txt hello.sh >> r5.txt
 cat r5.txt 



# mathematical expression

#((sum = 34+66))

#show result 
#echo "result = $sum"
<<c
this is a simple script
this is a second line
c
(base) student@DBDA-R10:~/scripts$ 



